127.0.0.1 - - [03/Dec/2018:00:20:34 -0200] "POST /juddiv3/services/inquiry HTTP/1.1" 200 895
127.0.0.1 - - [03/Dec/2018:00:20:35 -0200] "POST /juddiv3/services/inquiry HTTP/1.1" 200 1240
127.0.0.1 - - [03/Dec/2018:00:20:36 -0200] "POST /juddiv3/services/inquiry HTTP/1.1" 200 884
127.0.0.1 - - [03/Dec/2018:00:20:36 -0200] "POST /juddiv3/services/inquiry HTTP/1.1" 200 878
127.0.0.1 - - [03/Dec/2018:00:20:36 -0200] "POST /juddiv3/services/inquiry HTTP/1.1" 200 1181
127.0.0.1 - - [03/Dec/2018:00:20:36 -0200] "POST /juddiv3/services/inquiry HTTP/1.1" 200 1222
127.0.0.1 - - [03/Dec/2018:00:20:40 -0200] "POST /juddiv3/services/inquiry HTTP/1.1" 200 923
127.0.0.1 - - [03/Dec/2018:00:20:41 -0200] "POST /juddiv3/services/inquiry HTTP/1.1" 200 3008
0:0:0:0:0:0:0:1 - - [03/Dec/2018:00:24:14 -0200] "GET /juddi-gui HTTP/1.1" 302 -
0:0:0:0:0:0:0:1 - - [03/Dec/2018:00:24:18 -0200] "GET /juddi-gui/ HTTP/1.1" 302 -
0:0:0:0:0:0:0:1 - - [03/Dec/2018:00:24:26 -0200] "GET /juddi-gui/home.jsp HTTP/1.1" 200 20950
0:0:0:0:0:0:0:1 - - [03/Dec/2018:00:24:27 -0200] "GET /juddi-gui/js/i18n.js.jsp HTTP/1.1" 200 3457
127.0.0.1 - - [03/Dec/2018:00:24:39 -0200] "POST /juddiv3/services/security HTTP/1.1" 200 581
0:0:0:0:0:0:0:1 - - [03/Dec/2018:00:24:43 -0200] "POST /juddi-gui/ajax/loginpost.jsp HTTP/1.1" 200 18
0:0:0:0:0:0:0:1 - - [03/Dec/2018:00:24:44 -0200] "GET /juddi-gui/login.jsp HTTP/1.1" 200 942
0:0:0:0:0:0:0:1 - - [03/Dec/2018:00:25:02 -0200] "GET /juddi-gui/serviceBrowse.jsp HTTP/1.1" 200 21360
0:0:0:0:0:0:0:1 - - [03/Dec/2018:00:25:02 -0200] "GET /juddi-gui/js/i18n.js.jsp HTTP/1.1" 200 3457
127.0.0.1 - - [03/Dec/2018:00:25:03 -0200] "POST /juddiv3/services/inquiry HTTP/1.1" 200 4356
0:0:0:0:0:0:0:1 - - [03/Dec/2018:00:25:03 -0200] "GET /juddi-gui/ajax/servicesearch.jsp?keyword=%25&offset=%5Bobject%20HTMLSpanElement%5D&maxrecords=20&lang=&_=1543803902381 HTTP/1.1" 200 7973
127.0.0.1 - - [03/Dec/2018:00:28:05 -0200] "POST /juddiv3/services/inquiry HTTP/1.1" 200 1240
0:0:0:0:0:0:0:1 - - [03/Dec/2018:00:28:05 -0200] "GET /juddi-gui/serviceEditor.jsp?id=uddi:ws.homologacao.ufsc.br:service_cepservicerestservice HTTP/1.1" 200 43167
0:0:0:0:0:0:0:1 - - [03/Dec/2018:00:28:05 -0200] "GET /juddi-gui/js/i18n.js.jsp HTTP/1.1" 200 3457
127.0.0.1 - - [03/Dec/2018:00:28:06 -0200] "POST /juddiv3/services/inquiry HTTP/1.1" 200 937
0:0:0:0:0:0:0:1 - - [03/Dec/2018:00:28:06 -0200] "GET /juddi-gui/ajax/opInfo.jsp?id=uddi:ws.homologacao.ufsc.br:service_cepservicerestservice HTTP/1.1" 200 447
127.0.0.1 - - [03/Dec/2018:00:28:06 -0200] "POST /juddiv3/services/inquiry HTTP/1.1" 200 3049
0:0:0:0:0:0:0:1 - - [03/Dec/2018:00:28:06 -0200] "GET /juddi-gui/ajax/tmodelsearch.jsp?keyword=%25&offset=0&maxrecords=10&lang=&chooser=undefined&_=1543804085516 HTTP/1.1" 200 2439
0:0:0:0:0:0:0:1 - - [03/Dec/2018:00:34:58 -0200] "GET /juddi-gui/businessBrowse.jsp HTTP/1.1" 200 21803
0:0:0:0:0:0:0:1 - - [03/Dec/2018:00:34:58 -0200] "GET /juddi-gui/js/i18n.js.jsp HTTP/1.1" 200 3457
127.0.0.1 - - [03/Dec/2018:00:34:59 -0200] "POST /juddiv3/services/inquiry HTTP/1.1" 200 4789
0:0:0:0:0:0:0:1 - - [03/Dec/2018:00:34:59 -0200] "GET /juddi-gui/ajax/businesssearch.jsp?keyword=%25&offset=0&maxrecords=20&lang=&_=1543804498746 HTTP/1.1" 200 1319
127.0.0.1 - - [03/Dec/2018:00:35:01 -0200] "POST /juddiv3/services/inquiry HTTP/1.1" 200 10211
0:0:0:0:0:0:0:1 - - [03/Dec/2018:00:35:01 -0200] "GET /juddi-gui/ajax/servicelist.jsp?id=uddi:das.ufsc.br:repository&_=1543804498747 HTTP/1.1" 200 727
127.0.0.1 - - [03/Dec/2018:01:15:36 -0200] "POST /juddiv3/services/inquiry HTTP/1.1" 200 10211
127.0.0.1 - - [03/Dec/2018:01:15:36 -0200] "POST /juddiv3/services/inquiry HTTP/1.1" 200 10211
0:0:0:0:0:0:0:1 - - [03/Dec/2018:01:15:36 -0200] "GET /juddi-gui/ajax/servicelist.jsp?id=uddi:das.ufsc.br:repository&_=1543804498748 HTTP/1.1" 200 727
0:0:0:0:0:0:0:1 - - [03/Dec/2018:01:15:36 -0200] "GET /juddi-gui/ajax/servicelist.jsp?id=uddi:das.ufsc.br:repository&_=1543804498749 HTTP/1.1" 200 727
127.0.0.1 - - [03/Dec/2018:01:49:22 -0200] "POST /juddiv3/services/inquiry HTTP/1.1" 200 10211
0:0:0:0:0:0:0:1 - - [03/Dec/2018:01:49:23 -0200] "GET /juddi-gui/ajax/servicelist.jsp?id=uddi:das.ufsc.br:repository&_=1543804498750 HTTP/1.1" 200 727
127.0.0.1 - - [03/Dec/2018:01:49:23 -0200] "POST /juddiv3/services/inquiry HTTP/1.1" 200 10211
0:0:0:0:0:0:0:1 - - [03/Dec/2018:01:49:23 -0200] "GET /juddi-gui/ajax/servicelist.jsp?id=uddi:das.ufsc.br:repository&_=1543804498751 HTTP/1.1" 200 727
127.0.0.1 - - [03/Dec/2018:01:49:27 -0200] "POST /juddiv3/services/inquiry HTTP/1.1" 200 10211
0:0:0:0:0:0:0:1 - - [03/Dec/2018:01:49:27 -0200] "GET /juddi-gui/ajax/servicelist.jsp?id=uddi:das.ufsc.br:repository&_=1543804498752 HTTP/1.1" 200 727
127.0.0.1 - - [03/Dec/2018:01:49:55 -0200] "POST /juddiv3/services/inquiry HTTP/1.1" 200 10211
0:0:0:0:0:0:0:1 - - [03/Dec/2018:01:49:55 -0200] "GET /juddi-gui/ajax/servicelist.jsp?id=uddi:das.ufsc.br:repository&_=1543804498753 HTTP/1.1" 200 727
0:0:0:0:0:0:0:1 - - [03/Dec/2018:01:49:57 -0200] "GET /juddi-gui/businessBrowse.jsp HTTP/1.1" 200 22009
0:0:0:0:0:0:0:1 - - [03/Dec/2018:01:49:57 -0200] "GET /juddi-gui/js/i18n.js.jsp HTTP/1.1" 200 3457
0:0:0:0:0:0:0:1 - - [03/Dec/2018:01:49:58 -0200] "GET /juddi-gui/favicon.ico HTTP/1.1" 200 766
127.0.0.1 - - [03/Dec/2018:01:49:58 -0200] "POST /juddiv3/services/inquiry HTTP/1.1" 200 4789
0:0:0:0:0:0:0:1 - - [03/Dec/2018:01:49:58 -0200] "GET /juddi-gui/ajax/businesssearch.jsp?keyword=%25&offset=0&maxrecords=20&lang=&_=1543808998247 HTTP/1.1" 200 1319
127.0.0.1 - - [03/Dec/2018:01:49:59 -0200] "POST /juddiv3/services/security HTTP/1.1" 200 581
0:0:0:0:0:0:0:1 - - [03/Dec/2018:01:49:59 -0200] "POST /juddi-gui/ajax/loginpost.jsp HTTP/1.1" 200 18
0:0:0:0:0:0:0:1 - - [03/Dec/2018:01:49:59 -0200] "GET /juddi-gui/login.jsp HTTP/1.1" 200 942
127.0.0.1 - - [03/Dec/2018:01:50:01 -0200] "POST /juddiv3/services/inquiry HTTP/1.1" 200 10211
0:0:0:0:0:0:0:1 - - [03/Dec/2018:01:50:01 -0200] "GET /juddi-gui/ajax/servicelist.jsp?id=uddi:das.ufsc.br:repository&_=1543808998248 HTTP/1.1" 200 727
127.0.0.1 - - [03/Dec/2018:01:50:04 -0200] "POST /juddiv3/services/inquiry HTTP/1.1" 200 3008
0:0:0:0:0:0:0:1 - - [03/Dec/2018:01:50:04 -0200] "GET /juddi-gui/serviceEditor.jsp?id=uddi:localhost:service_mastercardpaymentserviceservice HTTP/1.1" 200 46109
0:0:0:0:0:0:0:1 - - [03/Dec/2018:01:50:04 -0200] "GET /juddi-gui/js/i18n.js.jsp HTTP/1.1" 200 3457
127.0.0.1 - - [03/Dec/2018:01:50:04 -0200] "POST /juddiv3/services/inquiry HTTP/1.1" 200 934
0:0:0:0:0:0:0:1 - - [03/Dec/2018:01:50:04 -0200] "GET /juddi-gui/ajax/opInfo.jsp?id=uddi:localhost:service_mastercardpaymentserviceservice HTTP/1.1" 200 444
127.0.0.1 - - [03/Dec/2018:01:50:04 -0200] "POST /juddiv3/services/inquiry HTTP/1.1" 200 3049
0:0:0:0:0:0:0:1 - - [03/Dec/2018:01:50:04 -0200] "GET /juddi-gui/ajax/tmodelsearch.jsp?keyword=%25&offset=0&maxrecords=10&lang=&chooser=undefined&_=1543809004503 HTTP/1.1" 200 2439
0:0:0:0:0:0:0:1 - - [03/Dec/2018:01:50:32 -0200] "GET /juddi-gui/serviceBrowse.jsp HTTP/1.1" 200 21360
0:0:0:0:0:0:0:1 - - [03/Dec/2018:01:50:32 -0200] "GET /juddi-gui/js/i18n.js.jsp HTTP/1.1" 200 3457
127.0.0.1 - - [03/Dec/2018:01:50:32 -0200] "POST /juddiv3/services/inquiry HTTP/1.1" 200 4356
0:0:0:0:0:0:0:1 - - [03/Dec/2018:01:50:32 -0200] "GET /juddi-gui/ajax/servicesearch.jsp?keyword=%25&offset=%5Bobject%20HTMLSpanElement%5D&maxrecords=20&lang=&_=1543809032651 HTTP/1.1" 200 7973
127.0.0.1 - - [03/Dec/2018:01:50:35 -0200] "POST /juddiv3/services/inquiry HTTP/1.1" 200 2993
0:0:0:0:0:0:0:1 - - [03/Dec/2018:01:50:35 -0200] "GET /juddi-gui/serviceEditor.jsp?id=uddi:ws.homologacao.ufsc.br:service_cepservicesoapservice HTTP/1.1" 200 46097
0:0:0:0:0:0:0:1 - - [03/Dec/2018:01:50:35 -0200] "GET /juddi-gui/js/i18n.js.jsp HTTP/1.1" 200 3457
127.0.0.1 - - [03/Dec/2018:01:50:36 -0200] "POST /juddiv3/services/inquiry HTTP/1.1" 200 937
0:0:0:0:0:0:0:1 - - [03/Dec/2018:01:50:36 -0200] "GET /juddi-gui/ajax/opInfo.jsp?id=uddi:ws.homologacao.ufsc.br:service_cepservicesoapservice HTTP/1.1" 200 447
127.0.0.1 - - [03/Dec/2018:01:50:36 -0200] "POST /juddiv3/services/inquiry HTTP/1.1" 200 3049
0:0:0:0:0:0:0:1 - - [03/Dec/2018:01:50:36 -0200] "GET /juddi-gui/ajax/tmodelsearch.jsp?keyword=%25&offset=0&maxrecords=10&lang=&chooser=undefined&_=1543809035957 HTTP/1.1" 200 2439
0:0:0:0:0:0:0:1 - - [03/Dec/2018:01:53:13 -0200] "GET /juddi-gui/businessBrowse.jsp HTTP/1.1" 200 21803
0:0:0:0:0:0:0:1 - - [03/Dec/2018:01:53:13 -0200] "GET /juddi-gui/js/i18n.js.jsp HTTP/1.1" 200 3457
127.0.0.1 - - [03/Dec/2018:01:53:13 -0200] "POST /juddiv3/services/inquiry HTTP/1.1" 200 4789
0:0:0:0:0:0:0:1 - - [03/Dec/2018:01:53:13 -0200] "GET /juddi-gui/ajax/businesssearch.jsp?keyword=%25&offset=0&maxrecords=20&lang=&_=1543809193522 HTTP/1.1" 200 1319
127.0.0.1 - - [03/Dec/2018:01:53:16 -0200] "POST /juddiv3/services/inquiry HTTP/1.1" 200 10211
0:0:0:0:0:0:0:1 - - [03/Dec/2018:01:53:16 -0200] "GET /juddi-gui/ajax/servicelist.jsp?id=uddi:das.ufsc.br:repository&_=1543809193523 HTTP/1.1" 200 727
127.0.0.1 - - [03/Dec/2018:01:53:17 -0200] "POST /juddiv3/services/inquiry HTTP/1.1" 200 10211
0:0:0:0:0:0:0:1 - - [03/Dec/2018:01:53:17 -0200] "GET /juddi-gui/serviceEditor.jsp?bizid=uddi:das.ufsc.br:repository HTTP/1.1" 200 38176
0:0:0:0:0:0:0:1 - - [03/Dec/2018:01:53:17 -0200] "GET /juddi-gui/js/i18n.js.jsp HTTP/1.1" 200 3457
127.0.0.1 - - [03/Dec/2018:01:53:18 -0200] "POST /juddiv3/services/inquiry HTTP/1.1" 200 3049
0:0:0:0:0:0:0:1 - - [03/Dec/2018:01:53:18 -0200] "GET /juddi-gui/ajax/tmodelsearch.jsp?keyword=%25&offset=0&maxrecords=10&lang=&chooser=undefined&_=1543809198048 HTTP/1.1" 200 2439
0:0:0:0:0:0:0:1 - - [03/Dec/2018:01:54:02 -0200] "GET /juddi-gui/ HTTP/1.1" 302 -
0:0:0:0:0:0:0:1 - - [03/Dec/2018:01:54:02 -0200] "GET /juddi-gui/home.jsp HTTP/1.1" 200 20744
0:0:0:0:0:0:0:1 - - [03/Dec/2018:01:54:02 -0200] "GET /juddi-gui/js/i18n.js.jsp HTTP/1.1" 200 3457
0:0:0:0:0:0:0:1 - - [03/Dec/2018:01:54:07 -0200] "GET /juddi-gui/serviceBrowse.jsp HTTP/1.1" 200 21360
0:0:0:0:0:0:0:1 - - [03/Dec/2018:01:54:07 -0200] "GET /juddi-gui/js/i18n.js.jsp HTTP/1.1" 200 3457
127.0.0.1 - - [03/Dec/2018:01:54:07 -0200] "POST /juddiv3/services/inquiry HTTP/1.1" 200 4356
0:0:0:0:0:0:0:1 - - [03/Dec/2018:01:54:07 -0200] "GET /juddi-gui/ajax/servicesearch.jsp?keyword=%25&offset=%5Bobject%20HTMLSpanElement%5D&maxrecords=20&lang=&_=1543809247208 HTTP/1.1" 200 7973
127.0.0.1 - - [03/Dec/2018:01:54:09 -0200] "POST /juddiv3/services/inquiry HTTP/1.1" 200 1181
0:0:0:0:0:0:0:1 - - [03/Dec/2018:01:54:09 -0200] "GET /juddi-gui/serviceEditor.jsp?id=uddi:localhost:service_brrobotsserviceservice HTTP/1.1" 200 43091
0:0:0:0:0:0:0:1 - - [03/Dec/2018:01:54:09 -0200] "GET /juddi-gui/js/i18n.js.jsp HTTP/1.1" 200 3457
127.0.0.1 - - [03/Dec/2018:01:54:09 -0200] "POST /juddiv3/services/inquiry HTTP/1.1" 200 925
0:0:0:0:0:0:0:1 - - [03/Dec/2018:01:54:09 -0200] "GET /juddi-gui/ajax/opInfo.jsp?id=uddi:localhost:service_brrobotsserviceservice HTTP/1.1" 200 435
127.0.0.1 - - [03/Dec/2018:01:54:09 -0200] "POST /juddiv3/services/inquiry HTTP/1.1" 200 3049
0:0:0:0:0:0:0:1 - - [03/Dec/2018:01:54:09 -0200] "GET /juddi-gui/ajax/tmodelsearch.jsp?keyword=%25&offset=0&maxrecords=10&lang=&chooser=undefined&_=1543809249547 HTTP/1.1" 200 2439
127.0.0.1 - - [03/Dec/2018:01:57:12 -0200] "POST /juddiv3/services/inquiry HTTP/1.1" 500 814
127.0.0.1 - - [03/Dec/2018:01:57:13 -0200] "POST /juddiv3/services/publish HTTP/1.1" 200 687
0:0:0:0:0:0:0:1 - - [03/Dec/2018:01:57:13 -0200] "POST /juddi-gui/ajax/saveservicedetails.jsp HTTP/1.1" 200 136
127.0.0.1 - - [03/Dec/2018:01:58:59 -0200] "POST /juddiv3/services/inquiry HTTP/1.1" 200 687
127.0.0.1 - - [03/Dec/2018:01:58:59 -0200] "POST /juddiv3/services/publish HTTP/1.1" 200 687
0:0:0:0:0:0:0:1 - - [03/Dec/2018:01:58:59 -0200] "POST /juddi-gui/ajax/saveservicedetails.jsp HTTP/1.1" 200 136
127.0.0.1 - - [03/Dec/2018:02:00:00 -0200] "POST /juddiv3/services/inquiry HTTP/1.1" 200 3049
0:0:0:0:0:0:0:1 - - [03/Dec/2018:02:00:00 -0200] "GET /juddi-gui/ajax/tmodelsearch.jsp?keyword=%25&offset=0&maxrecords=10&lang=&chooser=true&_=1543809198049 HTTP/1.1" 200 2688
127.0.0.1 - - [03/Dec/2018:02:00:39 -0200] "POST /juddiv3/services/inquiry HTTP/1.1" 200 687
127.0.0.1 - - [03/Dec/2018:02:00:40 -0200] "POST /juddiv3/services/publish HTTP/1.1" 200 858
0:0:0:0:0:0:0:1 - - [03/Dec/2018:02:00:40 -0200] "POST /juddi-gui/ajax/saveservicedetails.jsp HTTP/1.1" 200 136
0:0:0:0:0:0:0:1 - - [03/Dec/2018:02:02:29 -0200] "GET /juddi-gui/tmodelBrowse.jsp HTTP/1.1" 200 21310
0:0:0:0:0:0:0:1 - - [03/Dec/2018:02:02:29 -0200] "GET /juddi-gui/js/i18n.js.jsp HTTP/1.1" 200 3457
127.0.0.1 - - [03/Dec/2018:02:02:29 -0200] "POST /juddiv3/services/inquiry HTTP/1.1" 200 3049
0:0:0:0:0:0:0:1 - - [03/Dec/2018:02:02:29 -0200] "GET /juddi-gui/ajax/tmodelsearch.jsp?keyword=%25&offset=0&maxrecords=10&lang=&chooser=undefined&_=1543809749201 HTTP/1.1" 200 2439
0:0:0:0:0:0:0:1 - - [03/Dec/2018:02:02:29 -0200] "GET /juddi-gui/ajax/tmodelsearch.jsp?keyword=%25&offset=0&maxrecords=10&lang=&chooser=false&_=1543809749202 HTTP/1.1" 200 2439
127.0.0.1 - - [03/Dec/2018:02:02:29 -0200] "POST /juddiv3/services/inquiry HTTP/1.1" 200 3049
127.0.0.1 - - [03/Dec/2018:02:03:03 -0200] "POST /juddiv3/services/inquiry HTTP/1.1" 200 858
127.0.0.1 - - [03/Dec/2018:02:03:03 -0200] "POST /juddiv3/services/publish HTTP/1.1" 200 858
0:0:0:0:0:0:0:1 - - [03/Dec/2018:02:03:03 -0200] "POST /juddi-gui/ajax/saveservicedetails.jsp HTTP/1.1" 200 136
127.0.0.1 - - [03/Dec/2018:02:03:11 -0200] "POST /juddiv3/services/inquiry HTTP/1.1" 200 858
127.0.0.1 - - [03/Dec/2018:02:03:11 -0200] "POST /juddiv3/services/publish HTTP/1.1" 200 858
0:0:0:0:0:0:0:1 - - [03/Dec/2018:02:03:11 -0200] "POST /juddi-gui/ajax/saveservicedetails.jsp HTTP/1.1" 200 136
127.0.0.1 - - [03/Dec/2018:02:03:12 -0200] "POST /juddiv3/services/inquiry HTTP/1.1" 200 858
0:0:0:0:0:0:0:1 - - [03/Dec/2018:02:03:12 -0200] "GET /juddi-gui/serviceEditor.jsp?id=uddi%3Alocalhost%3Aservice_databaseservice HTTP/1.1" 200 42229
0:0:0:0:0:0:0:1 - - [03/Dec/2018:02:03:12 -0200] "GET /juddi-gui/js/i18n.js.jsp HTTP/1.1" 200 3457
127.0.0.1 - - [03/Dec/2018:02:03:13 -0200] "POST /juddiv3/services/inquiry HTTP/1.1" 200 918
0:0:0:0:0:0:0:1 - - [03/Dec/2018:02:03:13 -0200] "GET /juddi-gui/ajax/opInfo.jsp?id=uddi:localhost:service_databaseservice HTTP/1.1" 200 428
127.0.0.1 - - [03/Dec/2018:02:03:13 -0200] "POST /juddiv3/services/inquiry HTTP/1.1" 200 3049
0:0:0:0:0:0:0:1 - - [03/Dec/2018:02:03:13 -0200] "GET /juddi-gui/ajax/tmodelsearch.jsp?keyword=%25&offset=0&maxrecords=10&lang=&chooser=undefined&_=1543809793047 HTTP/1.1" 200 2439
127.0.0.1 - - [03/Dec/2018:02:03:19 -0200] "POST /juddiv3/services/inquiry HTTP/1.1" 200 858
0:0:0:0:0:0:0:1 - - [03/Dec/2018:02:03:19 -0200] "GET /juddi-gui/bindingEditor.jsp?svcid=uddi%3Alocalhost%3Aservice_databaseservice HTTP/1.1" 200 48126
0:0:0:0:0:0:0:1 - - [03/Dec/2018:02:03:20 -0200] "GET /juddi-gui/js/i18n.js.jsp HTTP/1.1" 200 3457
127.0.0.1 - - [03/Dec/2018:02:03:20 -0200] "POST /juddiv3/services/inquiry HTTP/1.1" 200 3049
0:0:0:0:0:0:0:1 - - [03/Dec/2018:02:03:20 -0200] "GET /juddi-gui/ajax/tmodelsearch.jsp?keyword=%25&offset=0&maxrecords=10&lang=&chooser=undefined&_=1543809800211 HTTP/1.1" 200 2439
127.0.0.1 - - [03/Dec/2018:02:06:51 -0200] "POST /juddiv3/services/publish HTTP/1.1" 500 773
127.0.0.1 - - [03/Dec/2018:02:06:51 -0200] "POST /juddiv3/services/security HTTP/1.1" 200 581
127.0.0.1 - - [03/Dec/2018:02:06:51 -0200] "POST /juddiv3/services/publish HTTP/1.1" 200 915
0:0:0:0:0:0:0:1 - - [03/Dec/2018:02:06:51 -0200] "POST /juddi-gui/ajax/savebinding.jsp HTTP/1.1" 200 196
127.0.0.1 - - [03/Dec/2018:02:07:32 -0200] "POST /juddiv3/services/publish HTTP/1.1" 200 915
0:0:0:0:0:0:0:1 - - [03/Dec/2018:02:07:32 -0200] "POST /juddi-gui/ajax/savebinding.jsp HTTP/1.1" 200 196
0:0:0:0:0:0:0:1 - - [03/Dec/2018:02:07:39 -0200] "GET /juddi-gui/serviceBrowse.jsp HTTP/1.1" 200 21360
0:0:0:0:0:0:0:1 - - [03/Dec/2018:02:07:39 -0200] "GET /juddi-gui/js/i18n.js.jsp HTTP/1.1" 200 3457
127.0.0.1 - - [03/Dec/2018:02:07:40 -0200] "POST /juddiv3/services/inquiry HTTP/1.1" 200 4521
0:0:0:0:0:0:0:1 - - [03/Dec/2018:02:07:40 -0200] "GET /juddi-gui/ajax/servicesearch.jsp?keyword=%25&offset=%5Bobject%20HTMLSpanElement%5D&maxrecords=20&lang=&_=1543810060088 HTTP/1.1" 200 8367
127.0.0.1 - - [03/Dec/2018:02:07:45 -0200] "POST /juddiv3/services/inquiry HTTP/1.1" 200 1411
0:0:0:0:0:0:0:1 - - [03/Dec/2018:02:07:45 -0200] "GET /juddi-gui/serviceEditor.jsp?id=uddi:localhost:service_databaseservice HTTP/1.1" 200 43382
0:0:0:0:0:0:0:1 - - [03/Dec/2018:02:07:45 -0200] "GET /juddi-gui/js/i18n.js.jsp HTTP/1.1" 200 3457
127.0.0.1 - - [03/Dec/2018:02:07:45 -0200] "POST /juddiv3/services/inquiry HTTP/1.1" 200 918
0:0:0:0:0:0:0:1 - - [03/Dec/2018:02:07:45 -0200] "GET /juddi-gui/ajax/opInfo.jsp?id=uddi:localhost:service_databaseservice HTTP/1.1" 200 428
127.0.0.1 - - [03/Dec/2018:02:07:45 -0200] "POST /juddiv3/services/inquiry HTTP/1.1" 200 3049
0:0:0:0:0:0:0:1 - - [03/Dec/2018:02:07:45 -0200] "GET /juddi-gui/ajax/tmodelsearch.jsp?keyword=%25&offset=0&maxrecords=10&lang=&chooser=undefined&_=1543810065533 HTTP/1.1" 200 2439
127.0.0.1 - - [03/Dec/2018:02:23:30 -0200] "POST /juddiv3/services/inquiry HTTP/1.1" 200 895
127.0.0.1 - - [03/Dec/2018:02:23:31 -0200] "POST /juddiv3/services/inquiry HTTP/1.1" 200 1240
127.0.0.1 - - [03/Dec/2018:02:23:32 -0200] "POST /juddiv3/services/inquiry HTTP/1.1" 200 878
127.0.0.1 - - [03/Dec/2018:02:23:32 -0200] "POST /juddiv3/services/inquiry HTTP/1.1" 200 884
127.0.0.1 - - [03/Dec/2018:02:23:32 -0200] "POST /juddiv3/services/inquiry HTTP/1.1" 200 1222
127.0.0.1 - - [03/Dec/2018:02:23:32 -0200] "POST /juddiv3/services/inquiry HTTP/1.1" 200 1181
127.0.0.1 - - [03/Dec/2018:02:23:36 -0200] "POST /juddiv3/services/inquiry HTTP/1.1" 200 923
127.0.0.1 - - [03/Dec/2018:02:23:36 -0200] "POST /juddiv3/services/inquiry HTTP/1.1" 200 3008
127.0.0.1 - - [03/Dec/2018:02:23:41 -0200] "POST /juddiv3/services/inquiry HTTP/1.1" 200 877
127.0.0.1 - - [03/Dec/2018:02:23:41 -0200] "POST /juddiv3/services/inquiry HTTP/1.1" 200 1411
127.0.0.1 - - [03/Dec/2018:02:24:46 -0200] "POST /juddiv3/services/inquiry HTTP/1.1" 200 895
127.0.0.1 - - [03/Dec/2018:02:24:46 -0200] "POST /juddiv3/services/inquiry HTTP/1.1" 200 1240
127.0.0.1 - - [03/Dec/2018:02:24:46 -0200] "POST /juddiv3/services/inquiry HTTP/1.1" 200 878
127.0.0.1 - - [03/Dec/2018:02:24:47 -0200] "POST /juddiv3/services/inquiry HTTP/1.1" 200 884
127.0.0.1 - - [03/Dec/2018:02:24:47 -0200] "POST /juddiv3/services/inquiry HTTP/1.1" 200 1222
127.0.0.1 - - [03/Dec/2018:02:24:47 -0200] "POST /juddiv3/services/inquiry HTTP/1.1" 200 1181
127.0.0.1 - - [03/Dec/2018:02:24:47 -0200] "POST /juddiv3/services/inquiry HTTP/1.1" 200 923
127.0.0.1 - - [03/Dec/2018:02:24:47 -0200] "POST /juddiv3/services/inquiry HTTP/1.1" 200 3008
127.0.0.1 - - [03/Dec/2018:02:24:47 -0200] "POST /juddiv3/services/inquiry HTTP/1.1" 200 877
127.0.0.1 - - [03/Dec/2018:02:24:47 -0200] "POST /juddiv3/services/inquiry HTTP/1.1" 200 1411
0:0:0:0:0:0:0:1 - - [03/Dec/2018:02:26:05 -0200] "GET /juddi-gui/ HTTP/1.1" 302 -
0:0:0:0:0:0:0:1 - - [03/Dec/2018:02:26:06 -0200] "GET /juddi-gui/home.jsp HTTP/1.1" 200 20744
0:0:0:0:0:0:0:1 - - [03/Dec/2018:02:26:06 -0200] "GET /juddi-gui/css/bootstrap-responsive.min.css HTTP/1.1" 304 -
0:0:0:0:0:0:0:1 - - [03/Dec/2018:02:26:06 -0200] "GET /juddi-gui/css/bootstrap-timepicker.min.css HTTP/1.1" 304 -
0:0:0:0:0:0:0:1 - - [03/Dec/2018:02:26:06 -0200] "GET /juddi-gui/css/bootstrap-datetimepicker.min.css HTTP/1.1" 304 -
0:0:0:0:0:0:0:1 - - [03/Dec/2018:02:26:06 -0200] "GET /juddi-gui/css/bootstrap.min.css HTTP/1.1" 304 -
0:0:0:0:0:0:0:1 - - [03/Dec/2018:02:26:06 -0200] "GET /juddi-gui/css/ui-lightness/jquery-ui-1.10.2.custom.min.css HTTP/1.1" 304 -
0:0:0:0:0:0:0:1 - - [03/Dec/2018:02:26:06 -0200] "GET /juddi-gui/css/font-awesome.min.css HTTP/1.1" 304 -
0:0:0:0:0:0:0:1 - - [03/Dec/2018:02:26:06 -0200] "GET /juddi-gui/js/i18n.js.jsp HTTP/1.1" 200 3457
0:0:0:0:0:0:0:1 - - [03/Dec/2018:02:26:06 -0200] "GET /juddi-gui/css/bootstrap-modal.css HTTP/1.1" 304 -
0:0:0:0:0:0:0:1 - - [03/Dec/2018:02:26:06 -0200] "GET /juddi-gui/js/bootstrap-timepicker.min.js HTTP/1.1" 304 -
0:0:0:0:0:0:0:1 - - [03/Dec/2018:02:26:07 -0200] "GET /juddi-gui/js/bootstrap-modal.js HTTP/1.1" 304 -
0:0:0:0:0:0:0:1 - - [03/Dec/2018:02:26:07 -0200] "GET /juddi-gui/js/bootstrap.min.js HTTP/1.1" 304 -
0:0:0:0:0:0:0:1 - - [03/Dec/2018:02:26:07 -0200] "GET /juddi-gui/js/bootstrap-datetimepicker.min.js HTTP/1.1" 304 -
0:0:0:0:0:0:0:1 - - [03/Dec/2018:02:26:07 -0200] "GET /juddi-gui/js/jquery.jeditable.js HTTP/1.1" 304 -
0:0:0:0:0:0:0:1 - - [03/Dec/2018:02:26:07 -0200] "GET /juddi-gui/js/jquery-ui-1.10.2.custom.min.js HTTP/1.1" 304 -
0:0:0:0:0:0:0:1 - - [03/Dec/2018:02:26:07 -0200] "GET /juddi-gui/js/bootstrap-modalmanager.js HTTP/1.1" 304 -
0:0:0:0:0:0:0:1 - - [03/Dec/2018:02:26:07 -0200] "GET /juddi-gui/img/logo2.png HTTP/1.1" 304 -
0:0:0:0:0:0:0:1 - - [03/Dec/2018:02:26:07 -0200] "GET /juddi-gui/js/main.js HTTP/1.1" 304 -
0:0:0:0:0:0:0:1 - - [03/Dec/2018:02:26:07 -0200] "GET /juddi-gui/js/jquery-1.9.1.js HTTP/1.1" 304 -
0:0:0:0:0:0:0:1 - - [03/Dec/2018:02:26:07 -0200] "GET /juddi-gui/font/fontawesome-webfont.woff?v=3.0.1 HTTP/1.1" 304 -
0:0:0:0:0:0:0:1 - - [03/Dec/2018:02:26:12 -0200] "GET /juddi-gui/serviceBrowse.jsp HTTP/1.1" 200 21360
0:0:0:0:0:0:0:1 - - [03/Dec/2018:02:26:12 -0200] "GET /juddi-gui/js/i18n.js.jsp HTTP/1.1" 200 3457
0:0:0:0:0:0:0:1 - - [03/Dec/2018:02:26:12 -0200] "GET /juddi-gui/img/bigrollergreen.gif HTTP/1.1" 304 -
0:0:0:0:0:0:0:1 - - [03/Dec/2018:02:26:12 -0200] "GET /juddi-gui/js/serviceBrowse.js HTTP/1.1" 304 -
127.0.0.1 - - [03/Dec/2018:02:26:12 -0200] "POST /juddiv3/services/inquiry HTTP/1.1" 200 4521
0:0:0:0:0:0:0:1 - - [03/Dec/2018:02:26:12 -0200] "GET /juddi-gui/ajax/servicesearch.jsp?keyword=%25&offset=%5Bobject%20HTMLSpanElement%5D&maxrecords=20&lang=&_=1543811172462 HTTP/1.1" 200 8367
127.0.0.1 - - [03/Dec/2018:02:26:17 -0200] "POST /juddiv3/services/inquiry HTTP/1.1" 200 1181
0:0:0:0:0:0:0:1 - - [03/Dec/2018:02:26:17 -0200] "GET /juddi-gui/serviceEditor.jsp?id=uddi:localhost:service_brrobotsserviceservice HTTP/1.1" 200 43091
0:0:0:0:0:0:0:1 - - [03/Dec/2018:02:26:17 -0200] "GET /juddi-gui/js/i18n.js.jsp HTTP/1.1" 200 3457
0:0:0:0:0:0:0:1 - - [03/Dec/2018:02:26:17 -0200] "GET /juddi-gui/js/businessEditor.js HTTP/1.1" 304 -
0:0:0:0:0:0:0:1 - - [03/Dec/2018:02:26:17 -0200] "GET /juddi-gui/js/serviceEditor.js HTTP/1.1" 304 -
0:0:0:0:0:0:0:1 - - [03/Dec/2018:02:26:17 -0200] "GET /juddi-gui/js/tmodelChooser.js HTTP/1.1" 304 -
0:0:0:0:0:0:0:1 - - [03/Dec/2018:02:26:17 -0200] "GET /juddi-gui/js/tmodelsearch.js HTTP/1.1" 304 -
127.0.0.1 - - [03/Dec/2018:02:26:17 -0200] "POST /juddiv3/services/inquiry HTTP/1.1" 200 925
0:0:0:0:0:0:0:1 - - [03/Dec/2018:02:26:17 -0200] "GET /juddi-gui/ajax/opInfo.jsp?id=uddi:localhost:service_brrobotsserviceservice HTTP/1.1" 200 435
127.0.0.1 - - [03/Dec/2018:02:26:18 -0200] "POST /juddiv3/services/inquiry HTTP/1.1" 200 3049
0:0:0:0:0:0:0:1 - - [03/Dec/2018:02:26:18 -0200] "GET /juddi-gui/ajax/tmodelsearch.jsp?keyword=%25&offset=0&maxrecords=10&lang=&chooser=undefined&_=1543811177864 HTTP/1.1" 200 2439
127.0.0.1 - - [03/Dec/2018:02:26:19 -0200] "POST /juddiv3/services/inquiry HTTP/1.1" 200 768
0:0:0:0:0:0:0:1 - - [03/Dec/2018:02:26:19 -0200] "GET /juddi-gui/bindingEditor.jsp?id=uddi%3Aws.homologacao.ufsc.br%3A8a2b4298-fb64-40c5-aea9-4af060d34e85 HTTP/1.1" 200 51169
0:0:0:0:0:0:0:1 - - [03/Dec/2018:02:26:19 -0200] "GET /juddi-gui/js/i18n.js.jsp HTTP/1.1" 200 3457
0:0:0:0:0:0:0:1 - - [03/Dec/2018:02:26:19 -0200] "GET /juddi-gui/js/jquery-1.9.1.js HTTP/1.1" 304 -
0:0:0:0:0:0:0:1 - - [03/Dec/2018:02:26:19 -0200] "GET /juddi-gui/js/bootstrap.min.js HTTP/1.1" 304 -
0:0:0:0:0:0:0:1 - - [03/Dec/2018:02:26:19 -0200] "GET /juddi-gui/js/bootstrap-datetimepicker.min.js HTTP/1.1" 304 -
0:0:0:0:0:0:0:1 - - [03/Dec/2018:02:26:19 -0200] "GET /juddi-gui/js/bootstrap-timepicker.min.js HTTP/1.1" 304 -
0:0:0:0:0:0:0:1 - - [03/Dec/2018:02:26:19 -0200] "GET /juddi-gui/js/bootstrap-modalmanager.js HTTP/1.1" 304 -
0:0:0:0:0:0:0:1 - - [03/Dec/2018:02:26:19 -0200] "GET /juddi-gui/js/bootstrap-modal.js HTTP/1.1" 304 -
0:0:0:0:0:0:0:1 - - [03/Dec/2018:02:26:19 -0200] "GET /juddi-gui/js/jquery-ui-1.10.2.custom.min.js HTTP/1.1" 304 -
0:0:0:0:0:0:0:1 - - [03/Dec/2018:02:26:19 -0200] "GET /juddi-gui/js/jquery.jeditable.js HTTP/1.1" 304 -
0:0:0:0:0:0:0:1 - - [03/Dec/2018:02:26:19 -0200] "GET /juddi-gui/js/main.js HTTP/1.1" 304 -
0:0:0:0:0:0:0:1 - - [03/Dec/2018:02:26:19 -0200] "GET /juddi-gui/img/logo2.png HTTP/1.1" 304 -
0:0:0:0:0:0:0:1 - - [03/Dec/2018:02:26:19 -0200] "GET /juddi-gui/js/bindingeditor.js HTTP/1.1" 304 -
0:0:0:0:0:0:0:1 - - [03/Dec/2018:02:26:20 -0200] "GET /juddi-gui/js/businessEditor.js HTTP/1.1" 304 -
0:0:0:0:0:0:0:1 - - [03/Dec/2018:02:26:20 -0200] "GET /juddi-gui/js/serviceEditor.js HTTP/1.1" 304 -
0:0:0:0:0:0:0:1 - - [03/Dec/2018:02:26:20 -0200] "GET /juddi-gui/js/tmodelsearch.js HTTP/1.1" 304 -
0:0:0:0:0:0:0:1 - - [03/Dec/2018:02:26:20 -0200] "GET /juddi-gui/js/tmodelChooser.js HTTP/1.1" 304 -
0:0:0:0:0:0:0:1 - - [03/Dec/2018:02:26:20 -0200] "GET /juddi-gui/font/fontawesome-webfont.woff?v=3.0.1 HTTP/1.1" 304 -
127.0.0.1 - - [03/Dec/2018:02:26:20 -0200] "POST /juddiv3/services/inquiry HTTP/1.1" 200 944
0:0:0:0:0:0:0:1 - - [03/Dec/2018:02:26:20 -0200] "GET /juddi-gui/ajax/opInfo.jsp?id=uddi:ws.homologacao.ufsc.br:8a2b4298-fb64-40c5-aea9-4af060d34e85 HTTP/1.1" 200 454
127.0.0.1 - - [03/Dec/2018:02:26:20 -0200] "POST /juddiv3/services/inquiry HTTP/1.1" 200 3049
0:0:0:0:0:0:0:1 - - [03/Dec/2018:02:26:20 -0200] "GET /juddi-gui/ajax/tmodelsearch.jsp?keyword=%25&offset=0&maxrecords=10&lang=&chooser=undefined&_=1543811180103 HTTP/1.1" 200 2439
127.0.0.1 - - [03/Dec/2018:02:26:25 -0200] "POST /juddiv3/services/publish HTTP/1.1" 500 773
127.0.0.1 - - [03/Dec/2018:02:26:25 -0200] "POST /juddiv3/services/publish HTTP/1.1" 500 773
127.0.0.1 - - [03/Dec/2018:02:26:25 -0200] "POST /juddiv3/services/security HTTP/1.1" 200 581
127.0.0.1 - - [03/Dec/2018:02:26:25 -0200] "POST /juddiv3/services/security HTTP/1.1" 200 581
127.0.0.1 - - [03/Dec/2018:02:26:26 -0200] "POST /juddiv3/services/publish HTTP/1.1" 200 98
0:0:0:0:0:0:0:1 - - [03/Dec/2018:02:26:26 -0200] "POST /juddi-gui/ajax/deletebinding.jsp HTTP/1.1" 200 149
127.0.0.1 - - [03/Dec/2018:02:26:26 -0200] "POST /juddiv3/services/publish HTTP/1.1" 500 561
0:0:0:0:0:0:0:1 - - [03/Dec/2018:02:26:26 -0200] "POST /juddi-gui/ajax/deletebinding.jsp HTTP/1.1" 406 523
0:0:0:0:0:0:0:1 - - [03/Dec/2018:02:26:31 -0200] "GET /juddi-gui/serviceBrowse.jsp HTTP/1.1" 200 21360
0:0:0:0:0:0:0:1 - - [03/Dec/2018:02:26:31 -0200] "GET /juddi-gui/js/i18n.js.jsp HTTP/1.1" 200 3457
127.0.0.1 - - [03/Dec/2018:02:26:31 -0200] "POST /juddiv3/services/inquiry HTTP/1.1" 200 4521
0:0:0:0:0:0:0:1 - - [03/Dec/2018:02:26:31 -0200] "GET /juddi-gui/ajax/servicesearch.jsp?keyword=%25&offset=%5Bobject%20HTMLSpanElement%5D&maxrecords=20&lang=&_=1543811191241 HTTP/1.1" 200 8367
127.0.0.1 - - [03/Dec/2018:02:26:34 -0200] "POST /juddiv3/services/inquiry HTTP/1.1" 200 1157
0:0:0:0:0:0:0:1 - - [03/Dec/2018:02:26:34 -0200] "GET /juddi-gui/serviceEditor.jsp?id=uddi:localhost:service_databaseservice HTTP/1.1" 200 43022
0:0:0:0:0:0:0:1 - - [03/Dec/2018:02:26:34 -0200] "GET /juddi-gui/js/i18n.js.jsp HTTP/1.1" 200 3457
127.0.0.1 - - [03/Dec/2018:02:26:34 -0200] "POST /juddiv3/services/inquiry HTTP/1.1" 200 918
0:0:0:0:0:0:0:1 - - [03/Dec/2018:02:26:34 -0200] "GET /juddi-gui/ajax/opInfo.jsp?id=uddi:localhost:service_databaseservice HTTP/1.1" 200 428
127.0.0.1 - - [03/Dec/2018:02:26:34 -0200] "POST /juddiv3/services/inquiry HTTP/1.1" 200 3049
0:0:0:0:0:0:0:1 - - [03/Dec/2018:02:26:34 -0200] "GET /juddi-gui/ajax/tmodelsearch.jsp?keyword=%25&offset=0&maxrecords=10&lang=&chooser=undefined&_=1543811194475 HTTP/1.1" 200 2439
127.0.0.1 - - [03/Dec/2018:02:27:01 -0200] "POST /juddiv3/services/inquiry HTTP/1.1" 200 768
0:0:0:0:0:0:0:1 - - [03/Dec/2018:02:27:01 -0200] "GET /juddi-gui/bindingEditor.jsp?id=uddi%3Aws.homologacao.ufsc.br%3A376b6123-af5d-4f68-a766-6207378f2caa HTTP/1.1" 200 51169
0:0:0:0:0:0:0:1 - - [03/Dec/2018:02:27:01 -0200] "GET /juddi-gui/js/i18n.js.jsp HTTP/1.1" 200 3457
127.0.0.1 - - [03/Dec/2018:02:27:02 -0200] "POST /juddiv3/services/inquiry HTTP/1.1" 200 944
0:0:0:0:0:0:0:1 - - [03/Dec/2018:02:27:02 -0200] "GET /juddi-gui/ajax/opInfo.jsp?id=uddi:ws.homologacao.ufsc.br:376b6123-af5d-4f68-a766-6207378f2caa HTTP/1.1" 200 454
127.0.0.1 - - [03/Dec/2018:02:27:02 -0200] "POST /juddiv3/services/inquiry HTTP/1.1" 200 3049
0:0:0:0:0:0:0:1 - - [03/Dec/2018:02:27:02 -0200] "GET /juddi-gui/ajax/tmodelsearch.jsp?keyword=%25&offset=0&maxrecords=10&lang=&chooser=undefined&_=1543811221795 HTTP/1.1" 200 2439
127.0.0.1 - - [03/Dec/2018:02:27:39 -0200] "POST /juddiv3/services/inquiry HTTP/1.1" 200 895
127.0.0.1 - - [03/Dec/2018:02:27:39 -0200] "POST /juddiv3/services/inquiry HTTP/1.1" 200 1240
127.0.0.1 - - [03/Dec/2018:02:27:39 -0200] "POST /juddiv3/services/inquiry HTTP/1.1" 200 878
127.0.0.1 - - [03/Dec/2018:02:27:39 -0200] "POST /juddiv3/services/inquiry HTTP/1.1" 200 884
127.0.0.1 - - [03/Dec/2018:02:27:40 -0200] "POST /juddiv3/services/inquiry HTTP/1.1" 200 1181
127.0.0.1 - - [03/Dec/2018:02:27:40 -0200] "POST /juddiv3/services/inquiry HTTP/1.1" 200 1222
127.0.0.1 - - [03/Dec/2018:02:27:40 -0200] "POST /juddiv3/services/inquiry HTTP/1.1" 200 923
127.0.0.1 - - [03/Dec/2018:02:27:40 -0200] "POST /juddiv3/services/inquiry HTTP/1.1" 200 3008
127.0.0.1 - - [03/Dec/2018:02:27:40 -0200] "POST /juddiv3/services/inquiry HTTP/1.1" 200 877
127.0.0.1 - - [03/Dec/2018:02:27:40 -0200] "POST /juddiv3/services/inquiry HTTP/1.1" 200 1157
127.0.0.1 - - [03/Dec/2018:02:28:14 -0200] "POST /juddiv3/services/publish HTTP/1.1" 200 922
0:0:0:0:0:0:0:1 - - [03/Dec/2018:02:28:14 -0200] "POST /juddi-gui/ajax/savebinding.jsp HTTP/1.1" 200 196
127.0.0.1 - - [03/Dec/2018:02:28:18 -0200] "POST /juddiv3/services/inquiry HTTP/1.1" 200 895
127.0.0.1 - - [03/Dec/2018:02:28:19 -0200] "POST /juddiv3/services/inquiry HTTP/1.1" 200 1240
127.0.0.1 - - [03/Dec/2018:02:28:19 -0200] "POST /juddiv3/services/inquiry HTTP/1.1" 200 884
127.0.0.1 - - [03/Dec/2018:02:28:19 -0200] "POST /juddiv3/services/inquiry HTTP/1.1" 200 878
127.0.0.1 - - [03/Dec/2018:02:28:19 -0200] "POST /juddiv3/services/inquiry HTTP/1.1" 200 1181
127.0.0.1 - - [03/Dec/2018:02:28:19 -0200] "POST /juddiv3/services/inquiry HTTP/1.1" 200 1222
127.0.0.1 - - [03/Dec/2018:02:28:19 -0200] "POST /juddiv3/services/inquiry HTTP/1.1" 200 923
127.0.0.1 - - [03/Dec/2018:02:28:19 -0200] "POST /juddiv3/services/inquiry HTTP/1.1" 200 3008
127.0.0.1 - - [03/Dec/2018:02:28:19 -0200] "POST /juddiv3/services/inquiry HTTP/1.1" 200 877
127.0.0.1 - - [03/Dec/2018:02:28:19 -0200] "POST /juddiv3/services/inquiry HTTP/1.1" 200 1164
127.0.0.1 - - [03/Dec/2018:02:28:21 -0200] "POST /juddiv3/services/inquiry HTTP/1.1" 200 895
127.0.0.1 - - [03/Dec/2018:02:28:21 -0200] "POST /juddiv3/services/inquiry HTTP/1.1" 200 1240
127.0.0.1 - - [03/Dec/2018:02:28:21 -0200] "POST /juddiv3/services/inquiry HTTP/1.1" 200 884
127.0.0.1 - - [03/Dec/2018:02:28:21 -0200] "POST /juddiv3/services/inquiry HTTP/1.1" 200 878
127.0.0.1 - - [03/Dec/2018:02:28:21 -0200] "POST /juddiv3/services/inquiry HTTP/1.1" 200 1181
127.0.0.1 - - [03/Dec/2018:02:28:21 -0200] "POST /juddiv3/services/inquiry HTTP/1.1" 200 1222
127.0.0.1 - - [03/Dec/2018:02:28:21 -0200] "POST /juddiv3/services/inquiry HTTP/1.1" 200 923
127.0.0.1 - - [03/Dec/2018:02:28:21 -0200] "POST /juddiv3/services/inquiry HTTP/1.1" 200 3008
127.0.0.1 - - [03/Dec/2018:02:28:22 -0200] "POST /juddiv3/services/inquiry HTTP/1.1" 200 877
127.0.0.1 - - [03/Dec/2018:02:28:22 -0200] "POST /juddiv3/services/inquiry HTTP/1.1" 200 1164
127.0.0.1 - - [03/Dec/2018:02:28:54 -0200] "POST /juddiv3/services/inquiry HTTP/1.1" 200 895
127.0.0.1 - - [03/Dec/2018:02:28:54 -0200] "POST /juddiv3/services/inquiry HTTP/1.1" 200 1240
127.0.0.1 - - [03/Dec/2018:02:28:54 -0200] "POST /juddiv3/services/inquiry HTTP/1.1" 200 884
127.0.0.1 - - [03/Dec/2018:02:28:54 -0200] "POST /juddiv3/services/inquiry HTTP/1.1" 200 878
127.0.0.1 - - [03/Dec/2018:02:28:54 -0200] "POST /juddiv3/services/inquiry HTTP/1.1" 200 1181
127.0.0.1 - - [03/Dec/2018:02:28:54 -0200] "POST /juddiv3/services/inquiry HTTP/1.1" 200 1222
127.0.0.1 - - [03/Dec/2018:02:28:54 -0200] "POST /juddiv3/services/inquiry HTTP/1.1" 200 923
127.0.0.1 - - [03/Dec/2018:02:28:54 -0200] "POST /juddiv3/services/inquiry HTTP/1.1" 200 3008
127.0.0.1 - - [03/Dec/2018:02:28:55 -0200] "POST /juddiv3/services/inquiry HTTP/1.1" 200 877
127.0.0.1 - - [03/Dec/2018:02:28:55 -0200] "POST /juddiv3/services/inquiry HTTP/1.1" 200 1164
127.0.0.1 - - [03/Dec/2018:02:29:37 -0200] "POST /juddiv3/services/inquiry HTTP/1.1" 200 895
127.0.0.1 - - [03/Dec/2018:02:29:37 -0200] "POST /juddiv3/services/inquiry HTTP/1.1" 200 1240
127.0.0.1 - - [03/Dec/2018:02:29:37 -0200] "POST /juddiv3/services/inquiry HTTP/1.1" 200 878
127.0.0.1 - - [03/Dec/2018:02:29:37 -0200] "POST /juddiv3/services/inquiry HTTP/1.1" 200 884
127.0.0.1 - - [03/Dec/2018:02:29:37 -0200] "POST /juddiv3/services/inquiry HTTP/1.1" 200 1222
127.0.0.1 - - [03/Dec/2018:02:29:37 -0200] "POST /juddiv3/services/inquiry HTTP/1.1" 200 1181
127.0.0.1 - - [03/Dec/2018:02:29:38 -0200] "POST /juddiv3/services/inquiry HTTP/1.1" 200 923
127.0.0.1 - - [03/Dec/2018:02:29:38 -0200] "POST /juddiv3/services/inquiry HTTP/1.1" 200 3008
127.0.0.1 - - [03/Dec/2018:02:29:39 -0200] "POST /juddiv3/services/inquiry HTTP/1.1" 200 877
127.0.0.1 - - [03/Dec/2018:02:29:39 -0200] "POST /juddiv3/services/inquiry HTTP/1.1" 200 1164
127.0.0.1 - - [03/Dec/2018:04:14:01 -0200] "POST /juddiv3/services/inquiry HTTP/1.1" 200 895
127.0.0.1 - - [03/Dec/2018:04:14:01 -0200] "POST /juddiv3/services/inquiry HTTP/1.1" 200 1240
127.0.0.1 - - [03/Dec/2018:04:14:02 -0200] "POST /juddiv3/services/inquiry HTTP/1.1" 200 884
127.0.0.1 - - [03/Dec/2018:04:14:02 -0200] "POST /juddiv3/services/inquiry HTTP/1.1" 200 878
127.0.0.1 - - [03/Dec/2018:04:14:02 -0200] "POST /juddiv3/services/inquiry HTTP/1.1" 200 1181
127.0.0.1 - - [03/Dec/2018:04:14:02 -0200] "POST /juddiv3/services/inquiry HTTP/1.1" 200 1222
127.0.0.1 - - [03/Dec/2018:04:14:06 -0200] "POST /juddiv3/services/inquiry HTTP/1.1" 200 923
127.0.0.1 - - [03/Dec/2018:04:14:06 -0200] "POST /juddiv3/services/inquiry HTTP/1.1" 200 3008
127.0.0.1 - - [03/Dec/2018:04:21:28 -0200] "POST /juddiv3/services/inquiry HTTP/1.1" 200 895
127.0.0.1 - - [03/Dec/2018:04:21:28 -0200] "POST /juddiv3/services/inquiry HTTP/1.1" 200 1240
127.0.0.1 - - [03/Dec/2018:04:21:29 -0200] "POST /juddiv3/services/inquiry HTTP/1.1" 200 878
127.0.0.1 - - [03/Dec/2018:04:21:29 -0200] "POST /juddiv3/services/inquiry HTTP/1.1" 200 884
127.0.0.1 - - [03/Dec/2018:04:21:36 -0200] "POST /juddiv3/services/inquiry HTTP/1.1" 200 1222
127.0.0.1 - - [03/Dec/2018:04:21:36 -0200] "POST /juddiv3/services/inquiry HTTP/1.1" 200 1181
127.0.0.1 - - [03/Dec/2018:04:21:36 -0200] "POST /juddiv3/services/inquiry HTTP/1.1" 200 923
127.0.0.1 - - [03/Dec/2018:04:21:36 -0200] "POST /juddiv3/services/inquiry HTTP/1.1" 200 3008
127.0.0.1 - - [03/Dec/2018:04:22:18 -0200] "POST /juddiv3/services/inquiry HTTP/1.1" 200 895
127.0.0.1 - - [03/Dec/2018:04:22:18 -0200] "POST /juddiv3/services/inquiry HTTP/1.1" 200 1240
127.0.0.1 - - [03/Dec/2018:04:22:18 -0200] "POST /juddiv3/services/inquiry HTTP/1.1" 200 878
127.0.0.1 - - [03/Dec/2018:04:22:18 -0200] "POST /juddiv3/services/inquiry HTTP/1.1" 200 884
127.0.0.1 - - [03/Dec/2018:04:22:18 -0200] "POST /juddiv3/services/inquiry HTTP/1.1" 200 1181
127.0.0.1 - - [03/Dec/2018:04:22:18 -0200] "POST /juddiv3/services/inquiry HTTP/1.1" 200 1222
127.0.0.1 - - [03/Dec/2018:04:22:18 -0200] "POST /juddiv3/services/inquiry HTTP/1.1" 200 923
127.0.0.1 - - [03/Dec/2018:04:22:18 -0200] "POST /juddiv3/services/inquiry HTTP/1.1" 200 3008
127.0.0.1 - - [03/Dec/2018:04:23:58 -0200] "POST /juddiv3/services/inquiry HTTP/1.1" 200 895
127.0.0.1 - - [03/Dec/2018:04:23:58 -0200] "POST /juddiv3/services/inquiry HTTP/1.1" 200 1240
127.0.0.1 - - [03/Dec/2018:04:23:58 -0200] "POST /juddiv3/services/inquiry HTTP/1.1" 200 878
127.0.0.1 - - [03/Dec/2018:04:23:58 -0200] "POST /juddiv3/services/inquiry HTTP/1.1" 200 884
127.0.0.1 - - [03/Dec/2018:04:23:58 -0200] "POST /juddiv3/services/inquiry HTTP/1.1" 200 1222
127.0.0.1 - - [03/Dec/2018:04:23:58 -0200] "POST /juddiv3/services/inquiry HTTP/1.1" 200 1181
127.0.0.1 - - [03/Dec/2018:04:23:58 -0200] "POST /juddiv3/services/inquiry HTTP/1.1" 200 923
127.0.0.1 - - [03/Dec/2018:04:23:58 -0200] "POST /juddiv3/services/inquiry HTTP/1.1" 200 3008
127.0.0.1 - - [03/Dec/2018:04:23:58 -0200] "POST /juddiv3/services/inquiry HTTP/1.1" 200 877
127.0.0.1 - - [03/Dec/2018:04:23:59 -0200] "POST /juddiv3/services/inquiry HTTP/1.1" 200 1164
127.0.0.1 - - [03/Dec/2018:04:24:15 -0200] "POST /juddiv3/services/inquiry HTTP/1.1" 200 895
127.0.0.1 - - [03/Dec/2018:04:24:15 -0200] "POST /juddiv3/services/inquiry HTTP/1.1" 200 1240
127.0.0.1 - - [03/Dec/2018:04:24:15 -0200] "POST /juddiv3/services/inquiry HTTP/1.1" 200 884
127.0.0.1 - - [03/Dec/2018:04:24:15 -0200] "POST /juddiv3/services/inquiry HTTP/1.1" 200 878
127.0.0.1 - - [03/Dec/2018:04:24:15 -0200] "POST /juddiv3/services/inquiry HTTP/1.1" 200 1181
127.0.0.1 - - [03/Dec/2018:04:24:15 -0200] "POST /juddiv3/services/inquiry HTTP/1.1" 200 1222
127.0.0.1 - - [03/Dec/2018:04:24:15 -0200] "POST /juddiv3/services/inquiry HTTP/1.1" 200 923
127.0.0.1 - - [03/Dec/2018:04:24:16 -0200] "POST /juddiv3/services/inquiry HTTP/1.1" 200 3008
127.0.0.1 - - [03/Dec/2018:04:24:16 -0200] "POST /juddiv3/services/inquiry HTTP/1.1" 200 877
127.0.0.1 - - [03/Dec/2018:04:24:16 -0200] "POST /juddiv3/services/inquiry HTTP/1.1" 200 1164
127.0.0.1 - - [03/Dec/2018:04:24:59 -0200] "POST /juddiv3/services/inquiry HTTP/1.1" 200 895
127.0.0.1 - - [03/Dec/2018:04:24:59 -0200] "POST /juddiv3/services/inquiry HTTP/1.1" 200 1240
127.0.0.1 - - [03/Dec/2018:04:25:00 -0200] "POST /juddiv3/services/inquiry HTTP/1.1" 200 884
127.0.0.1 - - [03/Dec/2018:04:25:00 -0200] "POST /juddiv3/services/inquiry HTTP/1.1" 200 878
127.0.0.1 - - [03/Dec/2018:04:25:00 -0200] "POST /juddiv3/services/inquiry HTTP/1.1" 200 1222
127.0.0.1 - - [03/Dec/2018:04:25:00 -0200] "POST /juddiv3/services/inquiry HTTP/1.1" 200 1181
127.0.0.1 - - [03/Dec/2018:04:25:00 -0200] "POST /juddiv3/services/inquiry HTTP/1.1" 200 923
127.0.0.1 - - [03/Dec/2018:04:25:00 -0200] "POST /juddiv3/services/inquiry HTTP/1.1" 200 3008
127.0.0.1 - - [03/Dec/2018:04:25:00 -0200] "POST /juddiv3/services/inquiry HTTP/1.1" 200 877
127.0.0.1 - - [03/Dec/2018:04:25:00 -0200] "POST /juddiv3/services/inquiry HTTP/1.1" 200 1164
127.0.0.1 - - [03/Dec/2018:04:25:03 -0200] "POST /juddiv3/services/inquiry HTTP/1.1" 200 895
127.0.0.1 - - [03/Dec/2018:04:25:03 -0200] "POST /juddiv3/services/inquiry HTTP/1.1" 200 1240
127.0.0.1 - - [03/Dec/2018:04:25:03 -0200] "POST /juddiv3/services/inquiry HTTP/1.1" 200 878
127.0.0.1 - - [03/Dec/2018:04:25:03 -0200] "POST /juddiv3/services/inquiry HTTP/1.1" 200 884
127.0.0.1 - - [03/Dec/2018:04:25:03 -0200] "POST /juddiv3/services/inquiry HTTP/1.1" 200 1222
127.0.0.1 - - [03/Dec/2018:04:25:03 -0200] "POST /juddiv3/services/inquiry HTTP/1.1" 200 1181
127.0.0.1 - - [03/Dec/2018:04:25:03 -0200] "POST /juddiv3/services/inquiry HTTP/1.1" 200 923
127.0.0.1 - - [03/Dec/2018:04:25:03 -0200] "POST /juddiv3/services/inquiry HTTP/1.1" 200 3008
127.0.0.1 - - [03/Dec/2018:04:25:03 -0200] "POST /juddiv3/services/inquiry HTTP/1.1" 200 877
127.0.0.1 - - [03/Dec/2018:04:25:04 -0200] "POST /juddiv3/services/inquiry HTTP/1.1" 200 1164
127.0.0.1 - - [03/Dec/2018:04:25:41 -0200] "POST /juddiv3/services/inquiry HTTP/1.1" 200 895
127.0.0.1 - - [03/Dec/2018:04:25:41 -0200] "POST /juddiv3/services/inquiry HTTP/1.1" 200 1240
127.0.0.1 - - [03/Dec/2018:04:25:41 -0200] "POST /juddiv3/services/inquiry HTTP/1.1" 200 884
127.0.0.1 - - [03/Dec/2018:04:25:41 -0200] "POST /juddiv3/services/inquiry HTTP/1.1" 200 878
127.0.0.1 - - [03/Dec/2018:04:25:41 -0200] "POST /juddiv3/services/inquiry HTTP/1.1" 200 1222
127.0.0.1 - - [03/Dec/2018:04:25:41 -0200] "POST /juddiv3/services/inquiry HTTP/1.1" 200 1181
127.0.0.1 - - [03/Dec/2018:04:25:42 -0200] "POST /juddiv3/services/inquiry HTTP/1.1" 200 923
127.0.0.1 - - [03/Dec/2018:04:25:43 -0200] "POST /juddiv3/services/inquiry HTTP/1.1" 200 3008
127.0.0.1 - - [03/Dec/2018:04:25:43 -0200] "POST /juddiv3/services/inquiry HTTP/1.1" 200 877
127.0.0.1 - - [03/Dec/2018:04:25:43 -0200] "POST /juddiv3/services/inquiry HTTP/1.1" 200 1164
127.0.0.1 - - [03/Dec/2018:04:25:44 -0200] "POST /juddiv3/services/inquiry HTTP/1.1" 200 895
127.0.0.1 - - [03/Dec/2018:04:25:45 -0200] "POST /juddiv3/services/inquiry HTTP/1.1" 200 1240
127.0.0.1 - - [03/Dec/2018:04:25:45 -0200] "POST /juddiv3/services/inquiry HTTP/1.1" 200 878
127.0.0.1 - - [03/Dec/2018:04:25:45 -0200] "POST /juddiv3/services/inquiry HTTP/1.1" 200 884
127.0.0.1 - - [03/Dec/2018:04:25:45 -0200] "POST /juddiv3/services/inquiry HTTP/1.1" 200 1222
127.0.0.1 - - [03/Dec/2018:04:25:45 -0200] "POST /juddiv3/services/inquiry HTTP/1.1" 200 1181
127.0.0.1 - - [03/Dec/2018:04:25:45 -0200] "POST /juddiv3/services/inquiry HTTP/1.1" 200 923
127.0.0.1 - - [03/Dec/2018:04:25:45 -0200] "POST /juddiv3/services/inquiry HTTP/1.1" 200 3008
127.0.0.1 - - [03/Dec/2018:04:25:45 -0200] "POST /juddiv3/services/inquiry HTTP/1.1" 200 877
127.0.0.1 - - [03/Dec/2018:04:25:45 -0200] "POST /juddiv3/services/inquiry HTTP/1.1" 200 1164
127.0.0.1 - - [03/Dec/2018:04:25:46 -0200] "POST /juddiv3/services/inquiry HTTP/1.1" 200 895
127.0.0.1 - - [03/Dec/2018:04:25:46 -0200] "POST /juddiv3/services/inquiry HTTP/1.1" 200 1240
127.0.0.1 - - [03/Dec/2018:04:25:46 -0200] "POST /juddiv3/services/inquiry HTTP/1.1" 200 878
127.0.0.1 - - [03/Dec/2018:04:25:46 -0200] "POST /juddiv3/services/inquiry HTTP/1.1" 200 884
127.0.0.1 - - [03/Dec/2018:04:25:46 -0200] "POST /juddiv3/services/inquiry HTTP/1.1" 200 1222
127.0.0.1 - - [03/Dec/2018:04:25:46 -0200] "POST /juddiv3/services/inquiry HTTP/1.1" 200 1181
127.0.0.1 - - [03/Dec/2018:04:25:46 -0200] "POST /juddiv3/services/inquiry HTTP/1.1" 200 923
127.0.0.1 - - [03/Dec/2018:04:25:46 -0200] "POST /juddiv3/services/inquiry HTTP/1.1" 200 3008
127.0.0.1 - - [03/Dec/2018:04:25:46 -0200] "POST /juddiv3/services/inquiry HTTP/1.1" 200 877
127.0.0.1 - - [03/Dec/2018:04:25:46 -0200] "POST /juddiv3/services/inquiry HTTP/1.1" 200 1164
127.0.0.1 - - [03/Dec/2018:04:30:24 -0200] "POST /juddiv3/services/inquiry HTTP/1.1" 200 895
127.0.0.1 - - [03/Dec/2018:04:30:24 -0200] "POST /juddiv3/services/inquiry HTTP/1.1" 200 1240
127.0.0.1 - - [03/Dec/2018:04:30:24 -0200] "POST /juddiv3/services/inquiry HTTP/1.1" 200 884
127.0.0.1 - - [03/Dec/2018:04:30:24 -0200] "POST /juddiv3/services/inquiry HTTP/1.1" 200 878
127.0.0.1 - - [03/Dec/2018:04:30:25 -0200] "POST /juddiv3/services/inquiry HTTP/1.1" 200 1181
127.0.0.1 - - [03/Dec/2018:04:30:25 -0200] "POST /juddiv3/services/inquiry HTTP/1.1" 200 1222
127.0.0.1 - - [03/Dec/2018:04:30:27 -0200] "POST /juddiv3/services/inquiry HTTP/1.1" 200 923
127.0.0.1 - - [03/Dec/2018:04:30:27 -0200] "POST /juddiv3/services/inquiry HTTP/1.1" 200 3008
127.0.0.1 - - [03/Dec/2018:04:30:28 -0200] "POST /juddiv3/services/inquiry HTTP/1.1" 200 877
127.0.0.1 - - [03/Dec/2018:04:30:28 -0200] "POST /juddiv3/services/inquiry HTTP/1.1" 200 1164
127.0.0.1 - - [03/Dec/2018:04:31:28 -0200] "POST /juddiv3/services/inquiry HTTP/1.1" 200 895
127.0.0.1 - - [03/Dec/2018:04:31:28 -0200] "POST /juddiv3/services/inquiry HTTP/1.1" 200 1240
127.0.0.1 - - [03/Dec/2018:04:31:28 -0200] "POST /juddiv3/services/inquiry HTTP/1.1" 200 878
127.0.0.1 - - [03/Dec/2018:04:31:28 -0200] "POST /juddiv3/services/inquiry HTTP/1.1" 200 884
127.0.0.1 - - [03/Dec/2018:04:31:28 -0200] "POST /juddiv3/services/inquiry HTTP/1.1" 200 1181
127.0.0.1 - - [03/Dec/2018:04:31:28 -0200] "POST /juddiv3/services/inquiry HTTP/1.1" 200 1222
127.0.0.1 - - [03/Dec/2018:04:31:29 -0200] "POST /juddiv3/services/inquiry HTTP/1.1" 200 923
127.0.0.1 - - [03/Dec/2018:04:31:29 -0200] "POST /juddiv3/services/inquiry HTTP/1.1" 200 3008
127.0.0.1 - - [03/Dec/2018:04:31:29 -0200] "POST /juddiv3/services/inquiry HTTP/1.1" 200 877
127.0.0.1 - - [03/Dec/2018:04:31:29 -0200] "POST /juddiv3/services/inquiry HTTP/1.1" 200 1164
127.0.0.1 - - [03/Dec/2018:04:38:01 -0200] "POST /juddiv3/services/inquiry HTTP/1.1" 200 895
127.0.0.1 - - [03/Dec/2018:04:38:02 -0200] "POST /juddiv3/services/inquiry HTTP/1.1" 200 1240
127.0.0.1 - - [03/Dec/2018:04:38:03 -0200] "POST /juddiv3/services/inquiry HTTP/1.1" 200 884
127.0.0.1 - - [03/Dec/2018:04:38:03 -0200] "POST /juddiv3/services/inquiry HTTP/1.1" 200 878
127.0.0.1 - - [03/Dec/2018:04:38:03 -0200] "POST /juddiv3/services/inquiry HTTP/1.1" 200 1181
127.0.0.1 - - [03/Dec/2018:04:38:04 -0200] "POST /juddiv3/services/inquiry HTTP/1.1" 200 1222
127.0.0.1 - - [03/Dec/2018:04:38:05 -0200] "POST /juddiv3/services/inquiry HTTP/1.1" 200 923
127.0.0.1 - - [03/Dec/2018:04:38:05 -0200] "POST /juddiv3/services/inquiry HTTP/1.1" 200 3008
127.0.0.1 - - [03/Dec/2018:04:38:06 -0200] "POST /juddiv3/services/inquiry HTTP/1.1" 200 877
127.0.0.1 - - [03/Dec/2018:04:38:06 -0200] "POST /juddiv3/services/inquiry HTTP/1.1" 200 1164
127.0.0.1 - - [03/Dec/2018:04:45:45 -0200] "POST /juddiv3/services/inquiry HTTP/1.1" 200 895
127.0.0.1 - - [03/Dec/2018:04:45:45 -0200] "POST /juddiv3/services/inquiry HTTP/1.1" 200 1240
127.0.0.1 - - [03/Dec/2018:04:45:46 -0200] "POST /juddiv3/services/inquiry HTTP/1.1" 200 878
127.0.0.1 - - [03/Dec/2018:04:45:46 -0200] "POST /juddiv3/services/inquiry HTTP/1.1" 200 884
127.0.0.1 - - [03/Dec/2018:04:45:46 -0200] "POST /juddiv3/services/inquiry HTTP/1.1" 200 1222
127.0.0.1 - - [03/Dec/2018:04:45:46 -0200] "POST /juddiv3/services/inquiry HTTP/1.1" 200 1181
127.0.0.1 - - [03/Dec/2018:04:45:47 -0200] "POST /juddiv3/services/inquiry HTTP/1.1" 200 923
127.0.0.1 - - [03/Dec/2018:04:45:48 -0200] "POST /juddiv3/services/inquiry HTTP/1.1" 200 3008
127.0.0.1 - - [03/Dec/2018:04:45:48 -0200] "POST /juddiv3/services/inquiry HTTP/1.1" 200 877
127.0.0.1 - - [03/Dec/2018:04:45:48 -0200] "POST /juddiv3/services/inquiry HTTP/1.1" 200 1164
127.0.0.1 - - [03/Dec/2018:04:47:24 -0200] "POST /juddiv3/services/inquiry HTTP/1.1" 200 895
127.0.0.1 - - [03/Dec/2018:04:47:24 -0200] "POST /juddiv3/services/inquiry HTTP/1.1" 200 1240
127.0.0.1 - - [03/Dec/2018:04:47:24 -0200] "POST /juddiv3/services/inquiry HTTP/1.1" 200 884
127.0.0.1 - - [03/Dec/2018:04:47:24 -0200] "POST /juddiv3/services/inquiry HTTP/1.1" 200 878
127.0.0.1 - - [03/Dec/2018:04:47:24 -0200] "POST /juddiv3/services/inquiry HTTP/1.1" 200 1181
127.0.0.1 - - [03/Dec/2018:04:47:25 -0200] "POST /juddiv3/services/inquiry HTTP/1.1" 200 1222
127.0.0.1 - - [03/Dec/2018:04:47:25 -0200] "POST /juddiv3/services/inquiry HTTP/1.1" 200 923
127.0.0.1 - - [03/Dec/2018:04:47:25 -0200] "POST /juddiv3/services/inquiry HTTP/1.1" 200 3008
127.0.0.1 - - [03/Dec/2018:04:47:25 -0200] "POST /juddiv3/services/inquiry HTTP/1.1" 200 877
127.0.0.1 - - [03/Dec/2018:04:47:25 -0200] "POST /juddiv3/services/inquiry HTTP/1.1" 200 1164
127.0.0.1 - - [03/Dec/2018:04:48:22 -0200] "POST /juddiv3/services/inquiry HTTP/1.1" 200 895
127.0.0.1 - - [03/Dec/2018:04:48:22 -0200] "POST /juddiv3/services/inquiry HTTP/1.1" 200 1240
127.0.0.1 - - [03/Dec/2018:04:48:22 -0200] "POST /juddiv3/services/inquiry HTTP/1.1" 200 884
127.0.0.1 - - [03/Dec/2018:04:48:22 -0200] "POST /juddiv3/services/inquiry HTTP/1.1" 200 878
127.0.0.1 - - [03/Dec/2018:04:48:22 -0200] "POST /juddiv3/services/inquiry HTTP/1.1" 200 1181
127.0.0.1 - - [03/Dec/2018:04:48:22 -0200] "POST /juddiv3/services/inquiry HTTP/1.1" 200 1222
127.0.0.1 - - [03/Dec/2018:04:48:24 -0200] "POST /juddiv3/services/inquiry HTTP/1.1" 200 923
127.0.0.1 - - [03/Dec/2018:04:48:24 -0200] "POST /juddiv3/services/inquiry HTTP/1.1" 200 3008
127.0.0.1 - - [03/Dec/2018:04:48:24 -0200] "POST /juddiv3/services/inquiry HTTP/1.1" 200 877
127.0.0.1 - - [03/Dec/2018:04:48:25 -0200] "POST /juddiv3/services/inquiry HTTP/1.1" 200 1164
127.0.0.1 - - [03/Dec/2018:04:49:58 -0200] "POST /juddiv3/services/inquiry HTTP/1.1" 200 895
127.0.0.1 - - [03/Dec/2018:04:49:59 -0200] "POST /juddiv3/services/inquiry HTTP/1.1" 200 1240
127.0.0.1 - - [03/Dec/2018:04:49:59 -0200] "POST /juddiv3/services/inquiry HTTP/1.1" 200 878
127.0.0.1 - - [03/Dec/2018:04:49:59 -0200] "POST /juddiv3/services/inquiry HTTP/1.1" 200 884
127.0.0.1 - - [03/Dec/2018:04:49:59 -0200] "POST /juddiv3/services/inquiry HTTP/1.1" 200 1222
127.0.0.1 - - [03/Dec/2018:04:49:59 -0200] "POST /juddiv3/services/inquiry HTTP/1.1" 200 1181
127.0.0.1 - - [03/Dec/2018:04:49:59 -0200] "POST /juddiv3/services/inquiry HTTP/1.1" 200 923
127.0.0.1 - - [03/Dec/2018:04:49:59 -0200] "POST /juddiv3/services/inquiry HTTP/1.1" 200 3008
127.0.0.1 - - [03/Dec/2018:04:50:00 -0200] "POST /juddiv3/services/inquiry HTTP/1.1" 200 877
127.0.0.1 - - [03/Dec/2018:04:50:00 -0200] "POST /juddiv3/services/inquiry HTTP/1.1" 200 1164
127.0.0.1 - - [03/Dec/2018:04:52:35 -0200] "POST /juddiv3/services/inquiry HTTP/1.1" 200 895
127.0.0.1 - - [03/Dec/2018:04:52:35 -0200] "POST /juddiv3/services/inquiry HTTP/1.1" 200 1240
127.0.0.1 - - [03/Dec/2018:04:52:36 -0200] "POST /juddiv3/services/inquiry HTTP/1.1" 200 878
127.0.0.1 - - [03/Dec/2018:04:52:36 -0200] "POST /juddiv3/services/inquiry HTTP/1.1" 200 884
127.0.0.1 - - [03/Dec/2018:04:52:36 -0200] "POST /juddiv3/services/inquiry HTTP/1.1" 200 1222
127.0.0.1 - - [03/Dec/2018:04:52:36 -0200] "POST /juddiv3/services/inquiry HTTP/1.1" 200 1181
127.0.0.1 - - [03/Dec/2018:04:52:40 -0200] "POST /juddiv3/services/inquiry HTTP/1.1" 200 923
127.0.0.1 - - [03/Dec/2018:04:52:40 -0200] "POST /juddiv3/services/inquiry HTTP/1.1" 200 3008
127.0.0.1 - - [03/Dec/2018:04:52:41 -0200] "POST /juddiv3/services/inquiry HTTP/1.1" 200 877
127.0.0.1 - - [03/Dec/2018:04:52:41 -0200] "POST /juddiv3/services/inquiry HTTP/1.1" 200 1164
