127.0.0.1 - - [23/Oct/2016:17:22:34 -0200] "POST /juddiv3/services/inquiry HTTP/1.1" 200 675
0:0:0:0:0:0:0:1 - - [23/Oct/2016:17:23:20 -0200] "GET /juddi-gui HTTP/1.1" 302 -
0:0:0:0:0:0:0:1 - - [23/Oct/2016:17:23:20 -0200] "GET /juddi-gui/ HTTP/1.1" 302 -
0:0:0:0:0:0:0:1 - - [23/Oct/2016:17:23:20 -0200] "GET /juddi-gui/home.jsp HTTP/1.1" 200 20657
0:0:0:0:0:0:0:1 - - [23/Oct/2016:17:23:20 -0200] "GET /juddi-gui/js/i18n.js.jsp HTTP/1.1" 200 3014
0:0:0:0:0:0:0:1 - - [23/Oct/2016:17:23:20 -0200] "GET /juddi-gui/css/bootstrap-timepicker.min.css HTTP/1.1" 200 2410
0:0:0:0:0:0:0:1 - - [23/Oct/2016:17:23:20 -0200] "GET /juddi-gui/css/bootstrap-responsive.min.css HTTP/1.1" 200 16849
0:0:0:0:0:0:0:1 - - [23/Oct/2016:17:23:20 -0200] "GET /juddi-gui/css/bootstrap-modal.css HTTP/1.1" 200 4229
0:0:0:0:0:0:0:1 - - [23/Oct/2016:17:23:20 -0200] "GET /juddi-gui/css/bootstrap.min.css HTTP/1.1" 200 105939
127.0.0.1 - - [23/Oct/2016:17:23:28 -0200] "POST /juddiv3/services/security HTTP/1.1" 200 581
0:0:0:0:0:0:0:1 - - [23/Oct/2016:17:23:28 -0200] "POST /juddi-gui/ajax/loginpost.jsp HTTP/1.1" 200 18
0:0:0:0:0:0:0:1 - - [23/Oct/2016:17:23:28 -0200] "GET /juddi-gui/login.jsp HTTP/1.1" 200 931
0:0:0:0:0:0:0:1 - - [23/Oct/2016:17:23:34 -0200] "GET /juddi-gui/importFromWsdl.jsp HTTP/1.1" 200 39961
0:0:0:0:0:0:0:1 - - [23/Oct/2016:17:23:34 -0200] "GET /juddi-gui/js/i18n.js.jsp HTTP/1.1" 200 3014
0:0:0:0:0:0:0:1 - - [23/Oct/2016:17:23:34 -0200] "GET /juddi-gui/img/bigrollergreen.gif HTTP/1.1" 200 4176
0:0:0:0:0:0:0:1 - - [23/Oct/2016:17:23:34 -0200] "GET /juddi-gui/js/businessChooser.js HTTP/1.1" 200 6252
127.0.0.1 - - [23/Oct/2016:17:23:35 -0200] "POST /juddiv3/services/inquiry HTTP/1.1" 200 3294
0:0:0:0:0:0:0:1 - - [23/Oct/2016:17:23:35 -0200] "GET /juddi-gui/ajax/businesssearch.jsp?keyword=%25&offset=0&maxrecords=10&lang=&chooser=true&_=1477250614921 HTTP/1.1" 200 1212
127.0.0.1 - - [23/Oct/2016:17:25:24 -0200] "POST /juddiv3/services/inquiry HTTP/1.1" 200 3294
0:0:0:0:0:0:0:1 - - [23/Oct/2016:17:25:24 -0200] "GET /juddi-gui/ajax/businesssearch.jsp?keyword=%25&offset=0&maxrecords=10&lang=&chooser=true&_=1477250614922 HTTP/1.1" 200 1212
127.0.0.1 - - [23/Oct/2016:17:25:26 -0200] "POST /juddiv3/services/inquiry HTTP/1.1" 200 3110
0:0:0:0:0:0:0:1 - - [23/Oct/2016:17:25:26 -0200] "GET /juddi-gui/businessEditor2.jsp?id=uddi:das.ufsc.br:repository HTTP/1.1" 200 42718
0:0:0:0:0:0:0:1 - - [23/Oct/2016:17:25:26 -0200] "GET /juddi-gui/js/i18n.js.jsp HTTP/1.1" 200 3014
127.0.0.1 - - [23/Oct/2016:17:25:26 -0200] "POST /juddiv3/services/inquiry HTTP/1.1" 200 907
0:0:0:0:0:0:0:1 - - [23/Oct/2016:17:25:26 -0200] "GET /juddi-gui/ajax/opInfo.jsp?id=uddi:das.ufsc.br:repository HTTP/1.1" 200 406
127.0.0.1 - - [23/Oct/2016:17:25:26 -0200] "POST /juddiv3/services/inquiry HTTP/1.1" 200 739
0:0:0:0:0:0:0:1 - - [23/Oct/2016:17:25:26 -0200] "POST /juddi-gui/ajax/search.jsp HTTP/1.1" 200 51
127.0.0.1 - - [23/Oct/2016:17:25:27 -0200] "POST /juddiv3/services/inquiry HTTP/1.1" 200 3197
0:0:0:0:0:0:0:1 - - [23/Oct/2016:17:25:27 -0200] "GET /juddi-gui/ajax/tmodelsearch.jsp?keyword=%25&offset=0&maxrecords=10&lang=&chooser=undefined&_=1477250726792 HTTP/1.1" 200 2543
0:0:0:0:0:0:0:1 - - [23/Oct/2016:17:25:34 -0200] "GET /juddi-gui/importFromWsdl.jsp HTTP/1.1" 200 39961
127.0.0.1 - - [23/Oct/2016:17:25:34 -0200] "POST /juddiv3/services/inquiry HTTP/1.1" 200 3294
0:0:0:0:0:0:0:1 - - [23/Oct/2016:17:25:34 -0200] "GET /juddi-gui/ajax/businesssearch.jsp?keyword=%25&offset=0&maxrecords=10&lang=&chooser=true&_=1477250734442 HTTP/1.1" 200 1212
127.0.0.1 - - [23/Oct/2016:17:25:37 -0200] "POST /juddiv3/services/inquiry HTTP/1.1" 200 3294
0:0:0:0:0:0:0:1 - - [23/Oct/2016:17:25:37 -0200] "GET /juddi-gui/ajax/businesssearch.jsp?keyword=%25&offset=0&maxrecords=10&lang=&chooser=true&_=1477250734443 HTTP/1.1" 200 1212
127.0.0.1 - - [23/Oct/2016:17:25:48 -0200] "POST /juddiv3/services/inquiry HTTP/1.1" 500 802
127.0.0.1 - - [23/Oct/2016:17:25:49 -0200] "POST /juddiv3/services/publish HTTP/1.1" 200 920
127.0.0.1 - - [23/Oct/2016:17:25:49 -0200] "POST /juddiv3/services/publish HTTP/1.1" 200 1614
127.0.0.1 - - [23/Oct/2016:17:25:49 -0200] "POST /juddiv3/services/publish HTTP/1.1" 200 1042
127.0.0.1 - - [23/Oct/2016:17:25:49 -0200] "POST /juddiv3/services/inquiry HTTP/1.1" 200 3110
127.0.0.1 - - [23/Oct/2016:17:25:50 -0200] "POST /juddiv3/services/publish HTTP/1.1" 200 5300
0:0:0:0:0:0:0:1 - - [23/Oct/2016:17:25:50 -0200] "POST /juddi-gui/ajax/importFromWsdl.jsp HTTP/1.1" 200 1319
0:0:0:0:0:0:0:1 - - [23/Oct/2016:17:25:55 -0200] "GET /juddi-gui/serviceBrowse.jsp HTTP/1.1" 200 21132
0:0:0:0:0:0:0:1 - - [23/Oct/2016:17:25:55 -0200] "GET /juddi-gui/js/i18n.js.jsp HTTP/1.1" 200 3014
127.0.0.1 - - [23/Oct/2016:17:25:56 -0200] "POST /juddiv3/services/inquiry HTTP/1.1" 200 3594
0:0:0:0:0:0:0:1 - - [23/Oct/2016:17:25:56 -0200] "GET /juddi-gui/ajax/servicesearch.jsp?keyword=%25&offset=%5Bobject%20HTMLSpanElement%5D&maxrecords=20&lang=&_=1477250755906 HTTP/1.1" 200 6237
127.0.0.1 - - [23/Oct/2016:17:26:00 -0200] "POST /juddiv3/services/inquiry HTTP/1.1" 200 2704
0:0:0:0:0:0:0:1 - - [23/Oct/2016:17:26:00 -0200] "GET /juddi-gui/serviceEditor.jsp?id=uddi:localhost:service_sumservice HTTP/1.1" 200 44398
0:0:0:0:0:0:0:1 - - [23/Oct/2016:17:26:00 -0200] "GET /juddi-gui/js/i18n.js.jsp HTTP/1.1" 200 3014
127.0.0.1 - - [23/Oct/2016:17:26:00 -0200] "POST /juddiv3/services/inquiry HTTP/1.1" 200 913
0:0:0:0:0:0:0:1 - - [23/Oct/2016:17:26:00 -0200] "GET /juddi-gui/ajax/opInfo.jsp?id=uddi:localhost:service_sumservice HTTP/1.1" 200 412
127.0.0.1 - - [23/Oct/2016:17:26:00 -0200] "POST /juddiv3/services/inquiry HTTP/1.1" 200 3197
0:0:0:0:0:0:0:1 - - [23/Oct/2016:17:26:00 -0200] "GET /juddi-gui/ajax/tmodelsearch.jsp?keyword=%25&offset=0&maxrecords=10&lang=&chooser=undefined&_=1477250760264 HTTP/1.1" 200 2543
127.0.0.1 - - [23/Oct/2016:17:26:13 -0200] "POST /juddiv3/services/inquiry HTTP/1.1" 200 3197
0:0:0:0:0:0:0:1 - - [23/Oct/2016:17:26:13 -0200] "GET /juddi-gui/ajax/tmodelsearch.jsp?keyword=%25&offset=0&maxrecords=10&lang=&chooser=true&_=1477250760265 HTTP/1.1" 200 2792
0:0:0:0:0:0:0:1 - - [23/Oct/2016:17:26:49 -0200] "GET /juddi-gui/tmodelBrowse.jsp HTTP/1.1" 200 21082
0:0:0:0:0:0:0:1 - - [23/Oct/2016:17:26:50 -0200] "GET /juddi-gui/js/i18n.js.jsp HTTP/1.1" 200 3014
127.0.0.1 - - [23/Oct/2016:17:26:50 -0200] "POST /juddiv3/services/inquiry HTTP/1.1" 200 3197
127.0.0.1 - - [23/Oct/2016:17:26:50 -0200] "POST /juddiv3/services/inquiry HTTP/1.1" 200 3197
0:0:0:0:0:0:0:1 - - [23/Oct/2016:17:26:50 -0200] "GET /juddi-gui/ajax/tmodelsearch.jsp?keyword=%25&offset=0&maxrecords=10&lang=&chooser=false&_=1477250810066 HTTP/1.1" 200 2543
0:0:0:0:0:0:0:1 - - [23/Oct/2016:17:26:50 -0200] "GET /juddi-gui/ajax/tmodelsearch.jsp?keyword=%25&offset=0&maxrecords=10&lang=&chooser=undefined&_=1477250810065 HTTP/1.1" 200 2543
127.0.0.1 - - [23/Oct/2016:17:26:53 -0200] "POST /juddiv3/services/inquiry HTTP/1.1" 200 680
0:0:0:0:0:0:0:1 - - [23/Oct/2016:17:26:53 -0200] "GET /juddi-gui/tmodelEditor.jsp?id=uddi:das.ufsc.br:servicecategory:consultacep HTTP/1.1" 200 40656
0:0:0:0:0:0:0:1 - - [23/Oct/2016:17:26:53 -0200] "GET /juddi-gui/js/i18n.js.jsp HTTP/1.1" 200 3014
127.0.0.1 - - [23/Oct/2016:17:26:53 -0200] "POST /juddiv3/services/inquiry HTTP/1.1" 200 924
0:0:0:0:0:0:0:1 - - [23/Oct/2016:17:26:53 -0200] "GET /juddi-gui/ajax/opInfo.jsp?id=uddi:das.ufsc.br:servicecategory:consultacep HTTP/1.1" 200 423
127.0.0.1 - - [23/Oct/2016:17:26:53 -0200] "POST /juddiv3/services/inquiry HTTP/1.1" 200 3197
0:0:0:0:0:0:0:1 - - [23/Oct/2016:17:26:53 -0200] "GET /juddi-gui/ajax/tmodelsearch.jsp?keyword=%25&offset=0&maxrecords=10&lang=&chooser=undefined&_=1477250813566 HTTP/1.1" 200 2543
127.0.0.1 - - [23/Oct/2016:17:26:54 -0200] "POST /juddiv3/services/publish HTTP/1.1" 200 98
0:0:0:0:0:0:0:1 - - [23/Oct/2016:17:26:54 -0200] "POST /juddi-gui/ajax/deletetmodel.jsp?id=uddi:das.ufsc.br:servicecategory:consultacep HTTP/1.1" 200 40
127.0.0.1 - - [23/Oct/2016:17:27:03 -0200] "POST /juddiv3/services/publish HTTP/1.1" 200 98
0:0:0:0:0:0:0:1 - - [23/Oct/2016:17:27:03 -0200] "POST /juddi-gui/ajax/deletetmodel.jsp?id=uddi:das.ufsc.br:servicecategory:consultacep HTTP/1.1" 200 40
0:0:0:0:0:0:0:1 - - [23/Oct/2016:17:27:07 -0200] "GET /juddi-gui/tmodelBrowse.jsp HTTP/1.1" 200 21082
0:0:0:0:0:0:0:1 - - [23/Oct/2016:17:27:07 -0200] "GET /juddi-gui/js/i18n.js.jsp HTTP/1.1" 200 3014
127.0.0.1 - - [23/Oct/2016:17:27:07 -0200] "POST /juddiv3/services/inquiry HTTP/1.1" 200 3382
0:0:0:0:0:0:0:1 - - [23/Oct/2016:17:27:07 -0200] "GET /juddi-gui/ajax/tmodelsearch.jsp?keyword=%25&offset=0&maxrecords=10&lang=&chooser=false&_=1477250827230 HTTP/1.1" 200 2601
127.0.0.1 - - [23/Oct/2016:17:27:07 -0200] "POST /juddiv3/services/inquiry HTTP/1.1" 200 3382
0:0:0:0:0:0:0:1 - - [23/Oct/2016:17:27:07 -0200] "GET /juddi-gui/ajax/tmodelsearch.jsp?keyword=%25&offset=0&maxrecords=10&lang=&chooser=undefined&_=1477250827229 HTTP/1.1" 200 2601
0:0:0:0:0:0:0:1 - - [23/Oct/2016:17:27:16 -0200] "GET /juddi-gui/serviceBrowse.jsp HTTP/1.1" 200 21132
0:0:0:0:0:0:0:1 - - [23/Oct/2016:17:27:16 -0200] "GET /juddi-gui/js/i18n.js.jsp HTTP/1.1" 200 3014
127.0.0.1 - - [23/Oct/2016:17:27:16 -0200] "POST /juddiv3/services/inquiry HTTP/1.1" 200 3594
0:0:0:0:0:0:0:1 - - [23/Oct/2016:17:27:16 -0200] "GET /juddi-gui/ajax/servicesearch.jsp?keyword=%25&offset=%5Bobject%20HTMLSpanElement%5D&maxrecords=20&lang=&_=1477250836258 HTTP/1.1" 200 6237
127.0.0.1 - - [23/Oct/2016:17:27:18 -0200] "POST /juddiv3/services/inquiry HTTP/1.1" 200 2944
0:0:0:0:0:0:0:1 - - [23/Oct/2016:17:27:18 -0200] "GET /juddi-gui/serviceEditor.jsp?id=uddi:das.ufsc.br:service_cepservicesoapservice HTTP/1.1" 200 45351
0:0:0:0:0:0:0:1 - - [23/Oct/2016:17:27:18 -0200] "GET /juddi-gui/js/i18n.js.jsp HTTP/1.1" 200 3014
127.0.0.1 - - [23/Oct/2016:17:27:18 -0200] "POST /juddiv3/services/inquiry HTTP/1.1" 200 926
0:0:0:0:0:0:0:1 - - [23/Oct/2016:17:27:18 -0200] "GET /juddi-gui/ajax/opInfo.jsp?id=uddi:das.ufsc.br:service_cepservicesoapservice HTTP/1.1" 200 425
127.0.0.1 - - [23/Oct/2016:17:27:18 -0200] "POST /juddiv3/services/inquiry HTTP/1.1" 200 3382
0:0:0:0:0:0:0:1 - - [23/Oct/2016:17:27:18 -0200] "GET /juddi-gui/ajax/tmodelsearch.jsp?keyword=%25&offset=0&maxrecords=10&lang=&chooser=undefined&_=1477250838512 HTTP/1.1" 200 2601
0:0:0:0:0:0:0:1 - - [23/Oct/2016:17:27:26 -0200] "GET /juddi-gui/serviceBrowse.jsp HTTP/1.1" 200 21132
0:0:0:0:0:0:0:1 - - [23/Oct/2016:17:27:26 -0200] "GET /juddi-gui/js/i18n.js.jsp HTTP/1.1" 200 3014
127.0.0.1 - - [23/Oct/2016:17:27:26 -0200] "POST /juddiv3/services/inquiry HTTP/1.1" 200 3594
0:0:0:0:0:0:0:1 - - [23/Oct/2016:17:27:26 -0200] "GET /juddi-gui/ajax/servicesearch.jsp?keyword=%25&offset=%5Bobject%20HTMLSpanElement%5D&maxrecords=20&lang=&_=1477250846567 HTTP/1.1" 200 6237
127.0.0.1 - - [23/Oct/2016:17:27:29 -0200] "POST /juddiv3/services/inquiry HTTP/1.1" 200 2704
0:0:0:0:0:0:0:1 - - [23/Oct/2016:17:27:29 -0200] "GET /juddi-gui/serviceEditor.jsp?id=uddi:localhost:service_sumservice HTTP/1.1" 200 44398
0:0:0:0:0:0:0:1 - - [23/Oct/2016:17:27:29 -0200] "GET /juddi-gui/js/i18n.js.jsp HTTP/1.1" 200 3014
127.0.0.1 - - [23/Oct/2016:17:27:29 -0200] "POST /juddiv3/services/inquiry HTTP/1.1" 200 913
0:0:0:0:0:0:0:1 - - [23/Oct/2016:17:27:29 -0200] "GET /juddi-gui/ajax/opInfo.jsp?id=uddi:localhost:service_sumservice HTTP/1.1" 200 412
127.0.0.1 - - [23/Oct/2016:17:27:29 -0200] "POST /juddiv3/services/inquiry HTTP/1.1" 200 3382
0:0:0:0:0:0:0:1 - - [23/Oct/2016:17:27:29 -0200] "GET /juddi-gui/ajax/tmodelsearch.jsp?keyword=%25&offset=0&maxrecords=10&lang=&chooser=undefined&_=1477250849721 HTTP/1.1" 200 2601
127.0.0.1 - - [23/Oct/2016:17:27:35 -0200] "POST /juddiv3/services/inquiry HTTP/1.1" 200 3382
0:0:0:0:0:0:0:1 - - [23/Oct/2016:17:27:35 -0200] "GET /juddi-gui/ajax/tmodelsearch.jsp?keyword=%25&offset=0&maxrecords=10&lang=&chooser=true&_=1477250849722 HTTP/1.1" 200 2850
127.0.0.1 - - [23/Oct/2016:17:27:38 -0200] "POST /juddiv3/services/inquiry HTTP/1.1" 200 673
0:0:0:0:0:0:0:1 - - [23/Oct/2016:17:27:38 -0200] "GET /juddi-gui/ajax/tmodelsearch.jsp?keyword=%20uddi%3Adas.ufsc.br%3Aservicecategory&offset=0&maxrecords=10&lang=&chooser=true&_=1477250849723 HTTP/1.1" 200 233
127.0.0.1 - - [23/Oct/2016:17:27:46 -0200] "POST /juddiv3/services/inquiry HTTP/1.1" 200 673
0:0:0:0:0:0:0:1 - - [23/Oct/2016:17:27:46 -0200] "GET /juddi-gui/ajax/tmodelsearch.jsp?keyword=%25servicecategory%25&offset=0&maxrecords=10&lang=&chooser=true&_=1477250849724 HTTP/1.1" 200 233
127.0.0.1 - - [23/Oct/2016:17:27:46 -0200] "POST /juddiv3/services/inquiry HTTP/1.1" 200 673
0:0:0:0:0:0:0:1 - - [23/Oct/2016:17:27:46 -0200] "GET /juddi-gui/ajax/tmodelsearch.jsp?keyword=%25servicecategory%25&offset=0&maxrecords=10&lang=&chooser=true&_=1477250849725 HTTP/1.1" 200 233
127.0.0.1 - - [23/Oct/2016:17:27:47 -0200] "POST /juddiv3/services/inquiry HTTP/1.1" 200 673
0:0:0:0:0:0:0:1 - - [23/Oct/2016:17:27:47 -0200] "GET /juddi-gui/ajax/tmodelsearch.jsp?keyword=%25servicecategory%25&offset=0&maxrecords=10&lang=&chooser=true&_=1477250849726 HTTP/1.1" 200 233
127.0.0.1 - - [23/Oct/2016:17:27:51 -0200] "POST /juddiv3/services/inquiry HTTP/1.1" 200 3382
0:0:0:0:0:0:0:1 - - [23/Oct/2016:17:27:51 -0200] "GET /juddi-gui/ajax/tmodelsearch.jsp?keyword=&offset=0&maxrecords=10&lang=&chooser=true&_=1477250849727 HTTP/1.1" 200 2850
127.0.0.1 - - [23/Oct/2016:17:28:00 -0200] "POST /juddiv3/services/inquiry HTTP/1.1" 200 3626
0:0:0:0:0:0:0:1 - - [23/Oct/2016:17:28:00 -0200] "GET /juddi-gui/ajax/tmodelsearch.jsp?keyword=&offset=10&maxrecords=10&lang=&chooser=true&_=1477250849728 HTTP/1.1" 200 3000
127.0.0.1 - - [23/Oct/2016:17:28:04 -0200] "POST /juddiv3/services/inquiry HTTP/1.1" 200 3382
0:0:0:0:0:0:0:1 - - [23/Oct/2016:17:28:04 -0200] "GET /juddi-gui/ajax/tmodelsearch.jsp?keyword=&offset=0&maxrecords=10&lang=&chooser=true&_=1477250849729 HTTP/1.1" 200 2850
127.0.0.1 - - [23/Oct/2016:17:28:09 -0200] "POST /juddiv3/services/inquiry HTTP/1.1" 200 3626
0:0:0:0:0:0:0:1 - - [23/Oct/2016:17:28:09 -0200] "GET /juddi-gui/ajax/tmodelsearch.jsp?keyword=&offset=10&maxrecords=10&lang=&chooser=true&_=1477250849730 HTTP/1.1" 200 3000
127.0.0.1 - - [23/Oct/2016:17:28:13 -0200] "POST /juddiv3/services/inquiry HTTP/1.1" 200 3382
0:0:0:0:0:0:0:1 - - [23/Oct/2016:17:28:13 -0200] "GET /juddi-gui/ajax/tmodelsearch.jsp?keyword=&offset=0&maxrecords=10&lang=&chooser=true&_=1477250849731 HTTP/1.1" 200 2850
127.0.0.1 - - [23/Oct/2016:17:28:21 -0200] "POST /juddiv3/services/inquiry HTTP/1.1" 200 1284
0:0:0:0:0:0:0:1 - - [23/Oct/2016:17:28:21 -0200] "GET /juddi-gui/ajax/tmodelsearch.jsp?keyword=%25category%25&offset=0&maxrecords=10&lang=&chooser=true&_=1477250849732 HTTP/1.1" 200 977
127.0.0.1 - - [23/Oct/2016:17:28:44 -0200] "POST /juddiv3/services/inquiry HTTP/1.1" 200 2704
127.0.0.1 - - [23/Oct/2016:17:28:44 -0200] "POST /juddiv3/services/publish HTTP/1.1" 200 2816
0:0:0:0:0:0:0:1 - - [23/Oct/2016:17:28:44 -0200] "POST /juddi-gui/ajax/saveservicedetails.jsp HTTP/1.1" 200 126
0:0:0:0:0:0:0:1 - - [23/Oct/2016:17:28:56 -0200] "GET /juddi-gui/importFromWsdl.jsp HTTP/1.1" 200 39961
0:0:0:0:0:0:0:1 - - [23/Oct/2016:17:28:56 -0200] "GET /juddi-gui/js/i18n.js.jsp HTTP/1.1" 200 3014
127.0.0.1 - - [23/Oct/2016:17:28:56 -0200] "POST /juddiv3/services/inquiry HTTP/1.1" 200 3463
0:0:0:0:0:0:0:1 - - [23/Oct/2016:17:28:57 -0200] "GET /juddi-gui/ajax/businesssearch.jsp?keyword=%25&offset=0&maxrecords=10&lang=&chooser=true&_=1477250936534 HTTP/1.1" 200 1212
127.0.0.1 - - [23/Oct/2016:17:29:24 -0200] "POST /juddiv3/services/inquiry HTTP/1.1" 200 3463
0:0:0:0:0:0:0:1 - - [23/Oct/2016:17:29:24 -0200] "GET /juddi-gui/ajax/businesssearch.jsp?keyword=%25&offset=0&maxrecords=10&lang=&chooser=true&_=1477250936535 HTTP/1.1" 200 1212
127.0.0.1 - - [23/Oct/2016:17:29:31 -0200] "POST /juddiv3/services/inquiry HTTP/1.1" 200 936
0:0:0:0:0:0:0:1 - - [23/Oct/2016:17:29:31 -0200] "POST /juddi-gui/ajax/importFromWsdl.jsp HTTP/1.1" 200 720
127.0.0.1 - - [23/Oct/2016:17:29:34 -0200] "POST /juddiv3/services/inquiry HTTP/1.1" 200 936
127.0.0.1 - - [23/Oct/2016:17:29:34 -0200] "POST /juddiv3/services/publish HTTP/1.1" 200 1638
127.0.0.1 - - [23/Oct/2016:17:29:34 -0200] "POST /juddiv3/services/publish HTTP/1.1" 200 1062
127.0.0.1 - - [23/Oct/2016:17:29:35 -0200] "POST /juddiv3/services/inquiry HTTP/1.1" 200 5412
127.0.0.1 - - [23/Oct/2016:17:29:35 -0200] "POST /juddiv3/services/publish HTTP/1.1" 200 7650
0:0:0:0:0:0:0:1 - - [23/Oct/2016:17:29:35 -0200] "POST /juddi-gui/ajax/importFromWsdl.jsp HTTP/1.1" 200 1203
0:0:0:0:0:0:0:1 - - [23/Oct/2016:17:29:59 -0200] "GET /juddi-gui/serviceBrowse.jsp HTTP/1.1" 200 21132
0:0:0:0:0:0:0:1 - - [23/Oct/2016:17:29:59 -0200] "GET /juddi-gui/js/i18n.js.jsp HTTP/1.1" 200 3014
127.0.0.1 - - [23/Oct/2016:17:29:59 -0200] "POST /juddiv3/services/inquiry HTTP/1.1" 200 3771
0:0:0:0:0:0:0:1 - - [23/Oct/2016:17:29:59 -0200] "GET /juddi-gui/ajax/servicesearch.jsp?keyword=%25&offset=%5Bobject%20HTMLSpanElement%5D&maxrecords=20&lang=&_=1477250999625 HTTP/1.1" 200 6608
127.0.0.1 - - [23/Oct/2016:17:30:02 -0200] "POST /juddiv3/services/inquiry HTTP/1.1" 200 2752
0:0:0:0:0:0:0:1 - - [23/Oct/2016:17:30:02 -0200] "GET /juddi-gui/serviceEditor.jsp?id=uddi:localhost:service_productservice HTTP/1.1" 200 44470
0:0:0:0:0:0:0:1 - - [23/Oct/2016:17:30:02 -0200] "GET /juddi-gui/js/i18n.js.jsp HTTP/1.1" 200 3014
127.0.0.1 - - [23/Oct/2016:17:30:02 -0200] "POST /juddiv3/services/inquiry HTTP/1.1" 200 917
0:0:0:0:0:0:0:1 - - [23/Oct/2016:17:30:02 -0200] "GET /juddi-gui/ajax/opInfo.jsp?id=uddi:localhost:service_productservice HTTP/1.1" 200 416
127.0.0.1 - - [23/Oct/2016:17:30:02 -0200] "POST /juddiv3/services/inquiry HTTP/1.1" 200 3382
0:0:0:0:0:0:0:1 - - [23/Oct/2016:17:30:02 -0200] "GET /juddi-gui/ajax/tmodelsearch.jsp?keyword=%25&offset=0&maxrecords=10&lang=&chooser=undefined&_=1477251002247 HTTP/1.1" 200 2601
127.0.0.1 - - [23/Oct/2016:17:30:17 -0200] "POST /juddiv3/services/inquiry HTTP/1.1" 200 1960
0:0:0:0:0:0:0:1 - - [23/Oct/2016:17:30:17 -0200] "GET /juddi-gui/bindingEditor.jsp?id=uddi%3Alocalhost%3Abinding_localhost_productservice_productserviceimplport_8080 HTTP/1.1" 200 63576
0:0:0:0:0:0:0:1 - - [23/Oct/2016:17:30:17 -0200] "GET /juddi-gui/js/i18n.js.jsp HTTP/1.1" 200 3014
0:0:0:0:0:0:0:1 - - [23/Oct/2016:17:30:17 -0200] "GET /juddi-gui/js/bindingeditor.js HTTP/1.1" 200 3385
127.0.0.1 - - [23/Oct/2016:17:30:17 -0200] "POST /juddiv3/services/inquiry HTTP/1.1" 200 955
0:0:0:0:0:0:0:1 - - [23/Oct/2016:17:30:17 -0200] "GET /juddi-gui/ajax/opInfo.jsp?id=uddi:localhost:binding_localhost_productservice_productserviceimplport_8080 HTTP/1.1" 200 454
127.0.0.1 - - [23/Oct/2016:17:30:17 -0200] "POST /juddiv3/services/inquiry HTTP/1.1" 200 3382
0:0:0:0:0:0:0:1 - - [23/Oct/2016:17:30:17 -0200] "GET /juddi-gui/ajax/tmodelsearch.jsp?keyword=%25&offset=0&maxrecords=10&lang=&chooser=undefined&_=1477251017109 HTTP/1.1" 200 2601
127.0.0.1 - - [23/Oct/2016:17:31:03 -0200] "POST /juddiv3/services/inquiry HTTP/1.1" 200 3382
0:0:0:0:0:0:0:1 - - [23/Oct/2016:17:31:03 -0200] "GET /juddi-gui/ajax/tmodelsearch.jsp?keyword=%25&offset=0&maxrecords=10&lang=&chooser=true&_=1477251017110 HTTP/1.1" 200 2850
127.0.0.1 - - [23/Oct/2016:17:31:09 -0200] "POST /juddiv3/services/inquiry HTTP/1.1" 200 3429
0:0:0:0:0:0:0:1 - - [23/Oct/2016:17:31:09 -0200] "GET /juddi-gui/ajax/tmodelsearch.jsp?keyword=%25&offset=10&maxrecords=10&lang=&chooser=true&_=1477251017111 HTTP/1.1" 200 2901
127.0.0.1 - - [23/Oct/2016:17:31:10 -0200] "POST /juddiv3/services/inquiry HTTP/1.1" 200 3382
0:0:0:0:0:0:0:1 - - [23/Oct/2016:17:31:11 -0200] "GET /juddi-gui/ajax/tmodelsearch.jsp?keyword=%25&offset=0&maxrecords=10&lang=&chooser=true&_=1477251017112 HTTP/1.1" 200 2850
127.0.0.1 - - [23/Oct/2016:17:31:20 -0200] "POST /juddiv3/services/inquiry HTTP/1.1" 200 674
0:0:0:0:0:0:0:1 - - [23/Oct/2016:17:31:20 -0200] "GET /juddi-gui/ajax/tmodelsearch.jsp?keyword=%25category%25&offset=10&maxrecords=10&lang=&chooser=true&_=1477251017113 HTTP/1.1" 200 234
127.0.0.1 - - [23/Oct/2016:17:31:24 -0200] "POST /juddiv3/services/inquiry HTTP/1.1" 200 674
0:0:0:0:0:0:0:1 - - [23/Oct/2016:17:31:24 -0200] "GET /juddi-gui/ajax/tmodelsearch.jsp?keyword=%25category%25&offset=10&maxrecords=10&lang=&chooser=true&_=1477251017114 HTTP/1.1" 200 234
127.0.0.1 - - [23/Oct/2016:17:31:30 -0200] "POST /juddiv3/services/inquiry HTTP/1.1" 200 674
0:0:0:0:0:0:0:1 - - [23/Oct/2016:17:31:30 -0200] "GET /juddi-gui/ajax/tmodelsearch.jsp?keyword=%25category%25&offset=10&maxrecords=10&lang=&chooser=true&_=1477251017115 HTTP/1.1" 200 234
127.0.0.1 - - [23/Oct/2016:17:31:34 -0200] "POST /juddiv3/services/inquiry HTTP/1.1" 200 3429
0:0:0:0:0:0:0:1 - - [23/Oct/2016:17:31:34 -0200] "GET /juddi-gui/ajax/tmodelsearch.jsp?keyword=&offset=10&maxrecords=10&lang=&chooser=true&_=1477251017116 HTTP/1.1" 200 2901
127.0.0.1 - - [23/Oct/2016:17:31:44 -0200] "POST /juddiv3/services/inquiry HTTP/1.1" 200 3382
0:0:0:0:0:0:0:1 - - [23/Oct/2016:17:31:44 -0200] "GET /juddi-gui/ajax/tmodelsearch.jsp?keyword=%25%25&offset=0&maxrecords=10&lang=&chooser=true&_=1477251017117 HTTP/1.1" 200 2850
127.0.0.1 - - [23/Oct/2016:17:31:47 -0200] "POST /juddiv3/services/inquiry HTTP/1.1" 200 674
0:0:0:0:0:0:0:1 - - [23/Oct/2016:17:31:47 -0200] "GET /juddi-gui/ajax/tmodelsearch.jsp?keyword=%25das%25&offset=10&maxrecords=10&lang=&chooser=true&_=1477251017118 HTTP/1.1" 200 234
0:0:0:0:0:0:0:1 - - [23/Oct/2016:17:31:55 -0200] "GET /juddi-gui/serviceBrowse.jsp HTTP/1.1" 200 21132
0:0:0:0:0:0:0:1 - - [23/Oct/2016:17:31:55 -0200] "GET /juddi-gui/js/i18n.js.jsp HTTP/1.1" 200 3014
127.0.0.1 - - [23/Oct/2016:17:31:55 -0200] "POST /juddiv3/services/inquiry HTTP/1.1" 200 3771
0:0:0:0:0:0:0:1 - - [23/Oct/2016:17:31:55 -0200] "GET /juddi-gui/ajax/servicesearch.jsp?keyword=%25&offset=%5Bobject%20HTMLSpanElement%5D&maxrecords=20&lang=&_=1477251115757 HTTP/1.1" 200 6608
127.0.0.1 - - [23/Oct/2016:17:31:57 -0200] "POST /juddiv3/services/inquiry HTTP/1.1" 200 2752
0:0:0:0:0:0:0:1 - - [23/Oct/2016:17:31:57 -0200] "GET /juddi-gui/serviceEditor.jsp?id=uddi:localhost:service_productservice HTTP/1.1" 200 44470
0:0:0:0:0:0:0:1 - - [23/Oct/2016:17:31:57 -0200] "GET /juddi-gui/js/i18n.js.jsp HTTP/1.1" 200 3014
127.0.0.1 - - [23/Oct/2016:17:31:57 -0200] "POST /juddiv3/services/inquiry HTTP/1.1" 200 917
0:0:0:0:0:0:0:1 - - [23/Oct/2016:17:31:57 -0200] "GET /juddi-gui/ajax/opInfo.jsp?id=uddi:localhost:service_productservice HTTP/1.1" 200 416
127.0.0.1 - - [23/Oct/2016:17:31:57 -0200] "POST /juddiv3/services/inquiry HTTP/1.1" 200 3382
0:0:0:0:0:0:0:1 - - [23/Oct/2016:17:31:57 -0200] "GET /juddi-gui/ajax/tmodelsearch.jsp?keyword=%25&offset=0&maxrecords=10&lang=&chooser=undefined&_=1477251117873 HTTP/1.1" 200 2601
127.0.0.1 - - [23/Oct/2016:17:32:08 -0200] "POST /juddiv3/services/inquiry HTTP/1.1" 200 3382
0:0:0:0:0:0:0:1 - - [23/Oct/2016:17:32:08 -0200] "GET /juddi-gui/ajax/tmodelsearch.jsp?keyword=%25&offset=0&maxrecords=10&lang=&chooser=true&_=1477251117874 HTTP/1.1" 200 2850
127.0.0.1 - - [23/Oct/2016:17:32:11 -0200] "POST /juddiv3/services/inquiry HTTP/1.1" 200 3429
0:0:0:0:0:0:0:1 - - [23/Oct/2016:17:32:11 -0200] "GET /juddi-gui/ajax/tmodelsearch.jsp?keyword=%25&offset=10&maxrecords=10&lang=&chooser=true&_=1477251117875 HTTP/1.1" 200 2901
127.0.0.1 - - [23/Oct/2016:17:32:17 -0200] "POST /juddiv3/services/inquiry HTTP/1.1" 200 3008
0:0:0:0:0:0:0:1 - - [23/Oct/2016:17:32:17 -0200] "GET /juddi-gui/ajax/tmodelsearch.jsp?keyword=%25&offset=20&maxrecords=10&lang=&chooser=true&_=1477251117876 HTTP/1.1" 200 2532
127.0.0.1 - - [23/Oct/2016:17:32:21 -0200] "POST /juddiv3/services/inquiry HTTP/1.1" 200 3163
0:0:0:0:0:0:0:1 - - [23/Oct/2016:17:32:21 -0200] "GET /juddi-gui/ajax/tmodelsearch.jsp?keyword=%25&offset=30&maxrecords=10&lang=&chooser=true&_=1477251117877 HTTP/1.1" 200 2887
127.0.0.1 - - [23/Oct/2016:17:32:31 -0200] "POST /juddiv3/services/inquiry HTTP/1.1" 200 674
0:0:0:0:0:0:0:1 - - [23/Oct/2016:17:32:31 -0200] "GET /juddi-gui/ajax/tmodelsearch.jsp?keyword=%25category%25&offset=30&maxrecords=10&lang=&chooser=true&_=1477251117878 HTTP/1.1" 200 234
127.0.0.1 - - [23/Oct/2016:17:32:40 -0200] "POST /juddiv3/services/inquiry HTTP/1.1" 200 674
0:0:0:0:0:0:0:1 - - [23/Oct/2016:17:32:40 -0200] "GET /juddi-gui/ajax/tmodelsearch.jsp?keyword=%25category&offset=30&maxrecords=10&lang=&chooser=true&_=1477251117879 HTTP/1.1" 200 234
127.0.0.1 - - [23/Oct/2016:17:32:40 -0200] "POST /juddiv3/services/inquiry HTTP/1.1" 200 674
0:0:0:0:0:0:0:1 - - [23/Oct/2016:17:32:40 -0200] "GET /juddi-gui/ajax/tmodelsearch.jsp?keyword=%25category&offset=30&maxrecords=10&lang=&chooser=true&_=1477251117880 HTTP/1.1" 200 234
127.0.0.1 - - [23/Oct/2016:17:32:48 -0200] "POST /juddiv3/services/inquiry HTTP/1.1" 200 674
0:0:0:0:0:0:0:1 - - [23/Oct/2016:17:32:48 -0200] "GET /juddi-gui/ajax/tmodelsearch.jsp?keyword=%25category&offset=30&maxrecords=10&lang=&chooser=true&_=1477251117881 HTTP/1.1" 200 234
127.0.0.1 - - [23/Oct/2016:17:32:52 -0200] "POST /juddiv3/services/inquiry HTTP/1.1" 200 3163
0:0:0:0:0:0:0:1 - - [23/Oct/2016:17:32:52 -0200] "GET /juddi-gui/ajax/tmodelsearch.jsp?keyword=&offset=30&maxrecords=10&lang=&chooser=true&_=1477251117882 HTTP/1.1" 200 2887
127.0.0.1 - - [23/Oct/2016:17:32:57 -0200] "POST /juddiv3/services/inquiry HTTP/1.1" 200 3008
0:0:0:0:0:0:0:1 - - [23/Oct/2016:17:32:57 -0200] "GET /juddi-gui/ajax/tmodelsearch.jsp?keyword=&offset=20&maxrecords=10&lang=&chooser=true&_=1477251117883 HTTP/1.1" 200 2532
127.0.0.1 - - [23/Oct/2016:17:32:59 -0200] "POST /juddiv3/services/inquiry HTTP/1.1" 200 3429
0:0:0:0:0:0:0:1 - - [23/Oct/2016:17:32:59 -0200] "GET /juddi-gui/ajax/tmodelsearch.jsp?keyword=&offset=10&maxrecords=10&lang=&chooser=true&_=1477251117884 HTTP/1.1" 200 2901
127.0.0.1 - - [23/Oct/2016:17:33:05 -0200] "POST /juddiv3/services/inquiry HTTP/1.1" 200 3382
0:0:0:0:0:0:0:1 - - [23/Oct/2016:17:33:05 -0200] "GET /juddi-gui/ajax/tmodelsearch.jsp?keyword=&offset=0&maxrecords=10&lang=&chooser=true&_=1477251117885 HTTP/1.1" 200 2850
127.0.0.1 - - [23/Oct/2016:17:33:19 -0200] "POST /juddiv3/services/inquiry HTTP/1.1" 200 1284
0:0:0:0:0:0:0:1 - - [23/Oct/2016:17:33:19 -0200] "GET /juddi-gui/ajax/tmodelsearch.jsp?keyword=%25category%25&offset=0&maxrecords=10&lang=&chooser=true&_=1477251117886 HTTP/1.1" 200 977
127.0.0.1 - - [23/Oct/2016:17:33:45 -0200] "POST /juddiv3/services/inquiry HTTP/1.1" 200 2752
127.0.0.1 - - [23/Oct/2016:17:33:45 -0200] "POST /juddiv3/services/publish HTTP/1.1" 200 2868
0:0:0:0:0:0:0:1 - - [23/Oct/2016:17:33:45 -0200] "POST /juddi-gui/ajax/saveservicedetails.jsp HTTP/1.1" 200 134
127.0.0.1 - - [23/Oct/2016:17:34:01 -0200] "POST /juddiv3/services/inquiry HTTP/1.1" 200 881
127.0.0.1 - - [23/Oct/2016:17:34:01 -0200] "POST /juddiv3/services/inquiry HTTP/1.1" 200 2816
127.0.0.1 - - [23/Oct/2016:17:35:12 -0200] "POST /juddiv3/services/inquiry HTTP/1.1" 200 881
127.0.0.1 - - [23/Oct/2016:17:35:27 -0200] "POST /juddiv3/services/inquiry HTTP/1.1" 200 889
127.0.0.1 - - [23/Oct/2016:17:35:51 -0200] "POST /juddiv3/services/inquiry HTTP/1.1" 200 881
127.0.0.1 - - [23/Oct/2016:17:36:01 -0200] "POST /juddiv3/services/inquiry HTTP/1.1" 200 2816
127.0.0.1 - - [23/Oct/2016:17:36:14 -0200] "POST /juddiv3/services/inquiry HTTP/1.1" 200 881
127.0.0.1 - - [23/Oct/2016:17:36:14 -0200] "POST /juddiv3/services/inquiry HTTP/1.1" 200 2816
127.0.0.1 - - [23/Oct/2016:17:38:55 -0200] "POST /juddiv3/services/inquiry HTTP/1.1" 200 881
127.0.0.1 - - [23/Oct/2016:17:38:56 -0200] "POST /juddiv3/services/inquiry HTTP/1.1" 200 2816
127.0.0.1 - - [23/Oct/2016:17:38:57 -0200] "POST /juddiv3/services/inquiry HTTP/1.1" 200 881
127.0.0.1 - - [23/Oct/2016:17:38:57 -0200] "POST /juddiv3/services/inquiry HTTP/1.1" 200 2816
127.0.0.1 - - [23/Oct/2016:17:38:59 -0200] "POST /juddiv3/services/inquiry HTTP/1.1" 200 881
127.0.0.1 - - [23/Oct/2016:17:38:59 -0200] "POST /juddiv3/services/inquiry HTTP/1.1" 200 2816
127.0.0.1 - - [23/Oct/2016:17:39:00 -0200] "POST /juddiv3/services/inquiry HTTP/1.1" 200 881
127.0.0.1 - - [23/Oct/2016:17:39:00 -0200] "POST /juddiv3/services/inquiry HTTP/1.1" 200 2816
127.0.0.1 - - [23/Oct/2016:17:39:01 -0200] "POST /juddiv3/services/inquiry HTTP/1.1" 200 881
127.0.0.1 - - [23/Oct/2016:17:39:01 -0200] "POST /juddiv3/services/inquiry HTTP/1.1" 200 2816
127.0.0.1 - - [23/Oct/2016:17:39:02 -0200] "POST /juddiv3/services/inquiry HTTP/1.1" 200 881
127.0.0.1 - - [23/Oct/2016:17:39:02 -0200] "POST /juddiv3/services/inquiry HTTP/1.1" 200 2816
127.0.0.1 - - [23/Oct/2016:17:39:02 -0200] "POST /juddiv3/services/inquiry HTTP/1.1" 200 881
127.0.0.1 - - [23/Oct/2016:17:39:03 -0200] "POST /juddiv3/services/inquiry HTTP/1.1" 200 2816
127.0.0.1 - - [23/Oct/2016:17:39:03 -0200] "POST /juddiv3/services/inquiry HTTP/1.1" 200 881
127.0.0.1 - - [23/Oct/2016:17:39:03 -0200] "POST /juddiv3/services/inquiry HTTP/1.1" 200 2816
