127.0.0.1 - - [30/Nov/2018:21:44:13 -0200] "POST /juddiv3/services/inquiry HTTP/1.1" 200 937
0:0:0:0:0:0:0:1 - - [30/Nov/2018:21:44:13 -0200] "GET /juddi-gui/ajax/opInfo.jsp?id=uddi:ws.homologacao.ufsc.br:service_cepservicerestservice HTTP/1.1" 200 447
127.0.0.1 - - [30/Nov/2018:21:44:13 -0200] "POST /juddiv3/services/inquiry HTTP/1.1" 200 3178
0:0:0:0:0:0:0:1 - - [30/Nov/2018:21:44:13 -0200] "GET /juddi-gui/ajax/tmodelsearch.jsp?keyword=%25&offset=0&maxrecords=10&lang=&chooser=undefined&_=1543621453683 HTTP/1.1" 200 2524
127.0.0.1 - - [30/Nov/2018:22:17:42 -0200] "POST /juddiv3/services/inquiry HTTP/1.1" 200 1221
0:0:0:0:0:0:0:1 - - [30/Nov/2018:22:17:42 -0200] "GET /juddi-gui/serviceEditor.jsp?id=uddi:ws.homologacao.ufsc.br:service_cepservicerestservice HTTP/1.1" 200 43350
0:0:0:0:0:0:0:1 - - [30/Nov/2018:22:17:42 -0200] "GET /juddi-gui/js/i18n.js.jsp HTTP/1.1" 200 3457
127.0.0.1 - - [30/Nov/2018:22:17:42 -0200] "POST /juddiv3/services/inquiry HTTP/1.1" 200 937
0:0:0:0:0:0:0:1 - - [30/Nov/2018:22:17:42 -0200] "GET /juddi-gui/ajax/opInfo.jsp?id=uddi:ws.homologacao.ufsc.br:service_cepservicerestservice HTTP/1.1" 200 447
0:0:0:0:0:0:0:1 - - [30/Nov/2018:22:17:42 -0200] "GET /juddi-gui/favicon.ico HTTP/1.1" 200 766
127.0.0.1 - - [30/Nov/2018:22:17:42 -0200] "POST /juddiv3/services/inquiry HTTP/1.1" 200 3178
0:0:0:0:0:0:0:1 - - [30/Nov/2018:22:17:42 -0200] "GET /juddi-gui/ajax/tmodelsearch.jsp?keyword=%25&offset=0&maxrecords=10&lang=&chooser=undefined&_=1543623462358 HTTP/1.1" 200 2524
127.0.0.1 - - [30/Nov/2018:22:19:05 -0200] "POST /juddiv3/services/inquiry HTTP/1.1" 200 1221
0:0:0:0:0:0:0:1 - - [30/Nov/2018:22:19:05 -0200] "GET /juddi-gui/serviceEditor.jsp?id=uddi:ws.homologacao.ufsc.br:service_cepservicerestservice HTTP/1.1" 200 43350
0:0:0:0:0:0:0:1 - - [30/Nov/2018:22:19:05 -0200] "GET /juddi-gui/js/i18n.js.jsp HTTP/1.1" 200 3457
127.0.0.1 - - [30/Nov/2018:22:19:05 -0200] "POST /juddiv3/services/inquiry HTTP/1.1" 200 937
0:0:0:0:0:0:0:1 - - [30/Nov/2018:22:19:05 -0200] "GET /juddi-gui/ajax/opInfo.jsp?id=uddi:ws.homologacao.ufsc.br:service_cepservicerestservice HTTP/1.1" 200 447
0:0:0:0:0:0:0:1 - - [30/Nov/2018:22:19:05 -0200] "GET /juddi-gui/favicon.ico HTTP/1.1" 200 766
127.0.0.1 - - [30/Nov/2018:22:19:05 -0200] "POST /juddiv3/services/inquiry HTTP/1.1" 200 3178
0:0:0:0:0:0:0:1 - - [30/Nov/2018:22:19:05 -0200] "GET /juddi-gui/ajax/tmodelsearch.jsp?keyword=%25&offset=0&maxrecords=10&lang=&chooser=undefined&_=1543623545601 HTTP/1.1" 200 2524
127.0.0.1 - - [30/Nov/2018:22:22:12 -0200] "POST /juddiv3/services/inquiry HTTP/1.1" 200 1221
0:0:0:0:0:0:0:1 - - [30/Nov/2018:22:22:12 -0200] "GET /juddi-gui/serviceEditor.jsp?id=uddi:ws.homologacao.ufsc.br:service_cepservicerestservice HTTP/1.1" 200 43350
0:0:0:0:0:0:0:1 - - [30/Nov/2018:22:22:12 -0200] "GET /juddi-gui/js/i18n.js.jsp HTTP/1.1" 200 3457
127.0.0.1 - - [30/Nov/2018:22:22:12 -0200] "POST /juddiv3/services/inquiry HTTP/1.1" 200 937
0:0:0:0:0:0:0:1 - - [30/Nov/2018:22:22:12 -0200] "GET /juddi-gui/ajax/opInfo.jsp?id=uddi:ws.homologacao.ufsc.br:service_cepservicerestservice HTTP/1.1" 200 447
0:0:0:0:0:0:0:1 - - [30/Nov/2018:22:22:12 -0200] "GET /juddi-gui/favicon.ico HTTP/1.1" 200 766
127.0.0.1 - - [30/Nov/2018:22:22:12 -0200] "POST /juddiv3/services/inquiry HTTP/1.1" 200 3178
0:0:0:0:0:0:0:1 - - [30/Nov/2018:22:22:12 -0200] "GET /juddi-gui/ajax/tmodelsearch.jsp?keyword=%25&offset=0&maxrecords=10&lang=&chooser=undefined&_=1543623732602 HTTP/1.1" 200 2524
127.0.0.1 - - [30/Nov/2018:22:25:37 -0200] "POST /juddiv3/services/inquiry HTTP/1.1" 200 1221
127.0.0.1 - - [30/Nov/2018:22:25:37 -0200] "POST /juddiv3/services/inquiry HTTP/1.1" 200 1221
0:0:0:0:0:0:0:1 - - [30/Nov/2018:22:25:37 -0200] "GET /juddi-gui/serviceEditor.jsp?id=uddi:ws.homologacao.ufsc.br:service_cepservicerestservice HTTP/1.1" 200 43350
0:0:0:0:0:0:0:1 - - [30/Nov/2018:22:25:37 -0200] "GET /juddi-gui/js/i18n.js.jsp HTTP/1.1" 200 3457
127.0.0.1 - - [30/Nov/2018:22:25:38 -0200] "POST /juddiv3/services/inquiry HTTP/1.1" 200 937
0:0:0:0:0:0:0:1 - - [30/Nov/2018:22:25:38 -0200] "GET /juddi-gui/ajax/opInfo.jsp?id=uddi:ws.homologacao.ufsc.br:service_cepservicerestservice HTTP/1.1" 200 447
0:0:0:0:0:0:0:1 - - [30/Nov/2018:22:25:38 -0200] "GET /juddi-gui/favicon.ico HTTP/1.1" 200 766
127.0.0.1 - - [30/Nov/2018:22:25:38 -0200] "POST /juddiv3/services/inquiry HTTP/1.1" 200 3178
0:0:0:0:0:0:0:1 - - [30/Nov/2018:22:25:38 -0200] "GET /juddi-gui/ajax/tmodelsearch.jsp?keyword=%25&offset=0&maxrecords=10&lang=&chooser=undefined&_=1543623937708 HTTP/1.1" 200 2524
127.0.0.1 - - [30/Nov/2018:22:30:21 -0200] "POST /juddiv3/services/security HTTP/1.1" 200 581
0:0:0:0:0:0:0:1 - - [30/Nov/2018:22:30:21 -0200] "POST /juddi-gui/ajax/loginpost.jsp HTTP/1.1" 200 18
0:0:0:0:0:0:0:1 - - [30/Nov/2018:22:30:21 -0200] "GET /juddi-gui/login.jsp HTTP/1.1" 200 942
0:0:0:0:0:0:0:1 - - [30/Nov/2018:22:30:24 -0200] "GET /juddi-gui/serviceBrowse.jsp HTTP/1.1" 200 21360
0:0:0:0:0:0:0:1 - - [30/Nov/2018:22:30:24 -0200] "GET /juddi-gui/js/i18n.js.jsp HTTP/1.1" 200 3457
127.0.0.1 - - [30/Nov/2018:22:30:25 -0200] "POST /juddiv3/services/inquiry HTTP/1.1" 200 3619
0:0:0:0:0:0:0:1 - - [30/Nov/2018:22:30:25 -0200] "GET /juddi-gui/ajax/servicesearch.jsp?keyword=%25&offset=%5Bobject%20HTMLSpanElement%5D&maxrecords=20&lang=&_=1543624224892 HTTP/1.1" 200 6350
0:0:0:0:0:0:0:1 - - [30/Nov/2018:22:30:35 -0200] "GET /juddi-gui/importFromWsdl.jsp HTTP/1.1" 200 40391
0:0:0:0:0:0:0:1 - - [30/Nov/2018:22:30:35 -0200] "GET /juddi-gui/js/i18n.js.jsp HTTP/1.1" 200 3457
127.0.0.1 - - [30/Nov/2018:22:30:36 -0200] "POST /juddiv3/services/inquiry HTTP/1.1" 200 3487
0:0:0:0:0:0:0:1 - - [30/Nov/2018:22:30:36 -0200] "GET /juddi-gui/ajax/businesssearch.jsp?keyword=%25&offset=0&maxrecords=10&lang=&chooser=true&_=1543624235598 HTTP/1.1" 200 1220
127.0.0.1 - - [30/Nov/2018:22:30:54 -0200] "POST /juddiv3/services/inquiry HTTP/1.1" 200 3487
0:0:0:0:0:0:0:1 - - [30/Nov/2018:22:30:54 -0200] "GET /juddi-gui/ajax/businesssearch.jsp?keyword=%25&offset=0&maxrecords=10&lang=&chooser=true&_=1543624235599 HTTP/1.1" 200 1220
127.0.0.1 - - [30/Nov/2018:22:31:04 -0200] "POST /juddiv3/services/inquiry HTTP/1.1" 500 802
0:0:0:0:0:0:0:1 - - [30/Nov/2018:22:31:04 -0200] "POST /juddi-gui/ajax/importFromWsdl.jsp HTTP/1.1" 200 817
127.0.0.1 - - [30/Nov/2018:22:31:05 -0200] "POST /juddiv3/services/inquiry HTTP/1.1" 500 802
127.0.0.1 - - [30/Nov/2018:22:31:06 -0200] "POST /juddiv3/services/publish HTTP/1.1" 200 920
127.0.0.1 - - [30/Nov/2018:22:31:06 -0200] "POST /juddiv3/services/publish HTTP/1.1" 200 1662
127.0.0.1 - - [30/Nov/2018:22:31:06 -0200] "POST /juddiv3/services/publish HTTP/1.1" 200 1068
127.0.0.1 - - [30/Nov/2018:22:31:07 -0200] "POST /juddiv3/services/inquiry HTTP/1.1" 200 3745
127.0.0.1 - - [30/Nov/2018:22:31:08 -0200] "POST /juddiv3/services/publish HTTP/1.1" 200 6051
0:0:0:0:0:0:0:1 - - [30/Nov/2018:22:31:08 -0200] "POST /juddi-gui/ajax/importFromWsdl.jsp HTTP/1.1" 200 1498
0:0:0:0:0:0:0:1 - - [30/Nov/2018:22:33:17 -0200] "GET /juddi-gui/serviceBrowse.jsp HTTP/1.1" 200 21360
0:0:0:0:0:0:0:1 - - [30/Nov/2018:22:33:17 -0200] "GET /juddi-gui/js/i18n.js.jsp HTTP/1.1" 200 3457
127.0.0.1 - - [30/Nov/2018:22:33:18 -0200] "POST /juddiv3/services/inquiry HTTP/1.1" 200 3818
0:0:0:0:0:0:0:1 - - [30/Nov/2018:22:33:18 -0200] "GET /juddi-gui/ajax/servicesearch.jsp?keyword=%25&offset=%5Bobject%20HTMLSpanElement%5D&maxrecords=20&lang=&_=1543624398016 HTTP/1.1" 200 6765
127.0.0.1 - - [30/Nov/2018:22:33:21 -0200] "POST /juddiv3/services/inquiry HTTP/1.1" 200 2873
0:0:0:0:0:0:0:1 - - [30/Nov/2018:22:33:21 -0200] "GET /juddi-gui/serviceEditor.jsp?id=uddi:ws.homologacao.ufsc.br:service_cepservicesoapservice HTTP/1.1" 200 45323
0:0:0:0:0:0:0:1 - - [30/Nov/2018:22:33:21 -0200] "GET /juddi-gui/js/i18n.js.jsp HTTP/1.1" 200 3457
127.0.0.1 - - [30/Nov/2018:22:33:21 -0200] "POST /juddiv3/services/inquiry HTTP/1.1" 200 937
0:0:0:0:0:0:0:1 - - [30/Nov/2018:22:33:21 -0200] "GET /juddi-gui/ajax/opInfo.jsp?id=uddi:ws.homologacao.ufsc.br:service_cepservicesoapservice HTTP/1.1" 200 447
127.0.0.1 - - [30/Nov/2018:22:33:21 -0200] "POST /juddiv3/services/inquiry HTTP/1.1" 200 3178
0:0:0:0:0:0:0:1 - - [30/Nov/2018:22:33:21 -0200] "GET /juddi-gui/ajax/tmodelsearch.jsp?keyword=%25&offset=0&maxrecords=10&lang=&chooser=undefined&_=1543624401401 HTTP/1.1" 200 2524
0:0:0:0:0:0:0:1 - - [30/Nov/2018:22:36:01 -0200] "GET /juddi-gui/serviceBrowse.jsp HTTP/1.1" 200 21360
0:0:0:0:0:0:0:1 - - [30/Nov/2018:22:36:01 -0200] "GET /juddi-gui/js/i18n.js.jsp HTTP/1.1" 200 3457
127.0.0.1 - - [30/Nov/2018:22:36:01 -0200] "POST /juddiv3/services/inquiry HTTP/1.1" 200 3818
0:0:0:0:0:0:0:1 - - [30/Nov/2018:22:36:01 -0200] "GET /juddi-gui/ajax/servicesearch.jsp?keyword=%25&offset=%5Bobject%20HTMLSpanElement%5D&maxrecords=20&lang=&_=1543624561467 HTTP/1.1" 200 6765
127.0.0.1 - - [30/Nov/2018:22:36:05 -0200] "POST /juddiv3/services/inquiry HTTP/1.1" 200 1221
0:0:0:0:0:0:0:1 - - [30/Nov/2018:22:36:05 -0200] "GET /juddi-gui/serviceEditor.jsp?id=uddi:ws.homologacao.ufsc.br:service_cepservicerestservice HTTP/1.1" 200 43144
0:0:0:0:0:0:0:1 - - [30/Nov/2018:22:36:06 -0200] "GET /juddi-gui/js/i18n.js.jsp HTTP/1.1" 200 3457
127.0.0.1 - - [30/Nov/2018:22:36:06 -0200] "POST /juddiv3/services/inquiry HTTP/1.1" 200 937
0:0:0:0:0:0:0:1 - - [30/Nov/2018:22:36:06 -0200] "GET /juddi-gui/ajax/opInfo.jsp?id=uddi:ws.homologacao.ufsc.br:service_cepservicerestservice HTTP/1.1" 200 447
127.0.0.1 - - [30/Nov/2018:22:36:07 -0200] "POST /juddiv3/services/inquiry HTTP/1.1" 200 3178
0:0:0:0:0:0:0:1 - - [30/Nov/2018:22:36:07 -0200] "GET /juddi-gui/ajax/tmodelsearch.jsp?keyword=%25&offset=0&maxrecords=10&lang=&chooser=undefined&_=1543624566700 HTTP/1.1" 200 2524
127.0.0.1 - - [30/Nov/2018:22:36:10 -0200] "POST /juddiv3/services/inquiry HTTP/1.1" 200 1221
0:0:0:0:0:0:0:1 - - [30/Nov/2018:22:36:10 -0200] "GET /juddi-gui/serviceEditor.jsp?id=uddi:ws.homologacao.ufsc.br:service_cepservicerestservice HTTP/1.1" 200 43144
0:0:0:0:0:0:0:1 - - [30/Nov/2018:22:36:10 -0200] "GET /juddi-gui/js/i18n.js.jsp HTTP/1.1" 200 3457
127.0.0.1 - - [30/Nov/2018:22:36:10 -0200] "POST /juddiv3/services/inquiry HTTP/1.1" 200 937
0:0:0:0:0:0:0:1 - - [30/Nov/2018:22:36:10 -0200] "GET /juddi-gui/ajax/opInfo.jsp?id=uddi:ws.homologacao.ufsc.br:service_cepservicerestservice HTTP/1.1" 200 447
127.0.0.1 - - [30/Nov/2018:22:36:11 -0200] "POST /juddiv3/services/inquiry HTTP/1.1" 200 3178
0:0:0:0:0:0:0:1 - - [30/Nov/2018:22:36:11 -0200] "GET /juddi-gui/ajax/tmodelsearch.jsp?keyword=%25&offset=0&maxrecords=10&lang=&chooser=undefined&_=1543624570822 HTTP/1.1" 200 2524
0:0:0:0:0:0:0:1 - - [30/Nov/2018:22:36:15 -0200] "GET /juddi-gui/editSubscription.jsp?svcid=uddi%3Aws.homologacao.ufsc.br%3Aservice_cepservicerestservice HTTP/1.1" 200 47685
0:0:0:0:0:0:0:1 - - [30/Nov/2018:22:36:15 -0200] "GET /juddi-gui/js/i18n.js.jsp HTTP/1.1" 200 3457
0:0:0:0:0:0:0:1 - - [30/Nov/2018:22:36:16 -0200] "GET /juddi-gui/js/bindingChooser.js HTTP/1.1" 200 5878
0:0:0:0:0:0:0:1 - - [30/Nov/2018:22:36:16 -0200] "GET /juddi-gui/js/editSubscription.js HTTP/1.1" 200 8655
0:0:0:0:0:0:0:1 - - [30/Nov/2018:22:36:16 -0200] "GET /juddi-gui/js/serviceChooser.js HTTP/1.1" 200 6344
127.0.0.1 - - [30/Nov/2018:22:36:16 -0200] "POST /juddiv3/services/inquiry HTTP/1.1" 200 2658
0:0:0:0:0:0:0:1 - - [30/Nov/2018:22:36:16 -0200] "GET /juddi-gui/ajax/servicesearch.jsp?keyword=%25&offset=0&maxrecords=10&lang=&chooser=true&findqualifier=approximateMatch&_=1543624576077 HTTP/1.1" 200 5535
127.0.0.1 - - [30/Nov/2018:22:36:16 -0200] "POST /juddiv3/services/inquiry HTTP/1.1" 200 3178
0:0:0:0:0:0:0:1 - - [30/Nov/2018:22:36:16 -0200] "GET /juddi-gui/ajax/tmodelsearch.jsp?keyword=%25&offset=0&maxrecords=10&lang=&chooser=undefined&_=1543624576074 HTTP/1.1" 200 2524
0:0:0:0:0:0:0:1 - - [30/Nov/2018:22:36:16 -0200] "GET /juddi-gui/css/ui-lightness/images/ui-icons_222222_256x240.png HTTP/1.1" 200 6922
127.0.0.1 - - [30/Nov/2018:22:36:16 -0200] "POST /juddiv3/services/inquiry HTTP/1.1" 200 3686
0:0:0:0:0:0:0:1 - - [30/Nov/2018:22:36:16 -0200] "GET /juddi-gui/ajax/businesssearch.jsp?keyword=%25&offset=0&maxrecords=10&lang=&chooser=true&_=1543624576076 HTTP/1.1" 200 1220
127.0.0.1 - - [30/Nov/2018:22:36:16 -0200] "POST /juddiv3/services/inquiry HTTP/1.1" 200 2658
127.0.0.1 - - [30/Nov/2018:22:36:17 -0200] "POST /juddiv3/services/inquiry HTTP/1.1" 200 24804
0:0:0:0:0:0:0:1 - - [30/Nov/2018:22:36:17 -0200] "GET /juddi-gui/ajax/bindingsearch.jsp?keyword=%25&offset=0&maxrecords=10&lang=&chooser=true&_=1543624576075 HTTP/1.1" 200 9388
127.0.0.1 - - [30/Nov/2018:22:36:21 -0200] "POST /juddiv3/services/inquiry HTTP/1.1" 200 1221
0:0:0:0:0:0:0:1 - - [30/Nov/2018:22:36:21 -0200] "GET /juddi-gui/serviceEditor.jsp?id=uddi:ws.homologacao.ufsc.br:service_cepservicerestservice HTTP/1.1" 200 43144
127.0.0.1 - - [30/Nov/2018:22:36:21 -0200] "POST /juddiv3/services/inquiry HTTP/1.1" 200 937
0:0:0:0:0:0:0:1 - - [30/Nov/2018:22:36:21 -0200] "GET /juddi-gui/ajax/opInfo.jsp?id=uddi:ws.homologacao.ufsc.br:service_cepservicerestservice HTTP/1.1" 200 447
127.0.0.1 - - [30/Nov/2018:22:36:21 -0200] "POST /juddiv3/services/inquiry HTTP/1.1" 200 3178
0:0:0:0:0:0:0:1 - - [30/Nov/2018:22:36:21 -0200] "GET /juddi-gui/ajax/tmodelsearch.jsp?keyword=%25&offset=0&maxrecords=10&lang=&chooser=undefined&_=1543624581524 HTTP/1.1" 200 2524
0:0:0:0:0:0:0:1 - - [30/Nov/2018:22:36:50 -0200] "GET /juddi-gui/serviceBrowse.jsp HTTP/1.1" 200 21360
0:0:0:0:0:0:0:1 - - [30/Nov/2018:22:36:50 -0200] "GET /juddi-gui/js/i18n.js.jsp HTTP/1.1" 200 3457
127.0.0.1 - - [30/Nov/2018:22:36:50 -0200] "POST /juddiv3/services/inquiry HTTP/1.1" 200 3818
0:0:0:0:0:0:0:1 - - [30/Nov/2018:22:36:50 -0200] "GET /juddi-gui/ajax/servicesearch.jsp?keyword=%25&offset=%5Bobject%20HTMLSpanElement%5D&maxrecords=20&lang=&_=1543624610800 HTTP/1.1" 200 6765
127.0.0.1 - - [30/Nov/2018:22:36:52 -0200] "POST /juddiv3/services/inquiry HTTP/1.1" 200 1221
0:0:0:0:0:0:0:1 - - [30/Nov/2018:22:36:52 -0200] "GET /juddi-gui/serviceEditor.jsp?id=uddi:ws.homologacao.ufsc.br:service_cepservicerestservice HTTP/1.1" 200 43144
0:0:0:0:0:0:0:1 - - [30/Nov/2018:22:36:52 -0200] "GET /juddi-gui/js/i18n.js.jsp HTTP/1.1" 200 3457
127.0.0.1 - - [30/Nov/2018:22:36:52 -0200] "POST /juddiv3/services/inquiry HTTP/1.1" 200 937
0:0:0:0:0:0:0:1 - - [30/Nov/2018:22:36:52 -0200] "GET /juddi-gui/ajax/opInfo.jsp?id=uddi:ws.homologacao.ufsc.br:service_cepservicerestservice HTTP/1.1" 200 447
127.0.0.1 - - [30/Nov/2018:22:36:52 -0200] "POST /juddiv3/services/inquiry HTTP/1.1" 200 3178
0:0:0:0:0:0:0:1 - - [30/Nov/2018:22:36:52 -0200] "GET /juddi-gui/ajax/tmodelsearch.jsp?keyword=%25&offset=0&maxrecords=10&lang=&chooser=undefined&_=1543624612416 HTTP/1.1" 200 2524
0:0:0:0:0:0:0:1 - - [30/Nov/2018:22:37:16 -0200] "GET /juddi-gui/serviceBrowse.jsp HTTP/1.1" 200 21360
0:0:0:0:0:0:0:1 - - [30/Nov/2018:22:37:16 -0200] "GET /juddi-gui/js/i18n.js.jsp HTTP/1.1" 200 3457
127.0.0.1 - - [30/Nov/2018:22:37:16 -0200] "POST /juddiv3/services/inquiry HTTP/1.1" 200 3818
0:0:0:0:0:0:0:1 - - [30/Nov/2018:22:37:16 -0200] "GET /juddi-gui/ajax/servicesearch.jsp?keyword=%25&offset=%5Bobject%20HTMLSpanElement%5D&maxrecords=20&lang=&_=1543624636308 HTTP/1.1" 200 6765
127.0.0.1 - - [30/Nov/2018:22:37:17 -0200] "POST /juddiv3/services/inquiry HTTP/1.1" 200 2873
0:0:0:0:0:0:0:1 - - [30/Nov/2018:22:37:17 -0200] "GET /juddi-gui/serviceEditor.jsp?id=uddi:ws.homologacao.ufsc.br:service_cepservicesoapservice HTTP/1.1" 200 45323
0:0:0:0:0:0:0:1 - - [30/Nov/2018:22:37:17 -0200] "GET /juddi-gui/js/i18n.js.jsp HTTP/1.1" 200 3457
127.0.0.1 - - [30/Nov/2018:22:37:17 -0200] "POST /juddiv3/services/inquiry HTTP/1.1" 200 937
0:0:0:0:0:0:0:1 - - [30/Nov/2018:22:37:17 -0200] "GET /juddi-gui/ajax/opInfo.jsp?id=uddi:ws.homologacao.ufsc.br:service_cepservicesoapservice HTTP/1.1" 200 447
127.0.0.1 - - [30/Nov/2018:22:37:17 -0200] "POST /juddiv3/services/inquiry HTTP/1.1" 200 3178
0:0:0:0:0:0:0:1 - - [30/Nov/2018:22:37:17 -0200] "GET /juddi-gui/ajax/tmodelsearch.jsp?keyword=%25&offset=0&maxrecords=10&lang=&chooser=undefined&_=1543624637805 HTTP/1.1" 200 2524
0:0:0:0:0:0:0:1 - - [30/Nov/2018:22:37:29 -0200] "GET /juddi-gui/serviceBrowse.jsp HTTP/1.1" 200 21360
127.0.0.1 - - [30/Nov/2018:22:37:30 -0200] "POST /juddiv3/services/inquiry HTTP/1.1" 200 3818
0:0:0:0:0:0:0:1 - - [30/Nov/2018:22:37:30 -0200] "GET /juddi-gui/ajax/servicesearch.jsp?keyword=%25&offset=%5Bobject%20HTMLSpanElement%5D&maxrecords=20&lang=&_=1543624649937 HTTP/1.1" 200 6765
127.0.0.1 - - [30/Nov/2018:22:37:31 -0200] "POST /juddiv3/services/inquiry HTTP/1.1" 200 1221
0:0:0:0:0:0:0:1 - - [30/Nov/2018:22:37:31 -0200] "GET /juddi-gui/serviceEditor.jsp?id=uddi:ws.homologacao.ufsc.br:service_cepservicerestservice HTTP/1.1" 200 43144
0:0:0:0:0:0:0:1 - - [30/Nov/2018:22:37:31 -0200] "GET /juddi-gui/js/i18n.js.jsp HTTP/1.1" 200 3457
127.0.0.1 - - [30/Nov/2018:22:37:31 -0200] "POST /juddiv3/services/inquiry HTTP/1.1" 200 937
0:0:0:0:0:0:0:1 - - [30/Nov/2018:22:37:31 -0200] "GET /juddi-gui/ajax/opInfo.jsp?id=uddi:ws.homologacao.ufsc.br:service_cepservicerestservice HTTP/1.1" 200 447
127.0.0.1 - - [30/Nov/2018:22:37:32 -0200] "POST /juddiv3/services/inquiry HTTP/1.1" 200 3178
0:0:0:0:0:0:0:1 - - [30/Nov/2018:22:37:32 -0200] "GET /juddi-gui/ajax/tmodelsearch.jsp?keyword=%25&offset=0&maxrecords=10&lang=&chooser=undefined&_=1543624651839 HTTP/1.1" 200 2524
127.0.0.1 - - [30/Nov/2018:23:06:43 -0200] "POST /juddiv3/services/inquiry HTTP/1.1" 200 675
0:0:0:0:0:0:0:1 - - [30/Nov/2018:23:07:25 -0200] "GET /juddi-gui/serviceBrowse.jsp HTTP/1.1" 200 21360
0:0:0:0:0:0:0:1 - - [30/Nov/2018:23:07:25 -0200] "GET /juddi-gui/js/i18n.js.jsp HTTP/1.1" 200 3457
127.0.0.1 - - [30/Nov/2018:23:07:25 -0200] "POST /juddiv3/services/inquiry HTTP/1.1" 200 3818
0:0:0:0:0:0:0:1 - - [30/Nov/2018:23:07:25 -0200] "GET /juddi-gui/ajax/servicesearch.jsp?keyword=%25&offset=%5Bobject%20HTMLSpanElement%5D&maxrecords=20&lang=&_=1543626445515 HTTP/1.1" 200 6765
127.0.0.1 - - [30/Nov/2018:23:07:29 -0200] "POST /juddiv3/services/inquiry HTTP/1.1" 200 2873
0:0:0:0:0:0:0:1 - - [30/Nov/2018:23:07:29 -0200] "GET /juddi-gui/serviceEditor.jsp?id=uddi:ws.homologacao.ufsc.br:service_cepservicesoapservice HTTP/1.1" 200 45323
0:0:0:0:0:0:0:1 - - [30/Nov/2018:23:07:29 -0200] "GET /juddi-gui/js/i18n.js.jsp HTTP/1.1" 200 3457
127.0.0.1 - - [30/Nov/2018:23:07:30 -0200] "POST /juddiv3/services/inquiry HTTP/1.1" 200 937
0:0:0:0:0:0:0:1 - - [30/Nov/2018:23:07:30 -0200] "GET /juddi-gui/ajax/opInfo.jsp?id=uddi:ws.homologacao.ufsc.br:service_cepservicesoapservice HTTP/1.1" 200 447
127.0.0.1 - - [30/Nov/2018:23:07:30 -0200] "POST /juddiv3/services/inquiry HTTP/1.1" 200 3178
0:0:0:0:0:0:0:1 - - [30/Nov/2018:23:07:30 -0200] "GET /juddi-gui/ajax/tmodelsearch.jsp?keyword=%25&offset=0&maxrecords=10&lang=&chooser=undefined&_=1543626449913 HTTP/1.1" 200 2524
0:0:0:0:0:0:0:1 - - [30/Nov/2018:23:08:15 -0200] "GET /juddi-gui/serviceBrowse.jsp HTTP/1.1" 200 21360
0:0:0:0:0:0:0:1 - - [30/Nov/2018:23:08:15 -0200] "GET /juddi-gui/js/i18n.js.jsp HTTP/1.1" 200 3457
127.0.0.1 - - [30/Nov/2018:23:08:15 -0200] "POST /juddiv3/services/inquiry HTTP/1.1" 200 3818
0:0:0:0:0:0:0:1 - - [30/Nov/2018:23:08:15 -0200] "GET /juddi-gui/ajax/servicesearch.jsp?keyword=%25&offset=%5Bobject%20HTMLSpanElement%5D&maxrecords=20&lang=&_=1543626495377 HTTP/1.1" 200 6765
0:0:0:0:0:0:0:1 - - [30/Nov/2018:23:08:16 -0200] "GET /juddi-gui/businessBrowse.jsp HTTP/1.1" 200 21803
0:0:0:0:0:0:0:1 - - [30/Nov/2018:23:08:16 -0200] "GET /juddi-gui/js/i18n.js.jsp HTTP/1.1" 200 3457
127.0.0.1 - - [30/Nov/2018:23:08:16 -0200] "POST /juddiv3/services/inquiry HTTP/1.1" 200 4251
0:0:0:0:0:0:0:1 - - [30/Nov/2018:23:08:16 -0200] "GET /juddi-gui/ajax/businesssearch.jsp?keyword=%25&offset=0&maxrecords=20&lang=&_=1543626496772 HTTP/1.1" 200 1319
0:0:0:0:0:0:0:1 - - [30/Nov/2018:23:08:20 -0200] "GET /juddi-gui/businessBrowse.jsp HTTP/1.1" 200 21803
0:0:0:0:0:0:0:1 - - [30/Nov/2018:23:08:20 -0200] "GET /juddi-gui/js/i18n.js.jsp HTTP/1.1" 200 3457
127.0.0.1 - - [30/Nov/2018:23:08:21 -0200] "POST /juddiv3/services/inquiry HTTP/1.1" 200 4251
0:0:0:0:0:0:0:1 - - [30/Nov/2018:23:08:21 -0200] "GET /juddi-gui/ajax/businesssearch.jsp?keyword=%25&offset=0&maxrecords=20&lang=&_=1543626500990 HTTP/1.1" 200 1319
0:0:0:0:0:0:0:1 - - [30/Nov/2018:23:08:22 -0200] "GET /juddi-gui/js/i18n.js.jsp HTTP/1.1" 200 3457
127.0.0.1 - - [30/Nov/2018:23:08:22 -0200] "POST /juddiv3/services/inquiry HTTP/1.1" 200 6051
0:0:0:0:0:0:0:1 - - [30/Nov/2018:23:08:22 -0200] "GET /juddi-gui/businessEditor2.jsp?id=uddi:das.ufsc.br:repository HTTP/1.1" 200 44233
127.0.0.1 - - [30/Nov/2018:23:08:22 -0200] "POST /juddiv3/services/inquiry HTTP/1.1" 200 907
0:0:0:0:0:0:0:1 - - [30/Nov/2018:23:08:22 -0200] "GET /juddi-gui/ajax/opInfo.jsp?id=uddi:das.ufsc.br:repository HTTP/1.1" 200 417
127.0.0.1 - - [30/Nov/2018:23:08:23 -0200] "POST /juddiv3/services/inquiry HTTP/1.1" 200 3178
0:0:0:0:0:0:0:1 - - [30/Nov/2018:23:08:23 -0200] "GET /juddi-gui/ajax/tmodelsearch.jsp?keyword=%25&offset=0&maxrecords=10&lang=&chooser=undefined&_=1543626502755 HTTP/1.1" 200 2524
127.0.0.1 - - [30/Nov/2018:23:08:23 -0200] "POST /juddiv3/services/inquiry HTTP/1.1" 200 739
0:0:0:0:0:0:0:1 - - [30/Nov/2018:23:08:23 -0200] "POST /juddi-gui/ajax/search.jsp HTTP/1.1" 200 58
0:0:0:0:0:0:0:1 - - [30/Nov/2018:23:08:26 -0200] "GET /juddi-gui/tmodelBrowse.jsp HTTP/1.1" 200 21310
0:0:0:0:0:0:0:1 - - [30/Nov/2018:23:08:26 -0200] "GET /juddi-gui/js/i18n.js.jsp HTTP/1.1" 200 3457
127.0.0.1 - - [30/Nov/2018:23:08:26 -0200] "POST /juddiv3/services/inquiry HTTP/1.1" 200 3178
0:0:0:0:0:0:0:1 - - [30/Nov/2018:23:08:26 -0200] "GET /juddi-gui/ajax/tmodelsearch.jsp?keyword=%25&offset=0&maxrecords=10&lang=&chooser=undefined&_=1543626506804 HTTP/1.1" 200 2524
127.0.0.1 - - [30/Nov/2018:23:08:27 -0200] "POST /juddiv3/services/inquiry HTTP/1.1" 200 3178
0:0:0:0:0:0:0:1 - - [30/Nov/2018:23:08:27 -0200] "GET /juddi-gui/ajax/tmodelsearch.jsp?keyword=%25&offset=0&maxrecords=10&lang=&chooser=false&_=1543626506805 HTTP/1.1" 200 2524
0:0:0:0:0:0:0:1 - - [30/Nov/2018:23:08:36 -0200] "GET /juddi-gui/serviceBrowse.jsp HTTP/1.1" 200 21360
0:0:0:0:0:0:0:1 - - [30/Nov/2018:23:08:36 -0200] "GET /juddi-gui/js/i18n.js.jsp HTTP/1.1" 200 3457
127.0.0.1 - - [30/Nov/2018:23:08:36 -0200] "POST /juddiv3/services/inquiry HTTP/1.1" 200 3818
0:0:0:0:0:0:0:1 - - [30/Nov/2018:23:08:36 -0200] "GET /juddi-gui/ajax/servicesearch.jsp?keyword=%25&offset=%5Bobject%20HTMLSpanElement%5D&maxrecords=20&lang=&_=1543626516186 HTTP/1.1" 200 6765
127.0.0.1 - - [30/Nov/2018:23:08:39 -0200] "POST /juddiv3/services/inquiry HTTP/1.1" 200 2873
0:0:0:0:0:0:0:1 - - [30/Nov/2018:23:08:39 -0200] "GET /juddi-gui/serviceEditor.jsp?id=uddi:ws.homologacao.ufsc.br:service_cepservicesoapservice HTTP/1.1" 200 45323
0:0:0:0:0:0:0:1 - - [30/Nov/2018:23:08:39 -0200] "GET /juddi-gui/js/i18n.js.jsp HTTP/1.1" 200 3457
127.0.0.1 - - [30/Nov/2018:23:08:39 -0200] "POST /juddiv3/services/inquiry HTTP/1.1" 200 937
0:0:0:0:0:0:0:1 - - [30/Nov/2018:23:08:39 -0200] "GET /juddi-gui/ajax/opInfo.jsp?id=uddi:ws.homologacao.ufsc.br:service_cepservicesoapservice HTTP/1.1" 200 447
127.0.0.1 - - [30/Nov/2018:23:08:39 -0200] "POST /juddiv3/services/inquiry HTTP/1.1" 200 3178
0:0:0:0:0:0:0:1 - - [30/Nov/2018:23:08:39 -0200] "GET /juddi-gui/ajax/tmodelsearch.jsp?keyword=%25&offset=0&maxrecords=10&lang=&chooser=undefined&_=1543626519561 HTTP/1.1" 200 2524
0:0:0:0:0:0:0:1 - - [30/Nov/2018:23:08:50 -0200] "GET /juddi-gui/businessBrowse.jsp HTTP/1.1" 200 21803
0:0:0:0:0:0:0:1 - - [30/Nov/2018:23:08:50 -0200] "GET /juddi-gui/js/i18n.js.jsp HTTP/1.1" 200 3457
127.0.0.1 - - [30/Nov/2018:23:08:51 -0200] "POST /juddiv3/services/inquiry HTTP/1.1" 200 4251
0:0:0:0:0:0:0:1 - - [30/Nov/2018:23:08:51 -0200] "GET /juddi-gui/ajax/businesssearch.jsp?keyword=%25&offset=0&maxrecords=20&lang=&_=1543626530926 HTTP/1.1" 200 1319
0:0:0:0:0:0:0:1 - - [30/Nov/2018:23:08:54 -0200] "GET /juddi-gui/serviceBrowse.jsp HTTP/1.1" 200 21360
0:0:0:0:0:0:0:1 - - [30/Nov/2018:23:08:54 -0200] "GET /juddi-gui/js/i18n.js.jsp HTTP/1.1" 200 3457
127.0.0.1 - - [30/Nov/2018:23:08:54 -0200] "POST /juddiv3/services/inquiry HTTP/1.1" 200 3818
0:0:0:0:0:0:0:1 - - [30/Nov/2018:23:08:54 -0200] "GET /juddi-gui/ajax/servicesearch.jsp?keyword=%25&offset=%5Bobject%20HTMLSpanElement%5D&maxrecords=20&lang=&_=1543626534683 HTTP/1.1" 200 6765
0:0:0:0:0:0:0:1 - - [30/Nov/2018:23:09:11 -0200] "GET /juddi-gui/businessBrowse.jsp HTTP/1.1" 200 21803
0:0:0:0:0:0:0:1 - - [30/Nov/2018:23:09:11 -0200] "GET /juddi-gui/js/i18n.js.jsp HTTP/1.1" 200 3457
127.0.0.1 - - [30/Nov/2018:23:09:11 -0200] "POST /juddiv3/services/inquiry HTTP/1.1" 200 4251
0:0:0:0:0:0:0:1 - - [30/Nov/2018:23:09:11 -0200] "GET /juddi-gui/ajax/businesssearch.jsp?keyword=%25&offset=0&maxrecords=20&lang=&_=1543626551679 HTTP/1.1" 200 1319
0:0:0:0:0:0:0:1 - - [30/Nov/2018:23:09:16 -0200] "GET /juddi-gui/tmodelBrowse.jsp HTTP/1.1" 200 21310
0:0:0:0:0:0:0:1 - - [30/Nov/2018:23:09:16 -0200] "GET /juddi-gui/js/i18n.js.jsp HTTP/1.1" 200 3457
127.0.0.1 - - [30/Nov/2018:23:09:16 -0200] "POST /juddiv3/services/inquiry HTTP/1.1" 200 3178
0:0:0:0:0:0:0:1 - - [30/Nov/2018:23:09:16 -0200] "GET /juddi-gui/ajax/tmodelsearch.jsp?keyword=%25&offset=0&maxrecords=10&lang=&chooser=undefined&_=1543626556189 HTTP/1.1" 200 2524
127.0.0.1 - - [30/Nov/2018:23:09:16 -0200] "POST /juddiv3/services/inquiry HTTP/1.1" 200 3178
0:0:0:0:0:0:0:1 - - [30/Nov/2018:23:09:16 -0200] "GET /juddi-gui/ajax/tmodelsearch.jsp?keyword=%25&offset=0&maxrecords=10&lang=&chooser=false&_=1543626556190 HTTP/1.1" 200 2524
0:0:0:0:0:0:0:1 - - [30/Nov/2018:23:09:25 -0200] "GET /juddi-gui/tmodelEditor.jsp HTTP/1.1" 200 38670
0:0:0:0:0:0:0:1 - - [30/Nov/2018:23:09:25 -0200] "GET /juddi-gui/js/i18n.js.jsp HTTP/1.1" 200 3457
127.0.0.1 - - [30/Nov/2018:23:09:25 -0200] "POST /juddiv3/services/inquiry HTTP/1.1" 200 3178
0:0:0:0:0:0:0:1 - - [30/Nov/2018:23:09:25 -0200] "GET /juddi-gui/ajax/tmodelsearch.jsp?keyword=%25&offset=0&maxrecords=10&lang=&chooser=undefined&_=1543626565430 HTTP/1.1" 200 2524
127.0.0.1 - - [30/Nov/2018:23:10:11 -0200] "POST /juddiv3/services/publish HTTP/1.1" 500 773
127.0.0.1 - - [30/Nov/2018:23:10:11 -0200] "POST /juddiv3/services/security HTTP/1.1" 200 581
127.0.0.1 - - [30/Nov/2018:23:10:11 -0200] "POST /juddiv3/services/publish HTTP/1.1" 200 649
0:0:0:0:0:0:0:1 - - [30/Nov/2018:23:10:11 -0200] "POST /juddi-gui/ajax/savetmodel.jsp HTTP/1.1" 200 123
0:0:0:0:0:0:0:1 - - [30/Nov/2018:23:10:17 -0200] "GET /juddi-gui/tmodelBrowse.jsp HTTP/1.1" 200 21310
0:0:0:0:0:0:0:1 - - [30/Nov/2018:23:10:17 -0200] "GET /juddi-gui/js/i18n.js.jsp HTTP/1.1" 200 3457
127.0.0.1 - - [30/Nov/2018:23:10:17 -0200] "POST /juddiv3/services/inquiry HTTP/1.1" 200 3178
127.0.0.1 - - [30/Nov/2018:23:10:17 -0200] "POST /juddiv3/services/inquiry HTTP/1.1" 200 3178
0:0:0:0:0:0:0:1 - - [30/Nov/2018:23:10:17 -0200] "GET /juddi-gui/ajax/tmodelsearch.jsp?keyword=%25&offset=0&maxrecords=10&lang=&chooser=undefined&_=1543626617216 HTTP/1.1" 200 2524
0:0:0:0:0:0:0:1 - - [30/Nov/2018:23:10:17 -0200] "GET /juddi-gui/ajax/tmodelsearch.jsp?keyword=%25&offset=0&maxrecords=10&lang=&chooser=false&_=1543626617217 HTTP/1.1" 200 2524
0:0:0:0:0:0:0:1 - - [30/Nov/2018:23:10:23 -0200] "GET /juddi-gui/businessBrowse.jsp HTTP/1.1" 200 21803
0:0:0:0:0:0:0:1 - - [30/Nov/2018:23:10:23 -0200] "GET /juddi-gui/js/i18n.js.jsp HTTP/1.1" 200 3457
127.0.0.1 - - [30/Nov/2018:23:10:23 -0200] "POST /juddiv3/services/inquiry HTTP/1.1" 200 4251
0:0:0:0:0:0:0:1 - - [30/Nov/2018:23:10:23 -0200] "GET /juddi-gui/ajax/businesssearch.jsp?keyword=%25&offset=0&maxrecords=20&lang=&_=1543626623566 HTTP/1.1" 200 1319
127.0.0.1 - - [30/Nov/2018:23:10:26 -0200] "POST /juddiv3/services/inquiry HTTP/1.1" 200 6051
0:0:0:0:0:0:0:1 - - [30/Nov/2018:23:10:26 -0200] "GET /juddi-gui/ajax/servicelist.jsp?id=uddi:das.ufsc.br:repository&_=1543626623567 HTTP/1.1" 200 395
127.0.0.1 - - [30/Nov/2018:23:10:28 -0200] "POST /juddiv3/services/inquiry HTTP/1.1" 200 1221
0:0:0:0:0:0:0:1 - - [30/Nov/2018:23:10:28 -0200] "GET /juddi-gui/serviceEditor.jsp?id=uddi:ws.homologacao.ufsc.br:service_cepservicerestservice HTTP/1.1" 200 43144
0:0:0:0:0:0:0:1 - - [30/Nov/2018:23:10:28 -0200] "GET /juddi-gui/js/i18n.js.jsp HTTP/1.1" 200 3457
127.0.0.1 - - [30/Nov/2018:23:10:28 -0200] "POST /juddiv3/services/inquiry HTTP/1.1" 200 937
0:0:0:0:0:0:0:1 - - [30/Nov/2018:23:10:28 -0200] "GET /juddi-gui/ajax/opInfo.jsp?id=uddi:ws.homologacao.ufsc.br:service_cepservicerestservice HTTP/1.1" 200 447
127.0.0.1 - - [30/Nov/2018:23:10:28 -0200] "POST /juddiv3/services/inquiry HTTP/1.1" 200 3178
0:0:0:0:0:0:0:1 - - [30/Nov/2018:23:10:28 -0200] "GET /juddi-gui/ajax/tmodelsearch.jsp?keyword=%25&offset=0&maxrecords=10&lang=&chooser=undefined&_=1543626628452 HTTP/1.1" 200 2524
0:0:0:0:0:0:0:1 - - [30/Nov/2018:23:10:44 -0200] "GET /juddi-gui/serviceBrowse.jsp HTTP/1.1" 200 21360
0:0:0:0:0:0:0:1 - - [30/Nov/2018:23:10:44 -0200] "GET /juddi-gui/js/i18n.js.jsp HTTP/1.1" 200 3457
127.0.0.1 - - [30/Nov/2018:23:10:44 -0200] "POST /juddiv3/services/inquiry HTTP/1.1" 200 3818
0:0:0:0:0:0:0:1 - - [30/Nov/2018:23:10:44 -0200] "GET /juddi-gui/ajax/servicesearch.jsp?keyword=%25&offset=%5Bobject%20HTMLSpanElement%5D&maxrecords=20&lang=&_=1543626644477 HTTP/1.1" 200 6765
127.0.0.1 - - [30/Nov/2018:23:10:46 -0200] "POST /juddiv3/services/inquiry HTTP/1.1" 200 2873
0:0:0:0:0:0:0:1 - - [30/Nov/2018:23:10:46 -0200] "GET /juddi-gui/serviceEditor.jsp?id=uddi:ws.homologacao.ufsc.br:service_cepservicesoapservice HTTP/1.1" 200 45323
0:0:0:0:0:0:0:1 - - [30/Nov/2018:23:10:46 -0200] "GET /juddi-gui/js/i18n.js.jsp HTTP/1.1" 200 3457
127.0.0.1 - - [30/Nov/2018:23:10:46 -0200] "POST /juddiv3/services/inquiry HTTP/1.1" 200 937
0:0:0:0:0:0:0:1 - - [30/Nov/2018:23:10:46 -0200] "GET /juddi-gui/ajax/opInfo.jsp?id=uddi:ws.homologacao.ufsc.br:service_cepservicesoapservice HTTP/1.1" 200 447
127.0.0.1 - - [30/Nov/2018:23:10:46 -0200] "POST /juddiv3/services/inquiry HTTP/1.1" 200 3178
0:0:0:0:0:0:0:1 - - [30/Nov/2018:23:10:46 -0200] "GET /juddi-gui/ajax/tmodelsearch.jsp?keyword=%25&offset=0&maxrecords=10&lang=&chooser=undefined&_=1543626646375 HTTP/1.1" 200 2524
127.0.0.1 - - [30/Nov/2018:23:11:08 -0200] "POST /juddiv3/services/inquiry HTTP/1.1" 200 3178
0:0:0:0:0:0:0:1 - - [30/Nov/2018:23:11:08 -0200] "GET /juddi-gui/ajax/tmodelsearch.jsp?keyword=%25&offset=0&maxrecords=10&lang=&chooser=true&_=1543626646376 HTTP/1.1" 200 2773
0:0:0:0:0:0:0:1 - - [30/Nov/2018:23:11:17 -0200] "GET /juddi-gui/serviceBrowse.jsp HTTP/1.1" 200 21360
127.0.0.1 - - [30/Nov/2018:23:11:17 -0200] "POST /juddiv3/services/inquiry HTTP/1.1" 200 3818
0:0:0:0:0:0:0:1 - - [30/Nov/2018:23:11:17 -0200] "GET /juddi-gui/ajax/servicesearch.jsp?keyword=%25&offset=%5Bobject%20HTMLSpanElement%5D&maxrecords=20&lang=&_=1543626677737 HTTP/1.1" 200 6765
127.0.0.1 - - [30/Nov/2018:23:11:19 -0200] "POST /juddiv3/services/inquiry HTTP/1.1" 200 1221
0:0:0:0:0:0:0:1 - - [30/Nov/2018:23:11:19 -0200] "GET /juddi-gui/serviceEditor.jsp?id=uddi:ws.homologacao.ufsc.br:service_cepservicerestservice HTTP/1.1" 200 43144
0:0:0:0:0:0:0:1 - - [30/Nov/2018:23:11:19 -0200] "GET /juddi-gui/js/i18n.js.jsp HTTP/1.1" 200 3457
127.0.0.1 - - [30/Nov/2018:23:11:19 -0200] "POST /juddiv3/services/inquiry HTTP/1.1" 200 937
0:0:0:0:0:0:0:1 - - [30/Nov/2018:23:11:19 -0200] "GET /juddi-gui/ajax/opInfo.jsp?id=uddi:ws.homologacao.ufsc.br:service_cepservicerestservice HTTP/1.1" 200 447
127.0.0.1 - - [30/Nov/2018:23:11:19 -0200] "POST /juddiv3/services/inquiry HTTP/1.1" 200 3178
0:0:0:0:0:0:0:1 - - [30/Nov/2018:23:11:19 -0200] "GET /juddi-gui/ajax/tmodelsearch.jsp?keyword=%25&offset=0&maxrecords=10&lang=&chooser=undefined&_=1543626679413 HTTP/1.1" 200 2524
0:0:0:0:0:0:0:1 - - [30/Nov/2018:23:11:24 -0200] "GET /juddi-gui/serviceBrowse.jsp HTTP/1.1" 200 21360
127.0.0.1 - - [30/Nov/2018:23:11:25 -0200] "POST /juddiv3/services/inquiry HTTP/1.1" 200 3818
0:0:0:0:0:0:0:1 - - [30/Nov/2018:23:11:25 -0200] "GET /juddi-gui/ajax/servicesearch.jsp?keyword=%25&offset=%5Bobject%20HTMLSpanElement%5D&maxrecords=20&lang=&_=1543626685118 HTTP/1.1" 200 6765
127.0.0.1 - - [30/Nov/2018:23:11:26 -0200] "POST /juddiv3/services/inquiry HTTP/1.1" 200 2873
0:0:0:0:0:0:0:1 - - [30/Nov/2018:23:11:26 -0200] "GET /juddi-gui/serviceEditor.jsp?id=uddi:ws.homologacao.ufsc.br:service_cepservicesoapservice HTTP/1.1" 200 45323
0:0:0:0:0:0:0:1 - - [30/Nov/2018:23:11:26 -0200] "GET /juddi-gui/js/i18n.js.jsp HTTP/1.1" 200 3457
127.0.0.1 - - [30/Nov/2018:23:11:27 -0200] "POST /juddiv3/services/inquiry HTTP/1.1" 200 937
0:0:0:0:0:0:0:1 - - [30/Nov/2018:23:11:27 -0200] "GET /juddi-gui/ajax/opInfo.jsp?id=uddi:ws.homologacao.ufsc.br:service_cepservicesoapservice HTTP/1.1" 200 447
127.0.0.1 - - [30/Nov/2018:23:11:27 -0200] "POST /juddiv3/services/inquiry HTTP/1.1" 200 3178
0:0:0:0:0:0:0:1 - - [30/Nov/2018:23:11:27 -0200] "GET /juddi-gui/ajax/tmodelsearch.jsp?keyword=%25&offset=0&maxrecords=10&lang=&chooser=undefined&_=1543626687092 HTTP/1.1" 200 2524
127.0.0.1 - - [30/Nov/2018:23:12:03 -0200] "POST /juddiv3/services/inquiry HTTP/1.1" 200 2873
0:0:0:0:0:0:0:1 - - [30/Nov/2018:23:12:03 -0200] "GET /juddi-gui/serviceEditor.jsp?id=uddi:ws.homologacao.ufsc.br:service_cepservicesoapservice HTTP/1.1" 200 45323
0:0:0:0:0:0:0:1 - - [30/Nov/2018:23:12:03 -0200] "GET /juddi-gui/js/i18n.js.jsp HTTP/1.1" 200 3457
127.0.0.1 - - [30/Nov/2018:23:12:04 -0200] "POST /juddiv3/services/inquiry HTTP/1.1" 200 937
0:0:0:0:0:0:0:1 - - [30/Nov/2018:23:12:04 -0200] "GET /juddi-gui/ajax/opInfo.jsp?id=uddi:ws.homologacao.ufsc.br:service_cepservicesoapservice HTTP/1.1" 200 447
0:0:0:0:0:0:0:1 - - [30/Nov/2018:23:12:04 -0200] "GET /juddi-gui/favicon.ico HTTP/1.1" 200 766
127.0.0.1 - - [30/Nov/2018:23:12:04 -0200] "POST /juddiv3/services/inquiry HTTP/1.1" 200 3178
0:0:0:0:0:0:0:1 - - [30/Nov/2018:23:12:04 -0200] "GET /juddi-gui/ajax/tmodelsearch.jsp?keyword=%25&offset=0&maxrecords=10&lang=&chooser=undefined&_=1543626724112 HTTP/1.1" 200 2524
127.0.0.1 - - [30/Nov/2018:23:12:12 -0200] "POST /juddiv3/services/inquiry HTTP/1.1" 200 3178
0:0:0:0:0:0:0:1 - - [30/Nov/2018:23:12:12 -0200] "GET /juddi-gui/ajax/tmodelsearch.jsp?keyword=%25&offset=0&maxrecords=10&lang=&chooser=true&_=1543626724113 HTTP/1.1" 200 2773
0:0:0:0:0:0:0:1 - - [30/Nov/2018:23:12:54 -0200] "GET /juddi-gui/businessBrowse.jsp HTTP/1.1" 200 21803
0:0:0:0:0:0:0:1 - - [30/Nov/2018:23:12:54 -0200] "GET /juddi-gui/js/i18n.js.jsp HTTP/1.1" 200 3457
127.0.0.1 - - [30/Nov/2018:23:12:54 -0200] "POST /juddiv3/services/inquiry HTTP/1.1" 200 4251
0:0:0:0:0:0:0:1 - - [30/Nov/2018:23:12:54 -0200] "GET /juddi-gui/ajax/businesssearch.jsp?keyword=%25&offset=0&maxrecords=20&lang=&_=1543626774726 HTTP/1.1" 200 1319
127.0.0.1 - - [30/Nov/2018:23:12:56 -0200] "POST /juddiv3/services/inquiry HTTP/1.1" 200 6051
0:0:0:0:0:0:0:1 - - [30/Nov/2018:23:12:56 -0200] "GET /juddi-gui/ajax/servicelist.jsp?id=uddi:das.ufsc.br:repository&_=1543626774727 HTTP/1.1" 200 395
127.0.0.1 - - [30/Nov/2018:23:12:57 -0200] "POST /juddiv3/services/inquiry HTTP/1.1" 200 2820
0:0:0:0:0:0:0:1 - - [30/Nov/2018:23:12:57 -0200] "GET /juddi-gui/serviceEditor.jsp?id=uddi:localhost:service_visapaymentserviceservice HTTP/1.1" 200 45245
0:0:0:0:0:0:0:1 - - [30/Nov/2018:23:12:57 -0200] "GET /juddi-gui/js/i18n.js.jsp HTTP/1.1" 200 3457
127.0.0.1 - - [30/Nov/2018:23:12:57 -0200] "POST /juddiv3/services/inquiry HTTP/1.1" 200 928
0:0:0:0:0:0:0:1 - - [30/Nov/2018:23:12:57 -0200] "GET /juddi-gui/ajax/opInfo.jsp?id=uddi:localhost:service_visapaymentserviceservice HTTP/1.1" 200 438
127.0.0.1 - - [30/Nov/2018:23:12:57 -0200] "POST /juddiv3/services/inquiry HTTP/1.1" 200 3178
0:0:0:0:0:0:0:1 - - [30/Nov/2018:23:12:57 -0200] "GET /juddi-gui/ajax/tmodelsearch.jsp?keyword=%25&offset=0&maxrecords=10&lang=&chooser=undefined&_=1543626777577 HTTP/1.1" 200 2524
127.0.0.1 - - [30/Nov/2018:23:13:03 -0200] "POST /juddiv3/services/inquiry HTTP/1.1" 200 3178
0:0:0:0:0:0:0:1 - - [30/Nov/2018:23:13:03 -0200] "GET /juddi-gui/ajax/tmodelsearch.jsp?keyword=%25&offset=0&maxrecords=10&lang=&chooser=true&_=1543626777578 HTTP/1.1" 200 2773
127.0.0.1 - - [30/Nov/2018:23:13:21 -0200] "POST /juddiv3/services/inquiry HTTP/1.1" 200 2820
127.0.0.1 - - [30/Nov/2018:23:13:22 -0200] "POST /juddiv3/services/publish HTTP/1.1" 200 2941
0:0:0:0:0:0:0:1 - - [30/Nov/2018:23:13:22 -0200] "POST /juddi-gui/ajax/saveservicedetails.jsp HTTP/1.1" 200 156
0:0:0:0:0:0:0:1 - - [30/Nov/2018:23:13:27 -0200] "GET /juddi-gui/serviceBrowse.jsp HTTP/1.1" 200 21360
0:0:0:0:0:0:0:1 - - [30/Nov/2018:23:13:27 -0200] "GET /juddi-gui/js/i18n.js.jsp HTTP/1.1" 200 3457
127.0.0.1 - - [30/Nov/2018:23:13:27 -0200] "POST /juddiv3/services/inquiry HTTP/1.1" 200 3818
0:0:0:0:0:0:0:1 - - [30/Nov/2018:23:13:27 -0200] "GET /juddi-gui/ajax/servicesearch.jsp?keyword=%25&offset=%5Bobject%20HTMLSpanElement%5D&maxrecords=20&lang=&_=1543626807545 HTTP/1.1" 200 6765
0:0:0:0:0:0:0:1 - - [30/Nov/2018:23:13:29 -0200] "GET /juddi-gui/serviceEditor.jsp?id=uddi:ws.homologacao.ufsc.br:service_cepservicesoapservice HTTP/1.1" 200 45323
127.0.0.1 - - [30/Nov/2018:23:13:29 -0200] "POST /juddiv3/services/inquiry HTTP/1.1" 200 2873
0:0:0:0:0:0:0:1 - - [30/Nov/2018:23:13:29 -0200] "GET /juddi-gui/js/i18n.js.jsp HTTP/1.1" 200 3457
127.0.0.1 - - [30/Nov/2018:23:13:29 -0200] "POST /juddiv3/services/inquiry HTTP/1.1" 200 937
0:0:0:0:0:0:0:1 - - [30/Nov/2018:23:13:29 -0200] "GET /juddi-gui/ajax/opInfo.jsp?id=uddi:ws.homologacao.ufsc.br:service_cepservicesoapservice HTTP/1.1" 200 447
127.0.0.1 - - [30/Nov/2018:23:13:30 -0200] "POST /juddiv3/services/inquiry HTTP/1.1" 200 3178
0:0:0:0:0:0:0:1 - - [30/Nov/2018:23:13:30 -0200] "GET /juddi-gui/ajax/tmodelsearch.jsp?keyword=%25&offset=0&maxrecords=10&lang=&chooser=undefined&_=1543626809812 HTTP/1.1" 200 2524
127.0.0.1 - - [30/Nov/2018:23:13:57 -0200] "POST /juddiv3/services/inquiry HTTP/1.1" 200 2873
127.0.0.1 - - [30/Nov/2018:23:13:58 -0200] "POST /juddiv3/services/publish HTTP/1.1" 200 2993
0:0:0:0:0:0:0:1 - - [30/Nov/2018:23:13:58 -0200] "POST /juddi-gui/ajax/saveservicedetails.jsp HTTP/1.1" 200 174
127.0.0.1 - - [30/Nov/2018:23:14:42 -0200] "POST /juddiv3/services/inquiry HTTP/1.1" 200 675
127.0.0.1 - - [30/Nov/2018:23:15:50 -0200] "POST /juddiv3/services/inquiry HTTP/1.1" 200 675
0:0:0:0:0:0:0:1 - - [30/Nov/2018:23:17:06 -0200] "GET /juddi-gui/serviceBrowse.jsp HTTP/1.1" 200 21360
0:0:0:0:0:0:0:1 - - [30/Nov/2018:23:17:06 -0200] "GET /juddi-gui/js/i18n.js.jsp HTTP/1.1" 200 3457
127.0.0.1 - - [30/Nov/2018:23:17:06 -0200] "POST /juddiv3/services/inquiry HTTP/1.1" 200 3818
0:0:0:0:0:0:0:1 - - [30/Nov/2018:23:17:06 -0200] "GET /juddi-gui/ajax/servicesearch.jsp?keyword=%25&offset=%5Bobject%20HTMLSpanElement%5D&maxrecords=20&lang=&_=1543627026551 HTTP/1.1" 200 6765
127.0.0.1 - - [30/Nov/2018:23:17:19 -0200] "POST /juddiv3/services/inquiry HTTP/1.1" 200 2993
0:0:0:0:0:0:0:1 - - [30/Nov/2018:23:17:19 -0200] "GET /juddi-gui/serviceEditor.jsp?id=uddi:ws.homologacao.ufsc.br:service_cepservicesoapservice HTTP/1.1" 200 46097
0:0:0:0:0:0:0:1 - - [30/Nov/2018:23:17:19 -0200] "GET /juddi-gui/js/i18n.js.jsp HTTP/1.1" 200 3457
127.0.0.1 - - [30/Nov/2018:23:17:19 -0200] "POST /juddiv3/services/inquiry HTTP/1.1" 200 937
0:0:0:0:0:0:0:1 - - [30/Nov/2018:23:17:19 -0200] "GET /juddi-gui/ajax/opInfo.jsp?id=uddi:ws.homologacao.ufsc.br:service_cepservicesoapservice HTTP/1.1" 200 447
127.0.0.1 - - [30/Nov/2018:23:17:19 -0200] "POST /juddiv3/services/inquiry HTTP/1.1" 200 3178
0:0:0:0:0:0:0:1 - - [30/Nov/2018:23:17:19 -0200] "GET /juddi-gui/ajax/tmodelsearch.jsp?keyword=%25&offset=0&maxrecords=10&lang=&chooser=undefined&_=1543627039465 HTTP/1.1" 200 2524
127.0.0.1 - - [30/Nov/2018:23:17:43 -0200] "POST /juddiv3/services/inquiry HTTP/1.1" 200 2993
127.0.0.1 - - [30/Nov/2018:23:17:43 -0200] "POST /juddiv3/services/publish HTTP/1.1" 200 2982
0:0:0:0:0:0:0:1 - - [30/Nov/2018:23:17:43 -0200] "POST /juddi-gui/ajax/saveservicedetails.jsp HTTP/1.1" 200 174
127.0.0.1 - - [30/Nov/2018:23:17:49 -0200] "POST /juddiv3/services/inquiry HTTP/1.1" 200 675
127.0.0.1 - - [30/Nov/2018:23:17:57 -0200] "POST /juddiv3/services/inquiry HTTP/1.1" 200 675
0:0:0:0:0:0:0:1 - - [30/Nov/2018:23:18:37 -0200] "GET /juddi-gui/tmodelPartitions.jsp HTTP/1.1" 200 25427
0:0:0:0:0:0:0:1 - - [30/Nov/2018:23:18:37 -0200] "GET /juddi-gui/js/i18n.js.jsp HTTP/1.1" 200 3457
0:0:0:0:0:0:0:1 - - [30/Nov/2018:23:18:43 -0200] "GET /juddi-gui/search.jsp HTTP/1.1" 200 47903
0:0:0:0:0:0:0:1 - - [30/Nov/2018:23:18:43 -0200] "GET /juddi-gui/js/i18n.js.jsp HTTP/1.1" 200 3457
127.0.0.1 - - [30/Nov/2018:23:18:44 -0200] "POST /juddiv3/services/inquiry HTTP/1.1" 200 3178
0:0:0:0:0:0:0:1 - - [30/Nov/2018:23:18:44 -0200] "GET /juddi-gui/ajax/tmodelsearch.jsp?keyword=%25&offset=0&maxrecords=10&lang=&chooser=undefined&_=1543627124019 HTTP/1.1" 200 2524
127.0.0.1 - - [30/Nov/2018:23:18:56 -0200] "POST /juddiv3/services/inquiry HTTP/1.1" 200 677
0:0:0:0:0:0:0:1 - - [30/Nov/2018:23:18:56 -0200] "POST /juddi-gui/ajax/search.jsp HTTP/1.1" 200 58
127.0.0.1 - - [30/Nov/2018:23:19:02 -0200] "POST /juddiv3/services/inquiry HTTP/1.1" 200 677
0:0:0:0:0:0:0:1 - - [30/Nov/2018:23:19:02 -0200] "POST /juddi-gui/ajax/search.jsp HTTP/1.1" 200 58
0:0:0:0:0:0:0:1 - - [30/Nov/2018:23:19:09 -0200] "GET /juddi-gui/businessBrowse.jsp HTTP/1.1" 200 21803
0:0:0:0:0:0:0:1 - - [30/Nov/2018:23:19:09 -0200] "GET /juddi-gui/js/i18n.js.jsp HTTP/1.1" 200 3457
127.0.0.1 - - [30/Nov/2018:23:19:09 -0200] "POST /juddiv3/services/inquiry HTTP/1.1" 200 4240
0:0:0:0:0:0:0:1 - - [30/Nov/2018:23:19:09 -0200] "GET /juddi-gui/ajax/businesssearch.jsp?keyword=%25&offset=0&maxrecords=20&lang=&_=1543627149639 HTTP/1.1" 200 1319
0:0:0:0:0:0:0:1 - - [30/Nov/2018:23:19:11 -0200] "GET /juddi-gui/js/i18n.js.jsp HTTP/1.1" 200 3457
127.0.0.1 - - [30/Nov/2018:23:19:11 -0200] "POST /juddiv3/services/inquiry HTTP/1.1" 200 6281
0:0:0:0:0:0:0:1 - - [30/Nov/2018:23:19:11 -0200] "GET /juddi-gui/businessEditor2.jsp?id=uddi:das.ufsc.br:repository HTTP/1.1" 200 44222
127.0.0.1 - - [30/Nov/2018:23:19:11 -0200] "POST /juddiv3/services/inquiry HTTP/1.1" 200 907
0:0:0:0:0:0:0:1 - - [30/Nov/2018:23:19:11 -0200] "GET /juddi-gui/ajax/opInfo.jsp?id=uddi:das.ufsc.br:repository HTTP/1.1" 200 417
127.0.0.1 - - [30/Nov/2018:23:19:11 -0200] "POST /juddiv3/services/inquiry HTTP/1.1" 200 739
0:0:0:0:0:0:0:1 - - [30/Nov/2018:23:19:11 -0200] "POST /juddi-gui/ajax/search.jsp HTTP/1.1" 200 58
127.0.0.1 - - [30/Nov/2018:23:19:11 -0200] "POST /juddiv3/services/inquiry HTTP/1.1" 200 3178
0:0:0:0:0:0:0:1 - - [30/Nov/2018:23:19:11 -0200] "GET /juddi-gui/ajax/tmodelsearch.jsp?keyword=%25&offset=0&maxrecords=10&lang=&chooser=undefined&_=1543627151471 HTTP/1.1" 200 2524
0:0:0:0:0:0:0:1 - - [30/Nov/2018:23:19:41 -0200] "GET /juddi-gui/serviceBrowse.jsp HTTP/1.1" 200 21360
0:0:0:0:0:0:0:1 - - [30/Nov/2018:23:19:41 -0200] "GET /juddi-gui/js/i18n.js.jsp HTTP/1.1" 200 3457
127.0.0.1 - - [30/Nov/2018:23:19:42 -0200] "POST /juddiv3/services/inquiry HTTP/1.1" 200 3807
0:0:0:0:0:0:0:1 - - [30/Nov/2018:23:19:42 -0200] "GET /juddi-gui/ajax/servicesearch.jsp?keyword=%25&offset=%5Bobject%20HTMLSpanElement%5D&maxrecords=20&lang=&_=1543627181874 HTTP/1.1" 200 6754
0:0:0:0:0:0:0:1 - - [30/Nov/2018:23:19:46 -0200] "GET /juddi-gui/tmodelBrowse.jsp HTTP/1.1" 200 21310
0:0:0:0:0:0:0:1 - - [30/Nov/2018:23:19:46 -0200] "GET /juddi-gui/js/i18n.js.jsp HTTP/1.1" 200 3457
127.0.0.1 - - [30/Nov/2018:23:19:46 -0200] "POST /juddiv3/services/inquiry HTTP/1.1" 200 3178
0:0:0:0:0:0:0:1 - - [30/Nov/2018:23:19:46 -0200] "GET /juddi-gui/ajax/tmodelsearch.jsp?keyword=%25&offset=0&maxrecords=10&lang=&chooser=undefined&_=1543627186205 HTTP/1.1" 200 2524
127.0.0.1 - - [30/Nov/2018:23:19:46 -0200] "POST /juddiv3/services/inquiry HTTP/1.1" 200 3178
0:0:0:0:0:0:0:1 - - [30/Nov/2018:23:19:46 -0200] "GET /juddi-gui/ajax/tmodelsearch.jsp?keyword=%25&offset=0&maxrecords=10&lang=&chooser=false&_=1543627186206 HTTP/1.1" 200 2524
127.0.0.1 - - [30/Nov/2018:23:19:52 -0200] "POST /juddiv3/services/inquiry HTTP/1.1" 200 931
0:0:0:0:0:0:0:1 - - [30/Nov/2018:23:19:52 -0200] "GET /juddi-gui/tmodelEditor.jsp?id=uddi:das.ufsc.br:keygenerator HTTP/1.1" 200 42525
0:0:0:0:0:0:0:1 - - [30/Nov/2018:23:19:52 -0200] "GET /juddi-gui/js/i18n.js.jsp HTTP/1.1" 200 3457
127.0.0.1 - - [30/Nov/2018:23:19:52 -0200] "POST /juddiv3/services/inquiry HTTP/1.1" 200 909
0:0:0:0:0:0:0:1 - - [30/Nov/2018:23:19:52 -0200] "GET /juddi-gui/ajax/opInfo.jsp?id=uddi:das.ufsc.br:keygenerator HTTP/1.1" 200 419
127.0.0.1 - - [30/Nov/2018:23:19:52 -0200] "POST /juddiv3/services/inquiry HTTP/1.1" 200 3178
0:0:0:0:0:0:0:1 - - [30/Nov/2018:23:19:52 -0200] "GET /juddi-gui/ajax/tmodelsearch.jsp?keyword=%25&offset=0&maxrecords=10&lang=&chooser=undefined&_=1543627192235 HTTP/1.1" 200 2524
0:0:0:0:0:0:0:1 - - [30/Nov/2018:23:19:58 -0200] "GET /juddi-gui/tmodelBrowse.jsp HTTP/1.1" 200 21310
127.0.0.1 - - [30/Nov/2018:23:19:59 -0200] "POST /juddiv3/services/inquiry HTTP/1.1" 200 3178
0:0:0:0:0:0:0:1 - - [30/Nov/2018:23:19:59 -0200] "GET /juddi-gui/ajax/tmodelsearch.jsp?keyword=%25&offset=0&maxrecords=10&lang=&chooser=false&_=1543627199027 HTTP/1.1" 200 2524
127.0.0.1 - - [30/Nov/2018:23:19:59 -0200] "POST /juddiv3/services/inquiry HTTP/1.1" 200 3178
0:0:0:0:0:0:0:1 - - [30/Nov/2018:23:19:59 -0200] "GET /juddi-gui/ajax/tmodelsearch.jsp?keyword=%25&offset=0&maxrecords=10&lang=&chooser=undefined&_=1543627199026 HTTP/1.1" 200 2524
127.0.0.1 - - [30/Nov/2018:23:20:21 -0200] "POST /juddiv3/services/inquiry HTTP/1.1" 200 931
0:0:0:0:0:0:0:1 - - [30/Nov/2018:23:20:21 -0200] "GET /juddi-gui/tmodelEditor.jsp?id=uddi:das.ufsc.br:keygenerator HTTP/1.1" 200 42525
0:0:0:0:0:0:0:1 - - [30/Nov/2018:23:20:21 -0200] "GET /juddi-gui/js/i18n.js.jsp HTTP/1.1" 200 3457
127.0.0.1 - - [30/Nov/2018:23:20:21 -0200] "POST /juddiv3/services/inquiry HTTP/1.1" 200 909
0:0:0:0:0:0:0:1 - - [30/Nov/2018:23:20:21 -0200] "GET /juddi-gui/ajax/opInfo.jsp?id=uddi:das.ufsc.br:keygenerator HTTP/1.1" 200 419
127.0.0.1 - - [30/Nov/2018:23:20:21 -0200] "POST /juddiv3/services/inquiry HTTP/1.1" 200 3178
0:0:0:0:0:0:0:1 - - [30/Nov/2018:23:20:21 -0200] "GET /juddi-gui/ajax/tmodelsearch.jsp?keyword=%25&offset=0&maxrecords=10&lang=&chooser=undefined&_=1543627221625 HTTP/1.1" 200 2524
127.0.0.1 - - [30/Nov/2018:23:20:27 -0200] "POST /juddiv3/services/publish HTTP/1.1" 200 917
0:0:0:0:0:0:0:1 - - [30/Nov/2018:23:20:27 -0200] "POST /juddi-gui/ajax/savetmodel.jsp HTTP/1.1" 200 117
0:0:0:0:0:0:0:1 - - [30/Nov/2018:23:20:32 -0200] "GET /juddi-gui/businessBrowse.jsp HTTP/1.1" 200 21803
0:0:0:0:0:0:0:1 - - [30/Nov/2018:23:20:32 -0200] "GET /juddi-gui/js/i18n.js.jsp HTTP/1.1" 200 3457
127.0.0.1 - - [30/Nov/2018:23:20:32 -0200] "POST /juddiv3/services/inquiry HTTP/1.1" 200 4240
0:0:0:0:0:0:0:1 - - [30/Nov/2018:23:20:32 -0200] "GET /juddi-gui/ajax/businesssearch.jsp?keyword=%25&offset=0&maxrecords=20&lang=&_=1543627232239 HTTP/1.1" 200 1319
0:0:0:0:0:0:0:1 - - [30/Nov/2018:23:20:36 -0200] "GET /juddi-gui/businessBrowse.jsp HTTP/1.1" 200 21803
0:0:0:0:0:0:0:1 - - [30/Nov/2018:23:20:36 -0200] "GET /juddi-gui/js/i18n.js.jsp HTTP/1.1" 200 3457
127.0.0.1 - - [30/Nov/2018:23:20:36 -0200] "POST /juddiv3/services/inquiry HTTP/1.1" 200 4240
0:0:0:0:0:0:0:1 - - [30/Nov/2018:23:20:36 -0200] "GET /juddi-gui/ajax/businesssearch.jsp?keyword=%25&offset=0&maxrecords=20&lang=&_=1543627236248 HTTP/1.1" 200 1319
0:0:0:0:0:0:0:1 - - [30/Nov/2018:23:20:37 -0200] "GET /juddi-gui/js/i18n.js.jsp HTTP/1.1" 200 3457
127.0.0.1 - - [30/Nov/2018:23:20:37 -0200] "POST /juddiv3/services/inquiry HTTP/1.1" 200 6281
0:0:0:0:0:0:0:1 - - [30/Nov/2018:23:20:37 -0200] "GET /juddi-gui/businessEditor2.jsp?id=uddi:das.ufsc.br:repository HTTP/1.1" 200 44222
127.0.0.1 - - [30/Nov/2018:23:20:37 -0200] "POST /juddiv3/services/inquiry HTTP/1.1" 200 907
0:0:0:0:0:0:0:1 - - [30/Nov/2018:23:20:37 -0200] "GET /juddi-gui/ajax/opInfo.jsp?id=uddi:das.ufsc.br:repository HTTP/1.1" 200 417
127.0.0.1 - - [30/Nov/2018:23:20:37 -0200] "POST /juddiv3/services/inquiry HTTP/1.1" 200 739
0:0:0:0:0:0:0:1 - - [30/Nov/2018:23:20:37 -0200] "POST /juddi-gui/ajax/search.jsp HTTP/1.1" 200 58
127.0.0.1 - - [30/Nov/2018:23:20:38 -0200] "POST /juddiv3/services/inquiry HTTP/1.1" 200 3164
0:0:0:0:0:0:0:1 - - [30/Nov/2018:23:20:38 -0200] "GET /juddi-gui/ajax/tmodelsearch.jsp?keyword=%25&offset=0&maxrecords=10&lang=&chooser=undefined&_=1543627237849 HTTP/1.1" 200 2520
0:0:0:0:0:0:0:1 - - [30/Nov/2018:23:20:41 -0200] "GET /juddi-gui/businessBrowse.jsp HTTP/1.1" 200 21803
127.0.0.1 - - [30/Nov/2018:23:20:41 -0200] "POST /juddiv3/services/inquiry HTTP/1.1" 200 4240
0:0:0:0:0:0:0:1 - - [30/Nov/2018:23:20:41 -0200] "GET /juddi-gui/ajax/businesssearch.jsp?keyword=%25&offset=0&maxrecords=20&lang=&_=1543627241670 HTTP/1.1" 200 1319
0:0:0:0:0:0:0:1 - - [30/Nov/2018:23:20:50 -0200] "GET /juddi-gui/serviceBrowse.jsp HTTP/1.1" 200 21360
0:0:0:0:0:0:0:1 - - [30/Nov/2018:23:20:50 -0200] "GET /juddi-gui/js/i18n.js.jsp HTTP/1.1" 200 3457
127.0.0.1 - - [30/Nov/2018:23:20:50 -0200] "POST /juddiv3/services/inquiry HTTP/1.1" 200 3807
0:0:0:0:0:0:0:1 - - [30/Nov/2018:23:20:50 -0200] "GET /juddi-gui/ajax/servicesearch.jsp?keyword=%25&offset=%5Bobject%20HTMLSpanElement%5D&maxrecords=20&lang=&_=1543627250264 HTTP/1.1" 200 6754
0:0:0:0:0:0:0:1 - - [30/Nov/2018:23:20:59 -0200] "GET /juddi-gui/businessBrowse.jsp HTTP/1.1" 200 21803
0:0:0:0:0:0:0:1 - - [30/Nov/2018:23:20:59 -0200] "GET /juddi-gui/js/i18n.js.jsp HTTP/1.1" 200 3457
127.0.0.1 - - [30/Nov/2018:23:20:59 -0200] "POST /juddiv3/services/inquiry HTTP/1.1" 200 4240
0:0:0:0:0:0:0:1 - - [30/Nov/2018:23:20:59 -0200] "GET /juddi-gui/ajax/businesssearch.jsp?keyword=%25&offset=0&maxrecords=20&lang=&_=1543627259586 HTTP/1.1" 200 1319
0:0:0:0:0:0:0:1 - - [30/Nov/2018:23:21:01 -0200] "GET /juddi-gui/js/i18n.js.jsp HTTP/1.1" 200 3457
127.0.0.1 - - [30/Nov/2018:23:21:01 -0200] "POST /juddiv3/services/inquiry HTTP/1.1" 200 6281
0:0:0:0:0:0:0:1 - - [30/Nov/2018:23:21:01 -0200] "GET /juddi-gui/businessEditor2.jsp?id=uddi:das.ufsc.br:repository HTTP/1.1" 200 44222
127.0.0.1 - - [30/Nov/2018:23:21:01 -0200] "POST /juddiv3/services/inquiry HTTP/1.1" 200 907
