0:0:0:0:0:0:0:1 - - [19/Oct/2016:08:28:46 -0200] "GET /juddi-gui/serviceBrowse.jsp HTTP/1.1" 200 21132
0:0:0:0:0:0:0:1 - - [19/Oct/2016:08:28:46 -0200] "GET /juddi-gui/js/i18n.js.jsp HTTP/1.1" 200 3014
127.0.0.1 - - [19/Oct/2016:08:28:46 -0200] "POST /juddiv3/services/inquiry HTTP/1.1" 200 3425
0:0:0:0:0:0:0:1 - - [19/Oct/2016:08:28:46 -0200] "GET /juddi-gui/ajax/servicesearch.jsp?keyword=%25&offset=%5Bobject%20HTMLSpanElement%5D&maxrecords=20&lang=&_=1476872926070 HTTP/1.1" 200 5882
127.0.0.1 - - [19/Oct/2016:08:28:48 -0200] "POST /juddiv3/services/inquiry HTTP/1.1" 200 3845
0:0:0:0:0:0:0:1 - - [19/Oct/2016:08:28:48 -0200] "GET /juddi-gui/serviceEditor.jsp?id=uddi:juddi.apache.org:services-inquiry HTTP/1.1" 200 44742
0:0:0:0:0:0:0:1 - - [19/Oct/2016:08:28:48 -0200] "GET /juddi-gui/js/i18n.js.jsp HTTP/1.1" 200 3014
127.0.0.1 - - [19/Oct/2016:08:28:48 -0200] "POST /juddiv3/services/inquiry HTTP/1.1" 200 917
0:0:0:0:0:0:0:1 - - [19/Oct/2016:08:28:48 -0200] "GET /juddi-gui/ajax/opInfo.jsp?id=uddi:juddi.apache.org:services-inquiry HTTP/1.1" 200 416
127.0.0.1 - - [19/Oct/2016:08:28:48 -0200] "POST /juddiv3/services/inquiry HTTP/1.1" 200 3155
0:0:0:0:0:0:0:1 - - [19/Oct/2016:08:28:48 -0200] "GET /juddi-gui/ajax/tmodelsearch.jsp?keyword=%25&offset=0&maxrecords=10&lang=&chooser=undefined&_=1476872928156 HTTP/1.1" 200 2474
0:0:0:0:0:0:0:1 - - [19/Oct/2016:08:30:05 -0200] "GET /juddi-gui/search.jsp HTTP/1.1" 200 46722
0:0:0:0:0:0:0:1 - - [19/Oct/2016:08:30:05 -0200] "GET /juddi-gui/js/i18n.js.jsp HTTP/1.1" 200 3014
127.0.0.1 - - [19/Oct/2016:08:30:05 -0200] "POST /juddiv3/services/inquiry HTTP/1.1" 200 3155
0:0:0:0:0:0:0:1 - - [19/Oct/2016:08:30:05 -0200] "GET /juddi-gui/ajax/tmodelsearch.jsp?keyword=%25&offset=0&maxrecords=10&lang=&chooser=undefined&_=1476873005648 HTTP/1.1" 200 2474
127.0.0.1 - - [19/Oct/2016:08:30:16 -0200] "POST /juddiv3/services/inquiry HTTP/1.1" 200 675
0:0:0:0:0:0:0:1 - - [19/Oct/2016:08:30:16 -0200] "POST /juddi-gui/ajax/search.jsp HTTP/1.1" 200 51
127.0.0.1 - - [19/Oct/2016:08:30:19 -0200] "POST /juddiv3/services/inquiry HTTP/1.1" 200 3845
0:0:0:0:0:0:0:1 - - [19/Oct/2016:08:30:19 -0200] "GET /juddi-gui/serviceEditor.jsp?id=uddi:juddi.apache.org:services-inquiry HTTP/1.1" 200 44742
127.0.0.1 - - [19/Oct/2016:08:30:19 -0200] "POST /juddiv3/services/inquiry HTTP/1.1" 200 3155
0:0:0:0:0:0:0:1 - - [19/Oct/2016:08:30:19 -0200] "GET /juddi-gui/ajax/tmodelsearch.jsp?keyword=%25&offset=0&maxrecords=10&lang=&chooser=undefined&_=1476873019518 HTTP/1.1" 200 2474
0:0:0:0:0:0:0:1 - - [19/Oct/2016:08:30:25 -0200] "GET /juddi-gui/search.jsp HTTP/1.1" 200 46722
0:0:0:0:0:0:0:1 - - [19/Oct/2016:08:30:25 -0200] "GET /juddi-gui/js/i18n.js.jsp HTTP/1.1" 200 3014
127.0.0.1 - - [19/Oct/2016:08:30:25 -0200] "POST /juddiv3/services/inquiry HTTP/1.1" 200 3155
0:0:0:0:0:0:0:1 - - [19/Oct/2016:08:30:25 -0200] "GET /juddi-gui/ajax/tmodelsearch.jsp?keyword=%25&offset=0&maxrecords=10&lang=&chooser=undefined&_=1476873025747 HTTP/1.1" 200 2474
127.0.0.1 - - [19/Oct/2016:08:30:40 -0200] "POST /juddiv3/services/inquiry HTTP/1.1" 200 677
0:0:0:0:0:0:0:1 - - [19/Oct/2016:08:30:40 -0200] "POST /juddi-gui/ajax/search.jsp HTTP/1.1" 200 51
127.0.0.1 - - [19/Oct/2016:08:30:45 -0200] "POST /juddiv3/services/inquiry HTTP/1.1" 200 675
0:0:0:0:0:0:0:1 - - [19/Oct/2016:08:30:45 -0200] "POST /juddi-gui/ajax/search.jsp HTTP/1.1" 200 51
127.0.0.1 - - [19/Oct/2016:08:30:55 -0200] "POST /juddiv3/services/inquiry HTTP/1.1" 200 675
0:0:0:0:0:0:0:1 - - [19/Oct/2016:08:30:55 -0200] "POST /juddi-gui/ajax/search.jsp HTTP/1.1" 200 51
127.0.0.1 - - [19/Oct/2016:08:31:09 -0200] "POST /juddiv3/services/inquiry HTTP/1.1" 200 675
0:0:0:0:0:0:0:1 - - [19/Oct/2016:08:31:09 -0200] "POST /juddi-gui/ajax/search.jsp HTTP/1.1" 200 51
0:0:0:0:0:0:0:1 - - [19/Oct/2016:08:31:33 -0200] "GET /juddi-gui/tmodelBrowse.jsp HTTP/1.1" 200 21082
0:0:0:0:0:0:0:1 - - [19/Oct/2016:08:31:33 -0200] "GET /juddi-gui/js/i18n.js.jsp HTTP/1.1" 200 3014
127.0.0.1 - - [19/Oct/2016:08:31:34 -0200] "POST /juddiv3/services/inquiry HTTP/1.1" 200 3155
127.0.0.1 - - [19/Oct/2016:08:31:34 -0200] "POST /juddiv3/services/inquiry HTTP/1.1" 200 3155
0:0:0:0:0:0:0:1 - - [19/Oct/2016:08:31:34 -0200] "GET /juddi-gui/ajax/tmodelsearch.jsp?keyword=%25&offset=0&maxrecords=10&lang=&chooser=undefined&_=1476873093908 HTTP/1.1" 200 2474
0:0:0:0:0:0:0:1 - - [19/Oct/2016:08:31:34 -0200] "GET /juddi-gui/ajax/tmodelsearch.jsp?keyword=%25&offset=0&maxrecords=10&lang=&chooser=false&_=1476873093909 HTTP/1.1" 200 2474
0:0:0:0:0:0:0:1 - - [19/Oct/2016:08:31:40 -0200] "GET /juddi-gui/serviceBrowse.jsp HTTP/1.1" 200 21132
0:0:0:0:0:0:0:1 - - [19/Oct/2016:08:31:40 -0200] "GET /juddi-gui/js/i18n.js.jsp HTTP/1.1" 200 3014
127.0.0.1 - - [19/Oct/2016:08:31:40 -0200] "POST /juddiv3/services/inquiry HTTP/1.1" 200 3425
0:0:0:0:0:0:0:1 - - [19/Oct/2016:08:31:40 -0200] "GET /juddi-gui/ajax/servicesearch.jsp?keyword=%25&offset=%5Bobject%20HTMLSpanElement%5D&maxrecords=20&lang=&_=1476873100360 HTTP/1.1" 200 5882
127.0.0.1 - - [19/Oct/2016:08:31:43 -0200] "POST /juddiv3/services/inquiry HTTP/1.1" 200 1339
0:0:0:0:0:0:0:1 - - [19/Oct/2016:08:31:43 -0200] "GET /juddi-gui/serviceEditor.jsp?id=uddi:juddi.apache.org:replication HTTP/1.1" 200 42040
0:0:0:0:0:0:0:1 - - [19/Oct/2016:08:31:43 -0200] "GET /juddi-gui/js/i18n.js.jsp HTTP/1.1" 200 3014
127.0.0.1 - - [19/Oct/2016:08:31:43 -0200] "POST /juddiv3/services/inquiry HTTP/1.1" 200 912
0:0:0:0:0:0:0:1 - - [19/Oct/2016:08:31:43 -0200] "GET /juddi-gui/ajax/opInfo.jsp?id=uddi:juddi.apache.org:replication HTTP/1.1" 200 411
127.0.0.1 - - [19/Oct/2016:08:31:43 -0200] "POST /juddiv3/services/inquiry HTTP/1.1" 200 3155
0:0:0:0:0:0:0:1 - - [19/Oct/2016:08:31:43 -0200] "GET /juddi-gui/ajax/tmodelsearch.jsp?keyword=%25&offset=0&maxrecords=10&lang=&chooser=undefined&_=1476873103714 HTTP/1.1" 200 2474
0:0:0:0:0:0:0:1 - - [19/Oct/2016:08:31:46 -0200] "GET /juddi-gui/serviceBrowse.jsp HTTP/1.1" 200 21132
127.0.0.1 - - [19/Oct/2016:08:31:46 -0200] "POST /juddiv3/services/inquiry HTTP/1.1" 200 3425
0:0:0:0:0:0:0:1 - - [19/Oct/2016:08:31:46 -0200] "GET /juddi-gui/ajax/servicesearch.jsp?keyword=%25&offset=%5Bobject%20HTMLSpanElement%5D&maxrecords=20&lang=&_=1476873106211 HTTP/1.1" 200 5882
127.0.0.1 - - [19/Oct/2016:08:31:58 -0200] "POST /juddiv3/services/inquiry HTTP/1.1" 200 3845
0:0:0:0:0:0:0:1 - - [19/Oct/2016:08:31:58 -0200] "GET /juddi-gui/serviceEditor.jsp?id=uddi:juddi.apache.org:services-inquiry HTTP/1.1" 200 44742
0:0:0:0:0:0:0:1 - - [19/Oct/2016:08:31:58 -0200] "GET /juddi-gui/js/i18n.js.jsp HTTP/1.1" 200 3014
127.0.0.1 - - [19/Oct/2016:08:31:59 -0200] "POST /juddiv3/services/inquiry HTTP/1.1" 200 917
0:0:0:0:0:0:0:1 - - [19/Oct/2016:08:31:59 -0200] "GET /juddi-gui/ajax/opInfo.jsp?id=uddi:juddi.apache.org:services-inquiry HTTP/1.1" 200 416
127.0.0.1 - - [19/Oct/2016:08:31:59 -0200] "POST /juddiv3/services/inquiry HTTP/1.1" 200 3155
0:0:0:0:0:0:0:1 - - [19/Oct/2016:08:31:59 -0200] "GET /juddi-gui/ajax/tmodelsearch.jsp?keyword=%25&offset=0&maxrecords=10&lang=&chooser=undefined&_=1476873119016 HTTP/1.1" 200 2474
127.0.0.1 - - [19/Oct/2016:08:32:28 -0200] "POST /juddiv3/services/inquiry HTTP/1.1" 200 1773
0:0:0:0:0:0:0:1 - - [19/Oct/2016:08:32:28 -0200] "GET /juddi-gui/bindingEditor.jsp?id=uddi%3Ajuddi.apache.org%3Aservicebindings-inquiry-ws HTTP/1.1" 200 59906
0:0:0:0:0:0:0:1 - - [19/Oct/2016:08:32:28 -0200] "GET /juddi-gui/js/i18n.js.jsp HTTP/1.1" 200 3014
127.0.0.1 - - [19/Oct/2016:08:32:28 -0200] "POST /juddiv3/services/inquiry HTTP/1.1" 200 927
0:0:0:0:0:0:0:1 - - [19/Oct/2016:08:32:28 -0200] "GET /juddi-gui/ajax/opInfo.jsp?id=uddi:juddi.apache.org:servicebindings-inquiry-ws HTTP/1.1" 200 426
127.0.0.1 - - [19/Oct/2016:08:32:28 -0200] "POST /juddiv3/services/inquiry HTTP/1.1" 200 3155
0:0:0:0:0:0:0:1 - - [19/Oct/2016:08:32:28 -0200] "GET /juddi-gui/ajax/tmodelsearch.jsp?keyword=%25&offset=0&maxrecords=10&lang=&chooser=undefined&_=1476873148874 HTTP/1.1" 200 2474
0:0:0:0:0:0:0:1 - - [19/Oct/2016:08:32:50 -0200] "GET /juddi-gui/search.jsp HTTP/1.1" 200 46722
0:0:0:0:0:0:0:1 - - [19/Oct/2016:08:32:50 -0200] "GET /juddi-gui/js/i18n.js.jsp HTTP/1.1" 200 3014
127.0.0.1 - - [19/Oct/2016:08:32:51 -0200] "POST /juddiv3/services/inquiry HTTP/1.1" 200 3155
0:0:0:0:0:0:0:1 - - [19/Oct/2016:08:32:51 -0200] "GET /juddi-gui/ajax/tmodelsearch.jsp?keyword=%25&offset=0&maxrecords=10&lang=&chooser=undefined&_=1476873171003 HTTP/1.1" 200 2474
127.0.0.1 - - [19/Oct/2016:08:32:55 -0200] "POST /juddiv3/services/inquiry HTTP/1.1" 200 677
0:0:0:0:0:0:0:1 - - [19/Oct/2016:08:32:55 -0200] "POST /juddi-gui/ajax/search.jsp HTTP/1.1" 200 51
127.0.0.1 - - [19/Oct/2016:08:33:01 -0200] "POST /juddiv3/services/inquiry HTTP/1.1" 200 677
0:0:0:0:0:0:0:1 - - [19/Oct/2016:08:33:01 -0200] "POST /juddi-gui/ajax/search.jsp HTTP/1.1" 200 51
127.0.0.1 - - [19/Oct/2016:08:33:09 -0200] "POST /juddiv3/services/inquiry HTTP/1.1" 200 675
0:0:0:0:0:0:0:1 - - [19/Oct/2016:08:33:09 -0200] "POST /juddi-gui/ajax/search.jsp HTTP/1.1" 200 51
127.0.0.1 - - [19/Oct/2016:08:33:13 -0200] "POST /juddiv3/services/inquiry HTTP/1.1" 200 2840
0:0:0:0:0:0:0:1 - - [19/Oct/2016:08:33:13 -0200] "POST /juddi-gui/ajax/search.jsp HTTP/1.1" 200 1403
127.0.0.1 - - [19/Oct/2016:08:33:28 -0200] "POST /juddiv3/services/inquiry HTTP/1.1" 200 2840
0:0:0:0:0:0:0:1 - - [19/Oct/2016:08:33:28 -0200] "POST /juddi-gui/ajax/search.jsp HTTP/1.1" 200 1403
0:0:0:0:0:0:0:1 - - [19/Oct/2016:08:33:39 -0200] "GET /juddi-gui/serviceBrowse.jsp HTTP/1.1" 200 21132
0:0:0:0:0:0:0:1 - - [19/Oct/2016:08:33:39 -0200] "GET /juddi-gui/js/i18n.js.jsp HTTP/1.1" 200 3014
127.0.0.1 - - [19/Oct/2016:08:33:39 -0200] "POST /juddiv3/services/inquiry HTTP/1.1" 200 3425
0:0:0:0:0:0:0:1 - - [19/Oct/2016:08:33:39 -0200] "GET /juddi-gui/ajax/servicesearch.jsp?keyword=%25&offset=%5Bobject%20HTMLSpanElement%5D&maxrecords=20&lang=&_=1476873219211 HTTP/1.1" 200 5882
0:0:0:0:0:0:0:1 - admin [19/Oct/2016:08:33:49 -0200] "GET /juddi-gui/settings.jsp HTTP/1.1" 200 52058
0:0:0:0:0:0:0:1 - admin [19/Oct/2016:08:33:49 -0200] "GET /juddi-gui/js/i18n.js.jsp HTTP/1.1" 200 3014
0:0:0:0:0:0:0:1 - admin [19/Oct/2016:08:33:55 -0200] "GET /juddi-gui/serviceBrowse.jsp HTTP/1.1" 200 21132
0:0:0:0:0:0:0:1 - admin [19/Oct/2016:08:33:55 -0200] "GET /juddi-gui/js/i18n.js.jsp HTTP/1.1" 200 3014
127.0.0.1 - - [19/Oct/2016:08:33:55 -0200] "POST /juddiv3/services/inquiry HTTP/1.1" 200 3425
0:0:0:0:0:0:0:1 - admin [19/Oct/2016:08:33:55 -0200] "GET /juddi-gui/ajax/servicesearch.jsp?keyword=%25&offset=%5Bobject%20HTMLSpanElement%5D&maxrecords=20&lang=&_=1476873235174 HTTP/1.1" 200 5882
127.0.0.1 - - [19/Oct/2016:08:33:56 -0200] "POST /juddiv3/services/inquiry HTTP/1.1" 200 3845
0:0:0:0:0:0:0:1 - admin [19/Oct/2016:08:33:56 -0200] "GET /juddi-gui/serviceEditor.jsp?id=uddi:juddi.apache.org:services-inquiry HTTP/1.1" 200 44742
0:0:0:0:0:0:0:1 - admin [19/Oct/2016:08:33:56 -0200] "GET /juddi-gui/js/i18n.js.jsp HTTP/1.1" 200 3014
127.0.0.1 - - [19/Oct/2016:08:33:56 -0200] "POST /juddiv3/services/inquiry HTTP/1.1" 200 917
0:0:0:0:0:0:0:1 - admin [19/Oct/2016:08:33:56 -0200] "GET /juddi-gui/ajax/opInfo.jsp?id=uddi:juddi.apache.org:services-inquiry HTTP/1.1" 200 416
127.0.0.1 - - [19/Oct/2016:08:33:56 -0200] "POST /juddiv3/services/inquiry HTTP/1.1" 200 3155
0:0:0:0:0:0:0:1 - admin [19/Oct/2016:08:33:56 -0200] "GET /juddi-gui/ajax/tmodelsearch.jsp?keyword=%25&offset=0&maxrecords=10&lang=&chooser=undefined&_=1476873236905 HTTP/1.1" 200 2474
0:0:0:0:0:0:0:1 - admin [19/Oct/2016:08:34:47 -0200] "GET /juddi-gui/tmodelEditor.jsp HTTP/1.1" 200 38094
0:0:0:0:0:0:0:1 - admin [19/Oct/2016:08:34:47 -0200] "GET /juddi-gui/js/i18n.js.jsp HTTP/1.1" 200 3014
127.0.0.1 - - [19/Oct/2016:08:34:47 -0200] "POST /juddiv3/services/inquiry HTTP/1.1" 200 3155
0:0:0:0:0:0:0:1 - admin [19/Oct/2016:08:34:47 -0200] "GET /juddi-gui/ajax/tmodelsearch.jsp?keyword=%25&offset=0&maxrecords=10&lang=&chooser=undefined&_=1476873287587 HTTP/1.1" 200 2474
0:0:0:0:0:0:0:1 - admin [19/Oct/2016:08:34:56 -0200] "GET /juddi-gui/tmodelEditor.jsp HTTP/1.1" 200 38094
0:0:0:0:0:0:0:1 - admin [19/Oct/2016:08:34:56 -0200] "GET /juddi-gui/js/i18n.js.jsp HTTP/1.1" 200 3014
127.0.0.1 - - [19/Oct/2016:08:34:56 -0200] "POST /juddiv3/services/inquiry HTTP/1.1" 200 3155
0:0:0:0:0:0:0:1 - admin [19/Oct/2016:08:34:56 -0200] "GET /juddi-gui/ajax/tmodelsearch.jsp?keyword=%25&offset=0&maxrecords=10&lang=&chooser=undefined&_=1476873296835 HTTP/1.1" 200 2474
127.0.0.1 - - [19/Oct/2016:08:35:54 -0200] "POST /juddiv3/services/publish HTTP/1.1" 500 1023
0:0:0:0:0:0:0:1 - admin [19/Oct/2016:08:35:54 -0200] "POST /juddi-gui/ajax/savetmodel.jsp HTTP/1.1" 406 329
0:0:0:0:0:0:0:1 - admin [19/Oct/2016:08:35:59 -0200] "GET /juddi-gui/tmodelPartitions.jsp HTTP/1.1" 200 25146
0:0:0:0:0:0:0:1 - admin [19/Oct/2016:08:35:59 -0200] "GET /juddi-gui/js/i18n.js.jsp HTTP/1.1" 200 3014
0:0:0:0:0:0:0:1 - admin [19/Oct/2016:08:36:30 -0200] "POST /juddi-gui/ajax/tmodel.jsp HTTP/1.1" 200 91
127.0.0.1 - - [19/Oct/2016:08:36:40 -0200] "POST /juddiv3/services/publish HTTP/1.1" 200 961
0:0:0:0:0:0:0:1 - admin [19/Oct/2016:08:36:40 -0200] "POST /juddi-gui/ajax/tmodel.jsp HTTP/1.1" 200 230
0:0:0:0:0:0:0:1 - admin [19/Oct/2016:08:36:45 -0200] "GET /juddi-gui/tmodelEditor.jsp HTTP/1.1" 200 38094
0:0:0:0:0:0:0:1 - admin [19/Oct/2016:08:36:45 -0200] "GET /juddi-gui/js/i18n.js.jsp HTTP/1.1" 200 3014
127.0.0.1 - - [19/Oct/2016:08:36:46 -0200] "POST /juddiv3/services/inquiry HTTP/1.1" 200 3155
0:0:0:0:0:0:0:1 - admin [19/Oct/2016:08:36:46 -0200] "GET /juddi-gui/ajax/tmodelsearch.jsp?keyword=%25&offset=0&maxrecords=10&lang=&chooser=undefined&_=1476873405922 HTTP/1.1" 200 2474
127.0.0.1 - - [19/Oct/2016:08:37:19 -0200] "POST /juddiv3/services/publish HTTP/1.1" 500 779
0:0:0:0:0:0:0:1 - admin [19/Oct/2016:08:37:19 -0200] "POST /juddi-gui/ajax/savetmodel.jsp HTTP/1.1" 406 114
127.0.0.1 - - [19/Oct/2016:08:37:40 -0200] "POST /juddiv3/services/publish HTTP/1.1" 200 680
0:0:0:0:0:0:0:1 - admin [19/Oct/2016:08:37:40 -0200] "POST /juddi-gui/ajax/savetmodel.jsp HTTP/1.1" 200 149
0:0:0:0:0:0:0:1 - admin [19/Oct/2016:08:37:44 -0200] "GET /juddi-gui/serviceBrowse.jsp HTTP/1.1" 200 21132
0:0:0:0:0:0:0:1 - admin [19/Oct/2016:08:37:44 -0200] "GET /juddi-gui/js/i18n.js.jsp HTTP/1.1" 200 3014
127.0.0.1 - - [19/Oct/2016:08:37:44 -0200] "POST /juddiv3/services/inquiry HTTP/1.1" 200 3425
0:0:0:0:0:0:0:1 - admin [19/Oct/2016:08:37:44 -0200] "GET /juddi-gui/ajax/servicesearch.jsp?keyword=%25&offset=%5Bobject%20HTMLSpanElement%5D&maxrecords=20&lang=&_=1476873464147 HTTP/1.1" 200 5882
127.0.0.1 - - [19/Oct/2016:08:37:57 -0200] "POST /juddiv3/services/inquiry HTTP/1.1" 200 2818
0:0:0:0:0:0:0:1 - admin [19/Oct/2016:08:37:57 -0200] "GET /juddi-gui/serviceEditor.jsp?id=uddi:das.ufsc.br:service_cepservicesoapservice HTTP/1.1" 200 44576
0:0:0:0:0:0:0:1 - admin [19/Oct/2016:08:37:57 -0200] "GET /juddi-gui/js/i18n.js.jsp HTTP/1.1" 200 3014
127.0.0.1 - - [19/Oct/2016:08:37:57 -0200] "POST /juddiv3/services/inquiry HTTP/1.1" 200 926
0:0:0:0:0:0:0:1 - admin [19/Oct/2016:08:37:57 -0200] "GET /juddi-gui/ajax/opInfo.jsp?id=uddi:das.ufsc.br:service_cepservicesoapservice HTTP/1.1" 200 425
127.0.0.1 - - [19/Oct/2016:08:37:57 -0200] "POST /juddiv3/services/inquiry HTTP/1.1" 200 3056
0:0:0:0:0:0:0:1 - admin [19/Oct/2016:08:37:57 -0200] "GET /juddi-gui/ajax/tmodelsearch.jsp?keyword=%25&offset=0&maxrecords=10&lang=&chooser=undefined&_=1476873477381 HTTP/1.1" 200 2424
127.0.0.1 - - [19/Oct/2016:08:38:05 -0200] "POST /juddiv3/services/inquiry HTTP/1.1" 200 3056
0:0:0:0:0:0:0:1 - admin [19/Oct/2016:08:38:05 -0200] "GET /juddi-gui/ajax/tmodelsearch.jsp?keyword=%25&offset=0&maxrecords=10&lang=&chooser=true&_=1476873477382 HTTP/1.1" 200 2673
127.0.0.1 - - [19/Oct/2016:08:38:15 -0200] "POST /juddiv3/services/inquiry HTTP/1.1" 200 3056
0:0:0:0:0:0:0:1 - admin [19/Oct/2016:08:38:15 -0200] "GET /juddi-gui/ajax/tmodelsearch.jsp?keyword=%25&offset=0&maxrecords=10&lang=&chooser=true&_=1476873477383 HTTP/1.1" 200 2673
127.0.0.1 - - [19/Oct/2016:08:38:30 -0200] "POST /juddiv3/services/inquiry HTTP/1.1" 200 2818
127.0.0.1 - - [19/Oct/2016:08:38:30 -0200] "POST /juddiv3/services/publish HTTP/1.1" 200 2945
0:0:0:0:0:0:0:1 - admin [19/Oct/2016:08:38:30 -0200] "POST /juddi-gui/ajax/saveservicedetails.jsp HTTP/1.1" 200 152
127.0.0.1 - - [19/Oct/2016:08:38:42 -0200] "POST /juddiv3/services/inquiry HTTP/1.1" 200 2945
0:0:0:0:0:0:0:1 - admin [19/Oct/2016:08:38:42 -0200] "GET /juddi-gui/ajax/toXML.jsp?id=uddi%3Adas.ufsc.br%3Aservice_cepservicesoapservice&type=service HTTP/1.1" 200 2828
0:0:0:0:0:0:0:1 - admin [19/Oct/2016:08:38:52 -0200] "GET /juddi-gui/search.jsp HTTP/1.1" 200 46722
0:0:0:0:0:0:0:1 - admin [19/Oct/2016:08:38:52 -0200] "GET /juddi-gui/js/i18n.js.jsp HTTP/1.1" 200 3014
127.0.0.1 - - [19/Oct/2016:08:38:52 -0200] "POST /juddiv3/services/inquiry HTTP/1.1" 200 3056
0:0:0:0:0:0:0:1 - admin [19/Oct/2016:08:38:52 -0200] "GET /juddi-gui/ajax/tmodelsearch.jsp?keyword=%25&offset=0&maxrecords=10&lang=&chooser=undefined&_=1476873532178 HTTP/1.1" 200 2424
127.0.0.1 - - [19/Oct/2016:08:38:56 -0200] "POST /juddiv3/services/inquiry HTTP/1.1" 200 905
0:0:0:0:0:0:0:1 - admin [19/Oct/2016:08:38:56 -0200] "POST /juddi-gui/ajax/search.jsp HTTP/1.1" 200 180
0:0:0:0:0:0:0:1 - - [19/Oct/2016:08:39:24 -0200] "GET /juddiv3/services HTTP/1.1" 200 8468
0:0:0:0:0:0:0:1 - - [19/Oct/2016:08:39:24 -0200] "GET /juddiv3/services/?stylesheet=1 HTTP/1.1" 200 367
0:0:0:0:0:0:0:1 - - [19/Oct/2016:08:39:25 -0200] "GET /favicon.ico HTTP/1.1" 200 21630
0:0:0:0:0:0:0:1 - - [19/Oct/2016:08:39:39 -0200] "GET /juddiv3/services/inquiryRest?_wadl HTTP/1.1" 200 65472
0:0:0:0:0:0:0:1 - - [19/Oct/2016:08:39:57 -0200] "GET /juddiv3/services/inquiry?wsdl HTTP/1.1" 200 79927
127.0.0.1 - - [19/Oct/2016:08:40:06 -0200] "GET /juddiv3/services/inquiry?wsdl HTTP/1.1" 200 79927
0:0:0:0:0:0:0:1 - admin [19/Oct/2016:08:42:17 -0200] "GET /juddi-gui/serviceBrowse.jsp HTTP/1.1" 200 21132
0:0:0:0:0:0:0:1 - admin [19/Oct/2016:08:42:17 -0200] "GET /juddi-gui/js/i18n.js.jsp HTTP/1.1" 200 3014
127.0.0.1 - - [19/Oct/2016:08:42:18 -0200] "POST /juddiv3/services/inquiry HTTP/1.1" 200 3425
0:0:0:0:0:0:0:1 - admin [19/Oct/2016:08:42:18 -0200] "GET /juddi-gui/ajax/servicesearch.jsp?keyword=%25&offset=%5Bobject%20HTMLSpanElement%5D&maxrecords=20&lang=&_=1476873738053 HTTP/1.1" 200 5882
127.0.0.1 - - [19/Oct/2016:08:42:25 -0200] "POST /juddiv3/services/inquiry HTTP/1.1" 200 2945
0:0:0:0:0:0:0:1 - admin [19/Oct/2016:08:42:25 -0200] "GET /juddi-gui/serviceEditor.jsp?id=uddi:das.ufsc.br:service_cepservicesoapservice HTTP/1.1" 200 45366
0:0:0:0:0:0:0:1 - admin [19/Oct/2016:08:42:25 -0200] "GET /juddi-gui/js/i18n.js.jsp HTTP/1.1" 200 3014
127.0.0.1 - - [19/Oct/2016:08:42:25 -0200] "POST /juddiv3/services/inquiry HTTP/1.1" 200 926
0:0:0:0:0:0:0:1 - admin [19/Oct/2016:08:42:25 -0200] "GET /juddi-gui/ajax/opInfo.jsp?id=uddi:das.ufsc.br:service_cepservicesoapservice HTTP/1.1" 200 425
127.0.0.1 - - [19/Oct/2016:08:42:25 -0200] "POST /juddiv3/services/inquiry HTTP/1.1" 200 3056
0:0:0:0:0:0:0:1 - admin [19/Oct/2016:08:42:25 -0200] "GET /juddi-gui/ajax/tmodelsearch.jsp?keyword=%25&offset=0&maxrecords=10&lang=&chooser=undefined&_=1476873745735 HTTP/1.1" 200 2424
127.0.0.1 - - [19/Oct/2016:08:43:30 -0200] "POST /juddiv3/services/inquiry HTTP/1.1" 500 306
127.0.0.1 - - [19/Oct/2016:08:43:47 -0200] "POST /juddiv3/services/inquiry HTTP/1.1" 500 806
0:0:0:0:0:0:0:1 - admin [19/Oct/2016:08:44:12 -0200] "GET /juddi-gui/search.jsp HTTP/1.1" 200 46722
0:0:0:0:0:0:0:1 - admin [19/Oct/2016:08:44:12 -0200] "GET /juddi-gui/js/i18n.js.jsp HTTP/1.1" 200 3014
127.0.0.1 - - [19/Oct/2016:08:44:12 -0200] "POST /juddiv3/services/inquiry HTTP/1.1" 200 3056
0:0:0:0:0:0:0:1 - admin [19/Oct/2016:08:44:12 -0200] "GET /juddi-gui/ajax/tmodelsearch.jsp?keyword=%25&offset=0&maxrecords=10&lang=&chooser=undefined&_=1476873852774 HTTP/1.1" 200 2424
127.0.0.1 - - [19/Oct/2016:08:44:29 -0200] "POST /juddiv3/services/inquiry HTTP/1.1" 200 905
0:0:0:0:0:0:0:1 - admin [19/Oct/2016:08:44:29 -0200] "POST /juddi-gui/ajax/search.jsp HTTP/1.1" 200 180
127.0.0.1 - - [19/Oct/2016:08:44:34 -0200] "POST /juddiv3/services/inquiry HTTP/1.1" 200 2945
0:0:0:0:0:0:0:1 - admin [19/Oct/2016:08:44:34 -0200] "GET /juddi-gui/serviceEditor.jsp?id=uddi:das.ufsc.br:service_cepservicesoapservice HTTP/1.1" 200 45366
127.0.0.1 - - [19/Oct/2016:08:44:34 -0200] "POST /juddiv3/services/inquiry HTTP/1.1" 200 3056
0:0:0:0:0:0:0:1 - admin [19/Oct/2016:08:44:34 -0200] "GET /juddi-gui/ajax/tmodelsearch.jsp?keyword=%25&offset=0&maxrecords=10&lang=&chooser=undefined&_=1476873874545 HTTP/1.1" 200 2424
0:0:0:0:0:0:0:1 - admin [19/Oct/2016:08:44:42 -0200] "GET /juddi-gui/search.jsp HTTP/1.1" 200 46722
0:0:0:0:0:0:0:1 - admin [19/Oct/2016:08:44:42 -0200] "GET /juddi-gui/css/bootstrap.min.css HTTP/1.1" 200 105939
0:0:0:0:0:0:0:1 - admin [19/Oct/2016:08:44:42 -0200] "GET /juddi-gui/css/bootstrap-datetimepicker.min.css HTTP/1.1" 200 6171
0:0:0:0:0:0:0:1 - admin [19/Oct/2016:08:44:42 -0200] "GET /juddi-gui/css/bootstrap-timepicker.min.css HTTP/1.1" 200 2410
0:0:0:0:0:0:0:1 - admin [19/Oct/2016:08:44:42 -0200] "GET /juddi-gui/css/bootstrap-responsive.min.css HTTP/1.1" 200 16849
0:0:0:0:0:0:0:1 - admin [19/Oct/2016:08:44:42 -0200] "GET /juddi-gui/css/ui-lightness/jquery-ui-1.10.2.custom.min.css HTTP/1.1" 200 16781
0:0:0:0:0:0:0:1 - admin [19/Oct/2016:08:44:42 -0200] "GET /juddi-gui/css/font-awesome.min.css HTTP/1.1" 200 15725
0:0:0:0:0:0:0:1 - admin [19/Oct/2016:08:44:42 -0200] "GET /juddi-gui/css/bootstrap-modal.css HTTP/1.1" 200 4229
0:0:0:0:0:0:0:1 - admin [19/Oct/2016:08:44:42 -0200] "GET /juddi-gui/js/i18n.js.jsp HTTP/1.1" 200 3014
0:0:0:0:0:0:0:1 - admin [19/Oct/2016:08:44:42 -0200] "GET /juddi-gui/js/bootstrap.min.js HTTP/1.1" 200 28418
0:0:0:0:0:0:0:1 - admin [19/Oct/2016:08:44:42 -0200] "GET /juddi-gui/js/bootstrap-datetimepicker.min.js HTTP/1.1" 200 29036
0:0:0:0:0:0:0:1 - admin [19/Oct/2016:08:44:42 -0200] "GET /juddi-gui/js/jquery-1.9.1.js HTTP/1.1" 200 268381
0:0:0:0:0:0:0:1 - admin [19/Oct/2016:08:44:42 -0200] "GET /juddi-gui/js/bootstrap-modalmanager.js HTTP/1.1" 200 10648
0:0:0:0:0:0:0:1 - admin [19/Oct/2016:08:44:42 -0200] "GET /juddi-gui/js/bootstrap-timepicker.min.js HTTP/1.1" 200 14280
0:0:0:0:0:0:0:1 - admin [19/Oct/2016:08:44:42 -0200] "GET /juddi-gui/js/bootstrap-modal.js HTTP/1.1" 200 9244
0:0:0:0:0:0:0:1 - admin [19/Oct/2016:08:44:42 -0200] "GET /juddi-gui/js/jquery.jeditable.js HTTP/1.1" 200 24393
0:0:0:0:0:0:0:1 - admin [19/Oct/2016:08:44:42 -0200] "GET /juddi-gui/js/jquery-ui-1.10.2.custom.min.js HTTP/1.1" 200 30584
0:0:0:0:0:0:0:1 - admin [19/Oct/2016:08:44:42 -0200] "GET /juddi-gui/js/main.js HTTP/1.1" 200 4134
0:0:0:0:0:0:0:1 - admin [19/Oct/2016:08:44:42 -0200] "GET /juddi-gui/img/logo2.png HTTP/1.1" 200 5721
0:0:0:0:0:0:0:1 - admin [19/Oct/2016:08:44:42 -0200] "GET /juddi-gui/img/bigrollergreen.gif HTTP/1.1" 200 4176
0:0:0:0:0:0:0:1 - admin [19/Oct/2016:08:44:42 -0200] "GET /juddi-gui/js/tmodelsearch.js HTTP/1.1" 200 4373
0:0:0:0:0:0:0:1 - admin [19/Oct/2016:08:44:42 -0200] "GET /juddi-gui/js/tmodelChooser.js HTTP/1.1" 200 3269
0:0:0:0:0:0:0:1 - admin [19/Oct/2016:08:44:42 -0200] "GET /juddi-gui/font/fontawesome-webfont.woff?v=3.0.1 HTTP/1.1" 200 29380
127.0.0.1 - - [19/Oct/2016:08:44:42 -0200] "POST /juddiv3/services/inquiry HTTP/1.1" 200 3056
0:0:0:0:0:0:0:1 - admin [19/Oct/2016:08:44:42 -0200] "GET /juddi-gui/ajax/tmodelsearch.jsp?keyword=%25&offset=0&maxrecords=10&lang=&chooser=undefined&_=1476873882250 HTTP/1.1" 200 2424
127.0.0.1 - - [19/Oct/2016:08:44:57 -0200] "POST /juddiv3/services/inquiry HTTP/1.1" 200 905
0:0:0:0:0:0:0:1 - admin [19/Oct/2016:08:44:57 -0200] "POST /juddi-gui/ajax/search.jsp HTTP/1.1" 200 180
127.0.0.1 - - [19/Oct/2016:08:46:40 -0200] "POST /juddiv3/services/inquiry HTTP/1.1" 200 905
0:0:0:0:0:0:0:1 - admin [19/Oct/2016:08:46:40 -0200] "POST /juddi-gui/ajax/search.jsp HTTP/1.1" 200 180
127.0.0.1 - - [19/Oct/2016:08:51:52 -0200] "POST /juddiv3/services/inquiry HTTP/1.1" 200 905
0:0:0:0:0:0:0:1 - admin [19/Oct/2016:08:51:52 -0200] "POST /juddi-gui/ajax/search.jsp HTTP/1.1" 200 180
127.0.0.1 - - [19/Oct/2016:08:51:58 -0200] "POST /juddiv3/services/inquiry HTTP/1.1" 200 2945
0:0:0:0:0:0:0:1 - admin [19/Oct/2016:08:51:58 -0200] "GET /juddi-gui/serviceEditor.jsp?id=uddi:das.ufsc.br:service_cepservicesoapservice HTTP/1.1" 200 45366
127.0.0.1 - - [19/Oct/2016:08:51:58 -0200] "POST /juddiv3/services/inquiry HTTP/1.1" 200 926
0:0:0:0:0:0:0:1 - admin [19/Oct/2016:08:51:58 -0200] "GET /juddi-gui/ajax/opInfo.jsp?id=uddi:das.ufsc.br:service_cepservicesoapservice HTTP/1.1" 200 425
127.0.0.1 - - [19/Oct/2016:08:51:58 -0200] "POST /juddiv3/services/inquiry HTTP/1.1" 200 3056
0:0:0:0:0:0:0:1 - admin [19/Oct/2016:08:51:58 -0200] "GET /juddi-gui/ajax/tmodelsearch.jsp?keyword=%25&offset=0&maxrecords=10&lang=&chooser=undefined&_=1476874318400 HTTP/1.1" 200 2424
0:0:0:0:0:0:0:1 - admin [19/Oct/2016:08:52:03 -0200] "GET /juddi-gui/search.jsp HTTP/1.1" 200 46722
0:0:0:0:0:0:0:1 - admin [19/Oct/2016:08:52:03 -0200] "GET /juddi-gui/js/i18n.js.jsp HTTP/1.1" 200 3014
127.0.0.1 - - [19/Oct/2016:08:52:04 -0200] "POST /juddiv3/services/inquiry HTTP/1.1" 200 3056
0:0:0:0:0:0:0:1 - admin [19/Oct/2016:08:52:04 -0200] "GET /juddi-gui/ajax/tmodelsearch.jsp?keyword=%25&offset=0&maxrecords=10&lang=&chooser=undefined&_=1476874323969 HTTP/1.1" 200 2424
127.0.0.1 - - [19/Oct/2016:08:54:10 -0200] "GET / HTTP/1.1" 200 4995
127.0.0.1 - - [19/Oct/2016:08:56:19 -0200] "GET / HTTP/1.1" 200 4995
127.0.0.1 - - [19/Oct/2016:08:56:25 -0200] "POST /juddiv3/services/inquiry HTTP/1.1" 500 806
127.0.0.1 - - [19/Oct/2016:08:57:31 -0200] "GET / HTTP/1.1" 200 4995
127.0.0.1 - - [19/Oct/2016:08:57:58 -0200] "POST /juddiv3/services/inquiry HTTP/1.1" 500 806
127.0.0.1 - - [19/Oct/2016:08:58:18 -0200] "POST /juddiv3/services/inquiry HTTP/1.1" 500 307
127.0.0.1 - - [19/Oct/2016:08:58:35 -0200] "POST /juddiv3/services/inquiry HTTP/1.1" 500 806
127.0.0.1 - - [19/Oct/2016:08:59:43 -0200] "GET / HTTP/1.1" 200 4995
127.0.0.1 - - [19/Oct/2016:08:59:48 -0200] "POST /juddiv3/services/inquiry HTTP/1.1" 500 806
127.0.0.1 - - [19/Oct/2016:09:05:25 -0200] "GET / HTTP/1.1" 200 4995
127.0.0.1 - - [19/Oct/2016:09:05:29 -0200] "GET /juddi-gui/search.jsp HTTP/1.1" 200 46920
127.0.0.1 - - [19/Oct/2016:09:05:29 -0200] "GET /juddi-gui/js/i18n.js.jsp HTTP/1.1" 200 3014
127.0.0.1 - - [19/Oct/2016:09:05:32 -0200] "POST /juddiv3/services/inquiry HTTP/1.1" 200 3056
127.0.0.1 - - [19/Oct/2016:09:05:33 -0200] "GET /juddi-gui/ajax/tmodelsearch.jsp?keyword=%25&offset=0&maxrecords=10&lang=&chooser=undefined&_=1476875129485 HTTP/1.1" 200 2424
127.0.0.1 - - [19/Oct/2016:09:05:36 -0200] "POST /juddiv3/services/security HTTP/1.1" 200 581
127.0.0.1 - - [19/Oct/2016:09:05:37 -0200] "POST /juddi-gui/ajax/loginpost.jsp HTTP/1.1" 200 18
127.0.0.1 - - [19/Oct/2016:09:05:38 -0200] "GET /juddi-gui/login.jsp HTTP/1.1" 200 931
127.0.0.1 - - [19/Oct/2016:09:05:46 -0200] "POST /juddiv3/services/inquiry HTTP/1.1" 200 905
127.0.0.1 - - [19/Oct/2016:09:05:47 -0200] "POST /juddi-gui/ajax/search.jsp HTTP/1.1" 200 180
127.0.0.1 - - [19/Oct/2016:09:06:28 -0200] "POST /juddiv3/services/inquiry HTTP/1.1" 500 426
127.0.0.1 - - [19/Oct/2016:09:07:02 -0200] "POST /juddiv3/services/inquiry HTTP/1.1" 500 791
127.0.0.1 - - [19/Oct/2016:09:07:42 -0200] "POST /juddiv3/services/inquiry HTTP/1.1" 200 675
127.0.0.1 - - [19/Oct/2016:09:08:28 -0200] "POST /juddiv3/services/inquiry HTTP/1.1" 200 905
127.0.0.1 - - [19/Oct/2016:09:09:40 -0200] "POST /juddiv3/services/inquiry HTTP/1.1" 200 2945
127.0.0.1 - - [19/Oct/2016:09:10:22 -0200] "GET /juddi-gui/tmodelEditor.jsp HTTP/1.1" 200 38094
127.0.0.1 - - [19/Oct/2016:09:10:22 -0200] "GET /juddi-gui/js/i18n.js.jsp HTTP/1.1" 200 3014
127.0.0.1 - - [19/Oct/2016:09:10:24 -0200] "POST /juddiv3/services/inquiry HTTP/1.1" 200 3056
127.0.0.1 - - [19/Oct/2016:09:10:25 -0200] "GET /juddi-gui/ajax/tmodelsearch.jsp?keyword=%25&offset=0&maxrecords=10&lang=&chooser=undefined&_=1476875422287 HTTP/1.1" 200 2424
127.0.0.1 - - [19/Oct/2016:09:10:56 -0200] "POST /juddiv3/services/publish HTTP/1.1" 200 635
127.0.0.1 - - [19/Oct/2016:09:10:57 -0200] "POST /juddi-gui/ajax/savetmodel.jsp HTTP/1.1" 200 123
127.0.0.1 - - [19/Oct/2016:09:11:03 -0200] "GET /juddi-gui/serviceBrowse.jsp HTTP/1.1" 200 21132
127.0.0.1 - - [19/Oct/2016:09:11:04 -0200] "GET /juddi-gui/js/i18n.js.jsp HTTP/1.1" 200 3014
127.0.0.1 - - [19/Oct/2016:09:11:05 -0200] "POST /juddiv3/services/inquiry HTTP/1.1" 200 3425
127.0.0.1 - - [19/Oct/2016:09:11:06 -0200] "GET /juddi-gui/ajax/servicesearch.jsp?keyword=%25&offset=%5Bobject%20HTMLSpanElement%5D&maxrecords=20&lang=&_=1476875464030 HTTP/1.1" 200 5882
127.0.0.1 - - [19/Oct/2016:09:11:21 -0200] "POST /juddiv3/services/inquiry HTTP/1.1" 200 2945
127.0.0.1 - - [19/Oct/2016:09:11:22 -0200] "GET /juddi-gui/serviceEditor.jsp?id=uddi:das.ufsc.br:service_cepservicesoapservice HTTP/1.1" 200 45366
127.0.0.1 - - [19/Oct/2016:09:11:23 -0200] "GET /juddi-gui/js/i18n.js.jsp HTTP/1.1" 200 3014
127.0.0.1 - - [19/Oct/2016:09:11:24 -0200] "POST /juddiv3/services/inquiry HTTP/1.1" 200 926
127.0.0.1 - - [19/Oct/2016:09:11:24 -0200] "POST /juddiv3/services/inquiry HTTP/1.1" 200 3056
127.0.0.1 - - [19/Oct/2016:09:11:25 -0200] "GET /juddi-gui/ajax/opInfo.jsp?id=uddi:das.ufsc.br:service_cepservicesoapservice HTTP/1.1" 200 425
127.0.0.1 - - [19/Oct/2016:09:11:25 -0200] "GET /juddi-gui/ajax/tmodelsearch.jsp?keyword=%25&offset=0&maxrecords=10&lang=&chooser=undefined&_=1476875483066 HTTP/1.1" 200 2424
127.0.0.1 - - [19/Oct/2016:09:11:36 -0200] "POST /juddiv3/services/inquiry HTTP/1.1" 200 3056
127.0.0.1 - - [19/Oct/2016:09:11:37 -0200] "GET /juddi-gui/ajax/tmodelsearch.jsp?keyword=%25&offset=0&maxrecords=10&lang=&chooser=true&_=1476875483067 HTTP/1.1" 200 2673
127.0.0.1 - - [19/Oct/2016:09:12:10 -0200] "POST /juddiv3/services/inquiry HTTP/1.1" 200 673
127.0.0.1 - - [19/Oct/2016:09:12:11 -0200] "GET /juddi-gui/ajax/tmodelsearch.jsp?keyword=uddi%3Adas.ufsc.br%3Aservicecategory&offset=0&maxrecords=10&lang=&chooser=true&_=1476875483068 HTTP/1.1" 200 233
127.0.0.1 - - [19/Oct/2016:09:12:16 -0200] "POST /juddiv3/services/inquiry HTTP/1.1" 200 673
127.0.0.1 - - [19/Oct/2016:09:12:17 -0200] "GET /juddi-gui/ajax/tmodelsearch.jsp?keyword=servicecategory&offset=0&maxrecords=10&lang=&chooser=true&_=1476875483069 HTTP/1.1" 200 233
127.0.0.1 - - [19/Oct/2016:09:12:20 -0200] "POST /juddiv3/services/inquiry HTTP/1.1" 200 823
127.0.0.1 - - [19/Oct/2016:09:12:21 -0200] "GET /juddi-gui/ajax/tmodelsearch.jsp?keyword=service%20category&offset=0&maxrecords=10&lang=&chooser=true&_=1476875483070 HTTP/1.1" 200 491
127.0.0.1 - - [19/Oct/2016:09:13:19 -0200] "POST /juddiv3/services/inquiry HTTP/1.1" 200 2945
127.0.0.1 - - [19/Oct/2016:09:13:21 -0200] "POST /juddiv3/services/publish HTTP/1.1" 200 3072
127.0.0.1 - - [19/Oct/2016:09:13:22 -0200] "POST /juddi-gui/ajax/saveservicedetails.jsp HTTP/1.1" 200 152
127.0.0.1 - - [19/Oct/2016:09:14:13 -0200] "POST /juddiv3/services/inquiry HTTP/1.1" 200 675
127.0.0.1 - - [19/Oct/2016:09:14:23 -0200] "POST /juddiv3/services/inquiry HTTP/1.1" 200 675
127.0.0.1 - - [19/Oct/2016:09:14:43 -0200] "POST /juddiv3/services/inquiry HTTP/1.1" 200 905
127.0.0.1 - - [19/Oct/2016:09:15:07 -0200] "POST /juddiv3/services/inquiry HTTP/1.1" 200 905
127.0.0.1 - - [19/Oct/2016:09:16:14 -0200] "GET / HTTP/1.1" 200 4995
127.0.0.1 - - [19/Oct/2016:09:16:32 -0200] "POST /juddiv3/services/inquiry HTTP/1.1" 200 905
127.0.0.1 - - [19/Oct/2016:09:16:33 -0200] "POST /juddiv3/services/inquiry HTTP/1.1" 200 905
127.0.0.1 - - [19/Oct/2016:09:16:33 -0200] "POST /juddiv3/services/inquiry HTTP/1.1" 200 905
127.0.0.1 - - [19/Oct/2016:09:16:34 -0200] "POST /juddiv3/services/inquiry HTTP/1.1" 200 905
127.0.0.1 - - [19/Oct/2016:09:16:34 -0200] "POST /juddiv3/services/inquiry HTTP/1.1" 200 905
127.0.0.1 - - [19/Oct/2016:09:18:23 -0200] "POST /juddiv3/services/inquiry HTTP/1.1" 200 3072
127.0.0.1 - - [19/Oct/2016:22:01:56 -0200] "POST /juddiv3/services/inquiry HTTP/1.1" 200 905
127.0.0.1 - - [19/Oct/2016:22:01:59 -0200] "POST /juddiv3/services/inquiry HTTP/1.1" 200 905
127.0.0.1 - - [19/Oct/2016:22:02:00 -0200] "POST /juddiv3/services/inquiry HTTP/1.1" 200 905
