0:0:0:0:0:0:0:1 - - [19/Oct/2016:00:00:00 -0200] "GET /juddi-gui/businessBrowse.jsp HTTP/1.1" 200 21778
0:0:0:0:0:0:0:1 - - [19/Oct/2016:00:00:00 -0200] "GET /juddi-gui/js/i18n.js.jsp HTTP/1.1" 200 3014
127.0.0.1 - - [19/Oct/2016:00:00:00 -0200] "POST /juddiv3/services/inquiry HTTP/1.1" 200 3514
0:0:0:0:0:0:0:1 - - [19/Oct/2016:00:00:00 -0200] "GET /juddi-gui/ajax/businesssearch.jsp?keyword=%25&offset=0&maxrecords=20&lang=&_=1476842400767 HTTP/1.1" 200 811
127.0.0.1 - - [19/Oct/2016:00:00:02 -0200] "POST /juddiv3/services/inquiry HTTP/1.1" 200 33005
0:0:0:0:0:0:0:1 - - [19/Oct/2016:00:00:02 -0200] "GET /juddi-gui/businessEditor2.jsp?id=uddi:juddi.apache.org:node1 HTTP/1.1" 200 49023
0:0:0:0:0:0:0:1 - - [19/Oct/2016:00:00:02 -0200] "GET /juddi-gui/js/i18n.js.jsp HTTP/1.1" 200 3014
127.0.0.1 - - [19/Oct/2016:00:00:03 -0200] "POST /juddiv3/services/inquiry HTTP/1.1" 200 906
0:0:0:0:0:0:0:1 - - [19/Oct/2016:00:00:03 -0200] "GET /juddi-gui/ajax/opInfo.jsp?id=uddi:juddi.apache.org:node1 HTTP/1.1" 200 405
127.0.0.1 - - [19/Oct/2016:00:00:03 -0200] "POST /juddiv3/services/inquiry HTTP/1.1" 200 739
0:0:0:0:0:0:0:1 - - [19/Oct/2016:00:00:03 -0200] "POST /juddi-gui/ajax/search.jsp HTTP/1.1" 200 51
127.0.0.1 - - [19/Oct/2016:00:00:03 -0200] "POST /juddiv3/services/inquiry HTTP/1.1" 200 3699
0:0:0:0:0:0:0:1 - - [19/Oct/2016:00:00:03 -0200] "GET /juddi-gui/ajax/tmodelsearch.jsp?keyword=%25&offset=0&maxrecords=10&lang=&chooser=undefined&_=1476842402967 HTTP/1.1" 200 2774
0:0:0:0:0:0:0:1 - - [19/Oct/2016:00:02:37 -0200] "GET /juddi-gui/businessEditor2.jsp HTTP/1.1" 200 38151
0:0:0:0:0:0:0:1 - - [19/Oct/2016:00:02:37 -0200] "GET /juddi-gui/js/i18n.js.jsp HTTP/1.1" 200 3014
127.0.0.1 - - [19/Oct/2016:00:02:37 -0200] "POST /juddiv3/services/inquiry HTTP/1.1" 200 3699
0:0:0:0:0:0:0:1 - - [19/Oct/2016:00:02:37 -0200] "GET /juddi-gui/ajax/tmodelsearch.jsp?keyword=%25&offset=0&maxrecords=10&lang=&chooser=undefined&_=1476842557201 HTTP/1.1" 200 2774
127.0.0.1 - - [19/Oct/2016:00:03:06 -0200] "POST /juddiv3/services/inquiry HTTP/1.1" 500 802
127.0.0.1 - - [19/Oct/2016:00:03:06 -0200] "POST /juddiv3/services/publish HTTP/1.1" 500 391
0:0:0:0:0:0:0:1 - - [19/Oct/2016:00:03:06 -0200] "POST /juddi-gui/ajax/savebusiness.jsp HTTP/1.1" 406 295
127.0.0.1 - - [19/Oct/2016:00:03:43 -0200] "POST /juddiv3/services/inquiry HTTP/1.1" 500 802
127.0.0.1 - - [19/Oct/2016:00:03:43 -0200] "POST /juddiv3/services/publish HTTP/1.1" 500 782
0:0:0:0:0:0:0:1 - - [19/Oct/2016:00:03:43 -0200] "POST /juddi-gui/ajax/savebusiness.jsp HTTP/1.1" 406 130
127.0.0.1 - - [19/Oct/2016:00:03:57 -0200] "POST /juddiv3/services/security HTTP/1.1" 200 581
0:0:0:0:0:0:0:1 - - [19/Oct/2016:00:03:57 -0200] "POST /juddi-gui/ajax/loginpost.jsp HTTP/1.1" 200 18
0:0:0:0:0:0:0:1 - - [19/Oct/2016:00:03:57 -0200] "GET /juddi-gui/login.jsp HTTP/1.1" 200 930
127.0.0.1 - - [19/Oct/2016:00:04:00 -0200] "POST /juddiv3/services/inquiry HTTP/1.1" 500 802
127.0.0.1 - - [19/Oct/2016:00:04:00 -0200] "POST /juddiv3/services/publish HTTP/1.1" 500 1006
0:0:0:0:0:0:0:1 - - [19/Oct/2016:00:04:00 -0200] "POST /juddi-gui/ajax/savebusiness.jsp HTTP/1.1" 406 312
0:0:0:0:0:0:0:1 - - [19/Oct/2016:00:04:23 -0200] "GET /juddi-gui/tmodelPartitions.jsp HTTP/1.1" 200 25145
0:0:0:0:0:0:0:1 - - [19/Oct/2016:00:04:23 -0200] "GET /juddi-gui/js/i18n.js.jsp HTTP/1.1" 200 3014
127.0.0.1 - - [19/Oct/2016:00:04:54 -0200] "POST /juddiv3/services/publish HTTP/1.1" 500 843
0:0:0:0:0:0:0:1 - - [19/Oct/2016:00:04:54 -0200] "POST /juddi-gui/ajax/tmodel.jsp HTTP/1.1" 406 263
127.0.0.1 - - [19/Oct/2016:00:05:02 -0200] "POST /juddiv3/services/security HTTP/1.1" 200 98
0:0:0:0:0:0:0:1 - - [19/Oct/2016:00:05:02 -0200] "GET /juddi-gui/logout.jsp HTTP/1.1" 200 4
0:0:0:0:0:0:0:1 - - [19/Oct/2016:00:05:02 -0200] "GET /juddi-gui/index.jsp HTTP/1.1" 302 -
0:0:0:0:0:0:0:1 - - [19/Oct/2016:00:05:02 -0200] "GET /juddi-gui/home.jsp HTTP/1.1" 200 20657
0:0:0:0:0:0:0:1 - - [19/Oct/2016:00:05:02 -0200] "GET /juddi-gui/js/i18n.js.jsp HTTP/1.1" 200 3014
127.0.0.1 - - [19/Oct/2016:00:05:08 -0200] "POST /juddiv3/services/security HTTP/1.1" 200 581
0:0:0:0:0:0:0:1 - - [19/Oct/2016:00:05:08 -0200] "POST /juddi-gui/ajax/loginpost.jsp HTTP/1.1" 200 18
0:0:0:0:0:0:0:1 - - [19/Oct/2016:00:05:08 -0200] "GET /juddi-gui/login.jsp HTTP/1.1" 200 931
0:0:0:0:0:0:0:1 - - [19/Oct/2016:00:05:18 -0200] "GET /juddi-gui/tmodelPartitions.jsp HTTP/1.1" 200 25146
0:0:0:0:0:0:0:1 - - [19/Oct/2016:00:05:18 -0200] "GET /juddi-gui/js/i18n.js.jsp HTTP/1.1" 200 3014
127.0.0.1 - - [19/Oct/2016:00:05:34 -0200] "POST /juddiv3/services/publish HTTP/1.1" 200 914
0:0:0:0:0:0:0:1 - - [19/Oct/2016:00:05:34 -0200] "POST /juddi-gui/ajax/tmodel.jsp HTTP/1.1" 200 196
0:0:0:0:0:0:0:1 - - [19/Oct/2016:00:05:39 -0200] "GET /juddi-gui/businessEditor2.jsp HTTP/1.1" 200 37953
0:0:0:0:0:0:0:1 - - [19/Oct/2016:00:05:39 -0200] "GET /juddi-gui/js/i18n.js.jsp HTTP/1.1" 200 3014
127.0.0.1 - - [19/Oct/2016:00:05:40 -0200] "POST /juddiv3/services/inquiry HTTP/1.1" 200 3567
0:0:0:0:0:0:0:1 - - [19/Oct/2016:00:05:40 -0200] "GET /juddi-gui/ajax/tmodelsearch.jsp?keyword=%25&offset=0&maxrecords=10&lang=&chooser=undefined&_=1476842739498 HTTP/1.1" 200 2666
127.0.0.1 - - [19/Oct/2016:00:06:12 -0200] "POST /juddiv3/services/publish HTTP/1.1" 200 713
0:0:0:0:0:0:0:1 - - [19/Oct/2016:00:06:12 -0200] "POST /juddi-gui/ajax/savebusiness.jsp HTTP/1.1" 200 168
0:0:0:0:0:0:0:1 - - [19/Oct/2016:00:06:29 -0200] "GET /juddi-gui/businessBrowse.jsp HTTP/1.1" 200 21580
0:0:0:0:0:0:0:1 - - [19/Oct/2016:00:06:29 -0200] "GET /juddi-gui/js/i18n.js.jsp HTTP/1.1" 200 3014
127.0.0.1 - - [19/Oct/2016:00:06:29 -0200] "POST /juddiv3/services/inquiry HTTP/1.1" 200 3707
0:0:0:0:0:0:0:1 - - [19/Oct/2016:00:06:29 -0200] "GET /juddi-gui/ajax/businesssearch.jsp?keyword=%25&offset=0&maxrecords=20&lang=&_=1476842789300 HTTP/1.1" 200 1483
127.0.0.1 - - [19/Oct/2016:00:06:32 -0200] "POST /juddiv3/services/inquiry HTTP/1.1" 200 713
0:0:0:0:0:0:0:1 - - [19/Oct/2016:00:06:32 -0200] "GET /juddi-gui/businessEditor2.jsp?id=uddi:das.ufsc.br:93da8fe8-e854-49f7-b365-78d13b30aae2 HTTP/1.1" 200 42676
0:0:0:0:0:0:0:1 - - [19/Oct/2016:00:06:32 -0200] "GET /juddi-gui/js/i18n.js.jsp HTTP/1.1" 200 3014
127.0.0.1 - - [19/Oct/2016:00:06:32 -0200] "POST /juddiv3/services/inquiry HTTP/1.1" 200 933
127.0.0.1 - - [19/Oct/2016:00:06:32 -0200] "POST /juddiv3/services/inquiry HTTP/1.1" 200 765
0:0:0:0:0:0:0:1 - - [19/Oct/2016:00:06:32 -0200] "GET /juddi-gui/ajax/opInfo.jsp?id=uddi:das.ufsc.br:93da8fe8-e854-49f7-b365-78d13b30aae2 HTTP/1.1" 200 432
0:0:0:0:0:0:0:1 - - [19/Oct/2016:00:06:32 -0200] "POST /juddi-gui/ajax/search.jsp HTTP/1.1" 200 51
127.0.0.1 - - [19/Oct/2016:00:06:33 -0200] "POST /juddiv3/services/inquiry HTTP/1.1" 200 3567
0:0:0:0:0:0:0:1 - - [19/Oct/2016:00:06:33 -0200] "GET /juddi-gui/ajax/tmodelsearch.jsp?keyword=%25&offset=0&maxrecords=10&lang=&chooser=undefined&_=1476842792719 HTTP/1.1" 200 2666
127.0.0.1 - - [19/Oct/2016:00:06:53 -0200] "POST /juddiv3/services/publish HTTP/1.1" 200 98
0:0:0:0:0:0:0:1 - - [19/Oct/2016:00:06:53 -0200] "POST /juddi-gui/ajax/deletebusiness.jsp?id=%20%20%20%20%20%20%20%20%20%20%20%20%20%20%20uddi:das.ufsc.br:93da8fe8-e854-49f7-b365-78d13b30aae2 HTTP/1.1" 200 42
127.0.0.1 - - [19/Oct/2016:00:06:57 -0200] "POST /juddiv3/services/publish HTTP/1.1" 200 678
0:0:0:0:0:0:0:1 - - [19/Oct/2016:00:06:57 -0200] "GET /juddi-gui/reginfo.jsp HTTP/1.1" 200 20842
0:0:0:0:0:0:0:1 - - [19/Oct/2016:00:06:57 -0200] "GET /juddi-gui/js/i18n.js.jsp HTTP/1.1" 200 3014
0:0:0:0:0:0:0:1 - - [19/Oct/2016:00:07:06 -0200] "GET /juddi-gui/businessBrowse.jsp HTTP/1.1" 200 21580
0:0:0:0:0:0:0:1 - - [19/Oct/2016:00:07:06 -0200] "GET /juddi-gui/js/i18n.js.jsp HTTP/1.1" 200 3014
127.0.0.1 - - [19/Oct/2016:00:07:06 -0200] "POST /juddiv3/services/inquiry HTTP/1.1" 200 3514
0:0:0:0:0:0:0:1 - - [19/Oct/2016:00:07:06 -0200] "GET /juddi-gui/ajax/businesssearch.jsp?keyword=%25&offset=0&maxrecords=20&lang=&_=1476842826216 HTTP/1.1" 200 811
127.0.0.1 - - [19/Oct/2016:00:07:09 -0200] "POST /juddiv3/services/inquiry HTTP/1.1" 200 33005
0:0:0:0:0:0:0:1 - - [19/Oct/2016:00:07:09 -0200] "GET /juddi-gui/businessEditor2.jsp?id=uddi:juddi.apache.org:node1 HTTP/1.1" 200 48825
0:0:0:0:0:0:0:1 - - [19/Oct/2016:00:07:09 -0200] "GET /juddi-gui/js/i18n.js.jsp HTTP/1.1" 200 3014
127.0.0.1 - - [19/Oct/2016:00:07:09 -0200] "POST /juddiv3/services/inquiry HTTP/1.1" 200 906
0:0:0:0:0:0:0:1 - - [19/Oct/2016:00:07:09 -0200] "GET /juddi-gui/ajax/opInfo.jsp?id=uddi:juddi.apache.org:node1 HTTP/1.1" 200 405
127.0.0.1 - - [19/Oct/2016:00:07:09 -0200] "POST /juddiv3/services/inquiry HTTP/1.1" 200 739
0:0:0:0:0:0:0:1 - - [19/Oct/2016:00:07:09 -0200] "POST /juddi-gui/ajax/search.jsp HTTP/1.1" 200 51
127.0.0.1 - - [19/Oct/2016:00:07:09 -0200] "POST /juddiv3/services/inquiry HTTP/1.1" 200 3567
0:0:0:0:0:0:0:1 - - [19/Oct/2016:00:07:09 -0200] "GET /juddi-gui/ajax/tmodelsearch.jsp?keyword=%25&offset=0&maxrecords=10&lang=&chooser=undefined&_=1476842829616 HTTP/1.1" 200 2666
0:0:0:0:0:0:0:1 - - [19/Oct/2016:00:07:15 -0200] "GET /juddi-gui/businessEditor2.jsp HTTP/1.1" 200 37953
0:0:0:0:0:0:0:1 - - [19/Oct/2016:00:07:15 -0200] "GET /juddi-gui/js/i18n.js.jsp HTTP/1.1" 200 3014
127.0.0.1 - - [19/Oct/2016:00:07:15 -0200] "POST /juddiv3/services/inquiry HTTP/1.1" 200 3567
0:0:0:0:0:0:0:1 - - [19/Oct/2016:00:07:15 -0200] "GET /juddi-gui/ajax/tmodelsearch.jsp?keyword=%25&offset=0&maxrecords=10&lang=&chooser=undefined&_=1476842835698 HTTP/1.1" 200 2666
0:0:0:0:0:0:0:1 - - [19/Oct/2016:00:07:21 -0200] "GET /juddi-gui/tmodelBrowse.jsp HTTP/1.1" 200 21082
0:0:0:0:0:0:0:1 - - [19/Oct/2016:00:07:21 -0200] "GET /juddi-gui/js/i18n.js.jsp HTTP/1.1" 200 3014
127.0.0.1 - - [19/Oct/2016:00:07:21 -0200] "POST /juddiv3/services/inquiry HTTP/1.1" 200 3567
127.0.0.1 - - [19/Oct/2016:00:07:21 -0200] "POST /juddiv3/services/inquiry HTTP/1.1" 200 3567
0:0:0:0:0:0:0:1 - - [19/Oct/2016:00:07:21 -0200] "GET /juddi-gui/ajax/tmodelsearch.jsp?keyword=%25&offset=0&maxrecords=10&lang=&chooser=undefined&_=1476842841242 HTTP/1.1" 200 2666
0:0:0:0:0:0:0:1 - - [19/Oct/2016:00:07:21 -0200] "GET /juddi-gui/ajax/tmodelsearch.jsp?keyword=%25&offset=0&maxrecords=10&lang=&chooser=false&_=1476842841243 HTTP/1.1" 200 2666
0:0:0:0:0:0:0:1 - - [19/Oct/2016:00:07:31 -0200] "GET /juddi-gui/businessEditor2.jsp HTTP/1.1" 200 37953
0:0:0:0:0:0:0:1 - - [19/Oct/2016:00:07:32 -0200] "GET /juddi-gui/js/i18n.js.jsp HTTP/1.1" 200 3014
127.0.0.1 - - [19/Oct/2016:00:07:32 -0200] "POST /juddiv3/services/inquiry HTTP/1.1" 200 3567
0:0:0:0:0:0:0:1 - - [19/Oct/2016:00:07:32 -0200] "GET /juddi-gui/ajax/tmodelsearch.jsp?keyword=%25&offset=0&maxrecords=10&lang=&chooser=undefined&_=1476842852086 HTTP/1.1" 200 2666
127.0.0.1 - - [19/Oct/2016:00:08:30 -0200] "POST /juddiv3/services/inquiry HTTP/1.1" 500 802
127.0.0.1 - - [19/Oct/2016:00:08:30 -0200] "POST /juddiv3/services/publish HTTP/1.1" 200 635
0:0:0:0:0:0:0:1 - - [19/Oct/2016:00:08:30 -0200] "POST /juddi-gui/ajax/savebusiness.jsp HTTP/1.1" 200 116
127.0.0.1 - - [19/Oct/2016:00:08:34 -0200] "POST /juddiv3/services/inquiry HTTP/1.1" 200 635
0:0:0:0:0:0:0:1 - - [19/Oct/2016:00:08:34 -0200] "GET /juddi-gui/businessEditor2.jsp?id=uddi%3Adas.ufsc.br%3Arepository HTTP/1.1" 200 42340
0:0:0:0:0:0:0:1 - - [19/Oct/2016:00:08:34 -0200] "GET /juddi-gui/js/i18n.js.jsp HTTP/1.1" 200 3014
127.0.0.1 - - [19/Oct/2016:00:08:34 -0200] "POST /juddiv3/services/inquiry HTTP/1.1" 200 907
127.0.0.1 - - [19/Oct/2016:00:08:34 -0200] "POST /juddiv3/services/inquiry HTTP/1.1" 200 739
0:0:0:0:0:0:0:1 - - [19/Oct/2016:00:08:34 -0200] "GET /juddi-gui/ajax/opInfo.jsp?id=uddi:das.ufsc.br:repository HTTP/1.1" 200 406
0:0:0:0:0:0:0:1 - - [19/Oct/2016:00:08:34 -0200] "POST /juddi-gui/ajax/search.jsp HTTP/1.1" 200 51
127.0.0.1 - - [19/Oct/2016:00:08:34 -0200] "POST /juddiv3/services/inquiry HTTP/1.1" 200 3567
0:0:0:0:0:0:0:1 - - [19/Oct/2016:00:08:34 -0200] "GET /juddi-gui/ajax/tmodelsearch.jsp?keyword=%25&offset=0&maxrecords=10&lang=&chooser=undefined&_=1476842914206 HTTP/1.1" 200 2666
0:0:0:0:0:0:0:1 - - [19/Oct/2016:00:08:36 -0200] "GET /juddi-gui/businessBrowse.jsp HTTP/1.1" 200 21580
0:0:0:0:0:0:0:1 - - [19/Oct/2016:00:08:37 -0200] "GET /juddi-gui/js/i18n.js.jsp HTTP/1.1" 200 3014
127.0.0.1 - - [19/Oct/2016:00:08:37 -0200] "POST /juddiv3/services/inquiry HTTP/1.1" 200 3629
0:0:0:0:0:0:0:1 - - [19/Oct/2016:00:08:37 -0200] "GET /juddi-gui/ajax/businesssearch.jsp?keyword=%25&offset=0&maxrecords=20&lang=&_=1476842917039 HTTP/1.1" 200 1298
127.0.0.1 - - [19/Oct/2016:00:08:38 -0200] "POST /juddiv3/services/inquiry HTTP/1.1" 200 635
0:0:0:0:0:0:0:1 - - [19/Oct/2016:00:08:38 -0200] "GET /juddi-gui/businessEditor2.jsp?id=uddi:das.ufsc.br:repository HTTP/1.1" 200 42340
0:0:0:0:0:0:0:1 - - [19/Oct/2016:00:08:38 -0200] "GET /juddi-gui/js/i18n.js.jsp HTTP/1.1" 200 3014
127.0.0.1 - - [19/Oct/2016:00:08:38 -0200] "POST /juddiv3/services/inquiry HTTP/1.1" 200 907
127.0.0.1 - - [19/Oct/2016:00:08:38 -0200] "POST /juddiv3/services/inquiry HTTP/1.1" 200 739
0:0:0:0:0:0:0:1 - - [19/Oct/2016:00:08:38 -0200] "POST /juddi-gui/ajax/search.jsp HTTP/1.1" 200 51
0:0:0:0:0:0:0:1 - - [19/Oct/2016:00:08:38 -0200] "GET /juddi-gui/ajax/opInfo.jsp?id=uddi:das.ufsc.br:repository HTTP/1.1" 200 406
127.0.0.1 - - [19/Oct/2016:00:08:38 -0200] "POST /juddiv3/services/inquiry HTTP/1.1" 200 3567
0:0:0:0:0:0:0:1 - - [19/Oct/2016:00:08:38 -0200] "GET /juddi-gui/ajax/tmodelsearch.jsp?keyword=%25&offset=0&maxrecords=10&lang=&chooser=undefined&_=1476842918574 HTTP/1.1" 200 2666
127.0.0.1 - - [19/Oct/2016:00:08:57 -0200] "POST /juddiv3/services/inquiry HTTP/1.1" 200 635
0:0:0:0:0:0:0:1 - - [19/Oct/2016:00:08:57 -0200] "GET /juddi-gui/serviceEditor.jsp?bizid=uddi%3Adas.ufsc.br%3Arepository HTTP/1.1" 200 37555
0:0:0:0:0:0:0:1 - - [19/Oct/2016:00:08:57 -0200] "GET /juddi-gui/js/i18n.js.jsp HTTP/1.1" 200 3014
127.0.0.1 - - [19/Oct/2016:00:08:57 -0200] "POST /juddiv3/services/inquiry HTTP/1.1" 200 3567
0:0:0:0:0:0:0:1 - - [19/Oct/2016:00:08:57 -0200] "GET /juddi-gui/ajax/tmodelsearch.jsp?keyword=%25&offset=0&maxrecords=10&lang=&chooser=undefined&_=1476842937788 HTTP/1.1" 200 2666
127.0.0.1 - - [19/Oct/2016:00:09:48 -0200] "POST /juddiv3/services/inquiry HTTP/1.1" 200 3567
0:0:0:0:0:0:0:1 - - [19/Oct/2016:00:09:48 -0200] "GET /juddi-gui/ajax/tmodelsearch.jsp?keyword=%25&offset=0&maxrecords=10&lang=&chooser=true&_=1476842937789 HTTP/1.1" 200 2915
127.0.0.1 - - [19/Oct/2016:00:10:18 -0200] "POST /juddiv3/services/inquiry HTTP/1.1" 500 814
127.0.0.1 - - [19/Oct/2016:00:10:18 -0200] "POST /juddiv3/services/publish HTTP/1.1" 500 1017
0:0:0:0:0:0:0:1 - - [19/Oct/2016:00:10:18 -0200] "POST /juddi-gui/ajax/saveservicedetails.jsp HTTP/1.1" 406 323
127.0.0.1 - - [19/Oct/2016:00:10:36 -0200] "POST /juddiv3/services/inquiry HTTP/1.1" 500 814
127.0.0.1 - - [19/Oct/2016:00:10:36 -0200] "POST /juddiv3/services/publish HTTP/1.1" 500 1017
0:0:0:0:0:0:0:1 - - [19/Oct/2016:00:10:36 -0200] "POST /juddi-gui/ajax/saveservicedetails.jsp HTTP/1.1" 406 323
127.0.0.1 - - [19/Oct/2016:00:10:52 -0200] "POST /juddiv3/services/inquiry HTTP/1.1" 500 803
127.0.0.1 - - [19/Oct/2016:00:10:52 -0200] "POST /juddiv3/services/publish HTTP/1.1" 500 780
0:0:0:0:0:0:0:1 - - [19/Oct/2016:00:10:52 -0200] "POST /juddi-gui/ajax/saveservicedetails.jsp HTTP/1.1" 406 115
127.0.0.1 - - [19/Oct/2016:00:10:58 -0200] "POST /juddiv3/services/inquiry HTTP/1.1" 500 803
127.0.0.1 - - [19/Oct/2016:00:10:58 -0200] "POST /juddiv3/services/publish HTTP/1.1" 500 780
0:0:0:0:0:0:0:1 - - [19/Oct/2016:00:10:58 -0200] "POST /juddi-gui/ajax/saveservicedetails.jsp HTTP/1.1" 406 115
127.0.0.1 - - [19/Oct/2016:00:11:29 -0200] "POST /juddiv3/services/inquiry HTTP/1.1" 500 803
127.0.0.1 - - [19/Oct/2016:00:11:29 -0200] "POST /juddiv3/services/publish HTTP/1.1" 200 686
0:0:0:0:0:0:0:1 - - [19/Oct/2016:00:11:29 -0200] "POST /juddi-gui/ajax/saveservicedetails.jsp HTTP/1.1" 200 114
127.0.0.1 - - [19/Oct/2016:00:11:42 -0200] "POST /juddiv3/services/inquiry HTTP/1.1" 200 686
127.0.0.1 - - [19/Oct/2016:00:11:42 -0200] "POST /juddiv3/services/publish HTTP/1.1" 200 686
0:0:0:0:0:0:0:1 - - [19/Oct/2016:00:11:42 -0200] "POST /juddi-gui/ajax/saveservicedetails.jsp HTTP/1.1" 200 114
0:0:0:0:0:0:0:1 - - [19/Oct/2016:00:11:52 -0200] "GET /juddi-gui/serviceBrowse.jsp HTTP/1.1" 200 21132
0:0:0:0:0:0:0:1 - - [19/Oct/2016:00:11:52 -0200] "GET /juddi-gui/js/i18n.js.jsp HTTP/1.1" 200 3014
127.0.0.1 - - [19/Oct/2016:00:11:52 -0200] "POST /juddiv3/services/inquiry HTTP/1.1" 200 3396
0:0:0:0:0:0:0:1 - - [19/Oct/2016:00:11:52 -0200] "GET /juddi-gui/ajax/servicesearch.jsp?keyword=%25&offset=%5Bobject%20HTMLSpanElement%5D&maxrecords=20&lang=&_=1476843112203 HTTP/1.1" 200 5829
0:0:0:0:0:0:0:1 - - [19/Oct/2016:00:11:56 -0200] "GET /juddi-gui/businessBrowse.jsp HTTP/1.1" 200 21580
0:0:0:0:0:0:0:1 - - [19/Oct/2016:00:11:56 -0200] "GET /juddi-gui/js/i18n.js.jsp HTTP/1.1" 200 3014
127.0.0.1 - - [19/Oct/2016:00:11:56 -0200] "POST /juddiv3/services/inquiry HTTP/1.1" 200 3830
0:0:0:0:0:0:0:1 - - [19/Oct/2016:00:11:56 -0200] "GET /juddi-gui/ajax/businesssearch.jsp?keyword=%25&offset=0&maxrecords=20&lang=&_=1476843116078 HTTP/1.1" 200 1303
127.0.0.1 - - [19/Oct/2016:00:11:57 -0200] "POST /juddiv3/services/inquiry HTTP/1.1" 200 852
0:0:0:0:0:0:0:1 - - [19/Oct/2016:00:11:57 -0200] "GET /juddi-gui/ajax/servicelist.jsp?id=uddi:das.ufsc.br:repository&_=1476843116079 HTTP/1.1" 200 129
127.0.0.1 - - [19/Oct/2016:00:11:59 -0200] "POST /juddiv3/services/inquiry HTTP/1.1" 200 686
0:0:0:0:0:0:0:1 - - [19/Oct/2016:00:11:59 -0200] "GET /juddi-gui/serviceEditor.jsp?id=uddi:das.ufsc.br:cepservice HTTP/1.1" 200 40749
0:0:0:0:0:0:0:1 - - [19/Oct/2016:00:11:59 -0200] "GET /juddi-gui/js/i18n.js.jsp HTTP/1.1" 200 3014
127.0.0.1 - - [19/Oct/2016:00:11:59 -0200] "POST /juddiv3/services/inquiry HTTP/1.1" 200 907
0:0:0:0:0:0:0:1 - - [19/Oct/2016:00:11:59 -0200] "GET /juddi-gui/ajax/opInfo.jsp?id=uddi:das.ufsc.br:cepservice HTTP/1.1" 200 406
127.0.0.1 - - [19/Oct/2016:00:11:59 -0200] "POST /juddiv3/services/inquiry HTTP/1.1" 200 3567
0:0:0:0:0:0:0:1 - - [19/Oct/2016:00:11:59 -0200] "GET /juddi-gui/ajax/tmodelsearch.jsp?keyword=%25&offset=0&maxrecords=10&lang=&chooser=undefined&_=1476843119832 HTTP/1.1" 200 2666
127.0.0.1 - - [19/Oct/2016:00:12:04 -0200] "POST /juddiv3/services/inquiry HTTP/1.1" 200 686
0:0:0:0:0:0:0:1 - - [19/Oct/2016:00:12:04 -0200] "GET /juddi-gui/bindingEditor.jsp?svcid=uddi%3Adas.ufsc.br%3Acepservice HTTP/1.1" 200 47462
0:0:0:0:0:0:0:1 - - [19/Oct/2016:00:12:04 -0200] "GET /juddi-gui/js/i18n.js.jsp HTTP/1.1" 200 3014
0:0:0:0:0:0:0:1 - - [19/Oct/2016:00:12:04 -0200] "GET /juddi-gui/js/bindingeditor.js HTTP/1.1" 200 3385
127.0.0.1 - - [19/Oct/2016:00:12:04 -0200] "POST /juddiv3/services/inquiry HTTP/1.1" 200 3567
0:0:0:0:0:0:0:1 - - [19/Oct/2016:00:12:04 -0200] "GET /juddi-gui/ajax/tmodelsearch.jsp?keyword=%25&offset=0&maxrecords=10&lang=&chooser=undefined&_=1476843124895 HTTP/1.1" 200 2666
0:0:0:0:0:0:0:1 - - [19/Oct/2016:00:12:16 -0200] "GET /juddi-gui/importFromWsdl.jsp HTTP/1.1" 200 39961
0:0:0:0:0:0:0:1 - - [19/Oct/2016:00:12:16 -0200] "GET /juddi-gui/js/i18n.js.jsp HTTP/1.1" 200 3014
0:0:0:0:0:0:0:1 - - [19/Oct/2016:00:12:16 -0200] "GET /juddi-gui/js/businessChooser.js HTTP/1.1" 200 6252
127.0.0.1 - - [19/Oct/2016:00:12:16 -0200] "POST /juddiv3/services/inquiry HTTP/1.1" 200 3265
0:0:0:0:0:0:0:1 - - [19/Oct/2016:00:12:16 -0200] "GET /juddi-gui/ajax/businesssearch.jsp?keyword=%25&offset=0&maxrecords=10&lang=&chooser=true&_=1476843136088 HTTP/1.1" 200 1212
0:0:0:0:0:0:0:1 - - [19/Oct/2016:00:12:47 -0200] "GET /juddi-gui/businessBrowse.jsp HTTP/1.1" 200 21580
0:0:0:0:0:0:0:1 - - [19/Oct/2016:00:12:47 -0200] "GET /juddi-gui/js/i18n.js.jsp HTTP/1.1" 200 3014
127.0.0.1 - - [19/Oct/2016:00:12:47 -0200] "POST /juddiv3/services/inquiry HTTP/1.1" 200 3830
0:0:0:0:0:0:0:1 - - [19/Oct/2016:00:12:47 -0200] "GET /juddi-gui/ajax/businesssearch.jsp?keyword=%25&offset=0&maxrecords=20&lang=&_=1476843167393 HTTP/1.1" 200 1303
127.0.0.1 - - [19/Oct/2016:00:12:49 -0200] "POST /juddiv3/services/inquiry HTTP/1.1" 200 852
0:0:0:0:0:0:0:1 - - [19/Oct/2016:00:12:49 -0200] "GET /juddi-gui/ajax/servicelist.jsp?id=uddi:das.ufsc.br:repository&_=1476843167394 HTTP/1.1" 200 129
127.0.0.1 - - [19/Oct/2016:00:12:51 -0200] "POST /juddiv3/services/inquiry HTTP/1.1" 200 686
0:0:0:0:0:0:0:1 - - [19/Oct/2016:00:12:51 -0200] "GET /juddi-gui/serviceEditor.jsp?id=uddi:das.ufsc.br:cepservice HTTP/1.1" 200 40749
0:0:0:0:0:0:0:1 - - [19/Oct/2016:00:12:51 -0200] "GET /juddi-gui/js/i18n.js.jsp HTTP/1.1" 200 3014
127.0.0.1 - - [19/Oct/2016:00:12:51 -0200] "POST /juddiv3/services/inquiry HTTP/1.1" 200 907
0:0:0:0:0:0:0:1 - - [19/Oct/2016:00:12:51 -0200] "GET /juddi-gui/ajax/opInfo.jsp?id=uddi:das.ufsc.br:cepservice HTTP/1.1" 200 406
127.0.0.1 - - [19/Oct/2016:00:12:51 -0200] "POST /juddiv3/services/inquiry HTTP/1.1" 200 3567
0:0:0:0:0:0:0:1 - - [19/Oct/2016:00:12:51 -0200] "GET /juddi-gui/ajax/tmodelsearch.jsp?keyword=%25&offset=0&maxrecords=10&lang=&chooser=undefined&_=1476843171095 HTTP/1.1" 200 2666
127.0.0.1 - - [19/Oct/2016:00:12:54 -0200] "POST /juddiv3/services/publish HTTP/1.1" 200 98
0:0:0:0:0:0:0:1 - - [19/Oct/2016:00:12:54 -0200] "POST /juddi-gui/ajax/deleteservice.jsp?id=%20%20%20%20%20%20%20%20%20%20%20%20%20%20%20%20%20%20%20%20%20%20%20%20%20%20%20%20%20%20%20%20%20%20%20%20%20%20%20%20uddi:das.ufsc.br:cepservice HTTP/1.1" 200 41
127.0.0.1 - - [19/Oct/2016:00:13:00 -0200] "POST /juddiv3/services/publish HTTP/1.1" 200 832
0:0:0:0:0:0:0:1 - - [19/Oct/2016:00:13:00 -0200] "GET /juddi-gui/reginfo.jsp HTTP/1.1" 200 22252
0:0:0:0:0:0:0:1 - - [19/Oct/2016:00:13:00 -0200] "GET /juddi-gui/js/i18n.js.jsp HTTP/1.1" 200 3014
0:0:0:0:0:0:0:1 - - [19/Oct/2016:00:13:12 -0200] "GET /juddi-gui/importFromWsdl.jsp HTTP/1.1" 200 39961
0:0:0:0:0:0:0:1 - - [19/Oct/2016:00:13:12 -0200] "GET /juddi-gui/js/i18n.js.jsp HTTP/1.1" 200 3014
127.0.0.1 - - [19/Oct/2016:00:13:12 -0200] "POST /juddiv3/services/inquiry HTTP/1.1" 200 3064
0:0:0:0:0:0:0:1 - - [19/Oct/2016:00:13:12 -0200] "GET /juddi-gui/ajax/businesssearch.jsp?keyword=%25&offset=0&maxrecords=10&lang=&chooser=true&_=1476843192077 HTTP/1.1" 200 1207
0:0:0:0:0:0:0:1 - - [19/Oct/2016:00:14:04 -0200] "GET /juddi-gui/ajax/businesssearch.jsp?keyword=%25&offset=0&maxrecords=10&lang=&chooser=true&_=1476843192078 HTTP/1.1" 200 1207
127.0.0.1 - - [19/Oct/2016:00:14:04 -0200] "POST /juddiv3/services/inquiry HTTP/1.1" 200 3064
127.0.0.1 - - [19/Oct/2016:00:14:05 -0200] "POST /juddiv3/services/inquiry HTTP/1.1" 200 635
0:0:0:0:0:0:0:1 - - [19/Oct/2016:00:14:05 -0200] "GET /juddi-gui/businessEditor2.jsp?id=uddi:das.ufsc.br:repository HTTP/1.1" 200 42340
0:0:0:0:0:0:0:1 - - [19/Oct/2016:00:14:05 -0200] "GET /juddi-gui/js/i18n.js.jsp HTTP/1.1" 200 3014
127.0.0.1 - - [19/Oct/2016:00:14:06 -0200] "POST /juddiv3/services/inquiry HTTP/1.1" 200 907
0:0:0:0:0:0:0:1 - - [19/Oct/2016:00:14:06 -0200] "GET /juddi-gui/ajax/opInfo.jsp?id=uddi:das.ufsc.br:repository HTTP/1.1" 200 406
127.0.0.1 - - [19/Oct/2016:00:14:06 -0200] "POST /juddiv3/services/inquiry HTTP/1.1" 200 739
0:0:0:0:0:0:0:1 - - [19/Oct/2016:00:14:06 -0200] "POST /juddi-gui/ajax/search.jsp HTTP/1.1" 200 51
127.0.0.1 - - [19/Oct/2016:00:14:06 -0200] "POST /juddiv3/services/inquiry HTTP/1.1" 200 3567
0:0:0:0:0:0:0:1 - - [19/Oct/2016:00:14:06 -0200] "GET /juddi-gui/ajax/tmodelsearch.jsp?keyword=%25&offset=0&maxrecords=10&lang=&chooser=undefined&_=1476843245983 HTTP/1.1" 200 2666
0:0:0:0:0:0:0:1 - - [19/Oct/2016:00:14:10 -0200] "GET /juddi-gui/importFromWsdl.jsp HTTP/1.1" 200 39961
0:0:0:0:0:0:0:1 - - [19/Oct/2016:00:14:10 -0200] "GET /juddi-gui/js/i18n.js.jsp HTTP/1.1" 200 3014
127.0.0.1 - - [19/Oct/2016:00:14:10 -0200] "POST /juddiv3/services/inquiry HTTP/1.1" 200 3064
0:0:0:0:0:0:0:1 - - [19/Oct/2016:00:14:10 -0200] "GET /juddi-gui/ajax/businesssearch.jsp?keyword=%25&offset=0&maxrecords=10&lang=&chooser=true&_=1476843250283 HTTP/1.1" 200 1207
127.0.0.1 - - [19/Oct/2016:00:14:31 -0200] "POST /juddiv3/services/inquiry HTTP/1.1" 200 3064
0:0:0:0:0:0:0:1 - - [19/Oct/2016:00:14:31 -0200] "GET /juddi-gui/ajax/businesssearch.jsp?keyword=%25&offset=0&maxrecords=10&lang=&chooser=true&_=1476843250284 HTTP/1.1" 200 1207
127.0.0.1 - - [19/Oct/2016:00:14:41 -0200] "POST /juddiv3/services/inquiry HTTP/1.1" 200 930
0:0:0:0:0:0:0:1 - - [19/Oct/2016:00:14:41 -0200] "POST /juddi-gui/ajax/importFromWsdl.jsp HTTP/1.1" 200 758
127.0.0.1 - - [19/Oct/2016:00:14:55 -0200] "POST /juddiv3/services/inquiry HTTP/1.1" 200 930
127.0.0.1 - - [19/Oct/2016:00:14:55 -0200] "POST /juddiv3/services/publish HTTP/1.1" 200 1656
127.0.0.1 - - [19/Oct/2016:00:14:55 -0200] "POST /juddiv3/services/publish HTTP/1.1" 200 1060
127.0.0.1 - - [19/Oct/2016:00:14:56 -0200] "POST /juddiv3/services/inquiry HTTP/1.1" 200 635
127.0.0.1 - - [19/Oct/2016:00:14:56 -0200] "POST /juddiv3/services/publish HTTP/1.1" 200 2984
0:0:0:0:0:0:0:1 - - [19/Oct/2016:00:14:56 -0200] "POST /juddi-gui/ajax/importFromWsdl.jsp HTTP/1.1" 200 1258
127.0.0.1 - - [19/Oct/2016:00:15:06 -0200] "POST /juddiv3/services/inquiry HTTP/1.1" 200 930
127.0.0.1 - - [19/Oct/2016:00:15:07 -0200] "POST /juddiv3/services/publish HTTP/1.1" 200 1656
127.0.0.1 - - [19/Oct/2016:00:15:07 -0200] "POST /juddiv3/services/publish HTTP/1.1" 200 1060
127.0.0.1 - - [19/Oct/2016:00:15:07 -0200] "POST /juddiv3/services/inquiry HTTP/1.1" 200 2984
127.0.0.1 - - [19/Oct/2016:00:15:08 -0200] "POST /juddiv3/services/publish HTTP/1.1" 500 929
0:0:0:0:0:0:0:1 - - [19/Oct/2016:00:15:08 -0200] "POST /juddi-gui/ajax/importFromWsdl.jsp HTTP/1.1" 200 1404
0:0:0:0:0:0:0:1 - - [19/Oct/2016:00:15:14 -0200] "GET /juddi-gui/businessBrowse.jsp HTTP/1.1" 200 21580
0:0:0:0:0:0:0:1 - - [19/Oct/2016:00:15:15 -0200] "GET /juddi-gui/js/i18n.js.jsp HTTP/1.1" 200 3014
127.0.0.1 - - [19/Oct/2016:00:15:15 -0200] "POST /juddiv3/services/inquiry HTTP/1.1" 200 3859
0:0:0:0:0:0:0:1 - - [19/Oct/2016:00:15:15 -0200] "GET /juddi-gui/ajax/businesssearch.jsp?keyword=%25&offset=0&maxrecords=20&lang=&_=1476843315089 HTTP/1.1" 200 1303
127.0.0.1 - - [19/Oct/2016:00:15:16 -0200] "POST /juddiv3/services/inquiry HTTP/1.1" 200 2984
0:0:0:0:0:0:0:1 - - [19/Oct/2016:00:15:16 -0200] "GET /juddi-gui/ajax/servicelist.jsp?id=uddi:das.ufsc.br:repository&_=1476843315090 HTTP/1.1" 200 144
127.0.0.1 - - [19/Oct/2016:00:15:19 -0200] "POST /juddiv3/services/inquiry HTTP/1.1" 200 2984
0:0:0:0:0:0:0:1 - - [19/Oct/2016:00:15:19 -0200] "GET /juddi-gui/ajax/servicelist.jsp?id=uddi:das.ufsc.br:repository&_=1476843315091 HTTP/1.1" 200 144
127.0.0.1 - - [19/Oct/2016:00:15:21 -0200] "POST /juddiv3/services/inquiry HTTP/1.1" 200 2818
0:0:0:0:0:0:0:1 - - [19/Oct/2016:00:15:21 -0200] "GET /juddi-gui/serviceEditor.jsp?id=uddi:das.ufsc.br:service_cepservicesoapservice HTTP/1.1" 200 44576
0:0:0:0:0:0:0:1 - - [19/Oct/2016:00:15:21 -0200] "GET /juddi-gui/js/i18n.js.jsp HTTP/1.1" 200 3014
127.0.0.1 - - [19/Oct/2016:00:15:21 -0200] "POST /juddiv3/services/inquiry HTTP/1.1" 200 926
0:0:0:0:0:0:0:1 - - [19/Oct/2016:00:15:21 -0200] "GET /juddi-gui/ajax/opInfo.jsp?id=uddi:das.ufsc.br:service_cepservicesoapservice HTTP/1.1" 200 425
127.0.0.1 - - [19/Oct/2016:00:15:21 -0200] "POST /juddiv3/services/inquiry HTTP/1.1" 200 3155
0:0:0:0:0:0:0:1 - - [19/Oct/2016:00:15:21 -0200] "GET /juddi-gui/ajax/tmodelsearch.jsp?keyword=%25&offset=0&maxrecords=10&lang=&chooser=undefined&_=1476843321394 HTTP/1.1" 200 2474
127.0.0.1 - - [19/Oct/2016:00:16:40 -0200] "POST /juddiv3/services/inquiry HTTP/1.1" 200 3155
0:0:0:0:0:0:0:1 - - [19/Oct/2016:00:16:40 -0200] "GET /juddi-gui/ajax/tmodelsearch.jsp?keyword=%25&offset=0&maxrecords=10&lang=&chooser=true&_=1476843321395 HTTP/1.1" 200 2723
127.0.0.1 - - [19/Oct/2016:00:17:51 -0200] "POST /juddiv3/services/inquiry HTTP/1.1" 200 2818
127.0.0.1 - - [19/Oct/2016:00:17:51 -0200] "POST /juddiv3/services/publish HTTP/1.1" 500 938
0:0:0:0:0:0:0:1 - - [19/Oct/2016:00:17:51 -0200] "POST /juddi-gui/ajax/saveservicedetails.jsp HTTP/1.1" 406 273
0:0:0:0:0:0:0:1 - - [19/Oct/2016:00:18:41 -0200] "GET /juddi-gui/tmodelEditor.jsp HTTP/1.1" 200 38094
0:0:0:0:0:0:0:1 - - [19/Oct/2016:00:18:41 -0200] "GET /juddi-gui/js/i18n.js.jsp HTTP/1.1" 200 3014
0:0:0:0:0:0:0:1 - - [19/Oct/2016:00:18:41 -0200] "GET /juddi-gui/js/tmodeledit.js HTTP/1.1" 200 5034
127.0.0.1 - - [19/Oct/2016:00:18:41 -0200] "POST /juddiv3/services/inquiry HTTP/1.1" 200 3155
0:0:0:0:0:0:0:1 - - [19/Oct/2016:00:18:41 -0200] "GET /juddi-gui/ajax/tmodelsearch.jsp?keyword=%25&offset=0&maxrecords=10&lang=&chooser=undefined&_=1476843521666 HTTP/1.1" 200 2474
0:0:0:0:0:0:0:1 - - [19/Oct/2016:00:19:04 -0200] "GET /juddi-gui/tmodelEditor.jsp HTTP/1.1" 200 38094
0:0:0:0:0:0:0:1 - - [19/Oct/2016:00:19:04 -0200] "GET /juddi-gui/js/i18n.js.jsp HTTP/1.1" 200 3014
127.0.0.1 - - [19/Oct/2016:00:19:04 -0200] "POST /juddiv3/services/inquiry HTTP/1.1" 200 3155
0:0:0:0:0:0:0:1 - - [19/Oct/2016:00:19:04 -0200] "GET /juddi-gui/ajax/tmodelsearch.jsp?keyword=%25&offset=0&maxrecords=10&lang=&chooser=undefined&_=1476843544616 HTTP/1.1" 200 2474
127.0.0.1 - - [19/Oct/2016:00:19:43 -0200] "POST /juddiv3/services/publish HTTP/1.1" 200 641
0:0:0:0:0:0:0:1 - - [19/Oct/2016:00:19:43 -0200] "POST /juddi-gui/ajax/savetmodel.jsp HTTP/1.1" 200 127
0:0:0:0:0:0:0:1 - - [19/Oct/2016:00:19:59 -0200] "GET /juddi-gui/businessBrowse.jsp HTTP/1.1" 200 21580
0:0:0:0:0:0:0:1 - - [19/Oct/2016:00:19:59 -0200] "GET /juddi-gui/js/i18n.js.jsp HTTP/1.1" 200 3014
127.0.0.1 - - [19/Oct/2016:00:19:59 -0200] "POST /juddiv3/services/inquiry HTTP/1.1" 200 3859
0:0:0:0:0:0:0:1 - - [19/Oct/2016:00:19:59 -0200] "GET /juddi-gui/ajax/businesssearch.jsp?keyword=%25&offset=0&maxrecords=20&lang=&_=1476843599651 HTTP/1.1" 200 1303
127.0.0.1 - - [19/Oct/2016:00:20:01 -0200] "POST /juddiv3/services/inquiry HTTP/1.1" 200 2984
0:0:0:0:0:0:0:1 - - [19/Oct/2016:00:20:01 -0200] "GET /juddi-gui/ajax/servicelist.jsp?id=uddi:das.ufsc.br:repository&_=1476843599652 HTTP/1.1" 200 144
127.0.0.1 - - [19/Oct/2016:00:20:02 -0200] "POST /juddiv3/services/inquiry HTTP/1.1" 200 2818
0:0:0:0:0:0:0:1 - - [19/Oct/2016:00:20:02 -0200] "GET /juddi-gui/serviceEditor.jsp?id=uddi:das.ufsc.br:service_cepservicesoapservice HTTP/1.1" 200 44576
0:0:0:0:0:0:0:1 - - [19/Oct/2016:00:20:02 -0200] "GET /juddi-gui/js/i18n.js.jsp HTTP/1.1" 200 3014
127.0.0.1 - - [19/Oct/2016:00:20:02 -0200] "POST /juddiv3/services/inquiry HTTP/1.1" 200 926
0:0:0:0:0:0:0:1 - - [19/Oct/2016:00:20:02 -0200] "GET /juddi-gui/ajax/opInfo.jsp?id=uddi:das.ufsc.br:service_cepservicesoapservice HTTP/1.1" 200 425
127.0.0.1 - - [19/Oct/2016:00:20:03 -0200] "POST /juddiv3/services/inquiry HTTP/1.1" 200 3017
0:0:0:0:0:0:0:1 - - [19/Oct/2016:00:20:03 -0200] "GET /juddi-gui/ajax/tmodelsearch.jsp?keyword=%25&offset=0&maxrecords=10&lang=&chooser=undefined&_=1476843602629 HTTP/1.1" 200 2375
127.0.0.1 - - [19/Oct/2016:00:20:16 -0200] "POST /juddiv3/services/inquiry HTTP/1.1" 200 3017
0:0:0:0:0:0:0:1 - - [19/Oct/2016:00:20:16 -0200] "GET /juddi-gui/ajax/tmodelsearch.jsp?keyword=%25&offset=0&maxrecords=10&lang=&chooser=true&_=1476843602630 HTTP/1.1" 200 2624
127.0.0.1 - - [19/Oct/2016:00:20:32 -0200] "POST /juddiv3/services/inquiry HTTP/1.1" 200 673
0:0:0:0:0:0:0:1 - - [19/Oct/2016:00:20:32 -0200] "GET /juddi-gui/ajax/tmodelsearch.jsp?keyword=%25cate&offset=0&maxrecords=10&lang=&chooser=true&_=1476843602631 HTTP/1.1" 200 233
127.0.0.1 - - [19/Oct/2016:00:20:38 -0200] "POST /juddiv3/services/inquiry HTTP/1.1" 200 673
0:0:0:0:0:0:0:1 - - [19/Oct/2016:00:20:38 -0200] "GET /juddi-gui/ajax/tmodelsearch.jsp?keyword=%25cate&offset=0&maxrecords=10&lang=&chooser=true&_=1476843602632 HTTP/1.1" 200 233
127.0.0.1 - - [19/Oct/2016:00:20:47 -0200] "POST /juddiv3/services/inquiry HTTP/1.1" 200 673
0:0:0:0:0:0:0:1 - - [19/Oct/2016:00:20:47 -0200] "GET /juddi-gui/ajax/tmodelsearch.jsp?keyword=categoria_servico&offset=0&maxrecords=10&lang=&chooser=true&_=1476843602633 HTTP/1.1" 200 233
127.0.0.1 - - [19/Oct/2016:00:20:53 -0200] "POST /juddiv3/services/inquiry HTTP/1.1" 200 3017
0:0:0:0:0:0:0:1 - - [19/Oct/2016:00:20:53 -0200] "GET /juddi-gui/ajax/tmodelsearch.jsp?keyword=&offset=0&maxrecords=10&lang=&chooser=true&_=1476843602634 HTTP/1.1" 200 2624
127.0.0.1 - - [19/Oct/2016:00:21:31 -0200] "POST /juddiv3/services/inquiry HTTP/1.1" 200 2818
127.0.0.1 - - [19/Oct/2016:00:21:31 -0200] "POST /juddiv3/services/publish HTTP/1.1" 500 773
127.0.0.1 - - [19/Oct/2016:00:21:32 -0200] "POST /juddiv3/services/security HTTP/1.1" 200 581
127.0.0.1 - - [19/Oct/2016:00:21:32 -0200] "POST /juddiv3/services/publish HTTP/1.1" 200 2937
0:0:0:0:0:0:0:1 - - [19/Oct/2016:00:21:32 -0200] "POST /juddi-gui/ajax/saveservicedetails.jsp HTTP/1.1" 200 152
0:0:0:0:0:0:0:1 - - [19/Oct/2016:00:21:38 -0200] "GET /juddi-gui/search.jsp HTTP/1.1" 200 46722
0:0:0:0:0:0:0:1 - - [19/Oct/2016:00:21:38 -0200] "GET /juddi-gui/js/i18n.js.jsp HTTP/1.1" 200 3014
127.0.0.1 - - [19/Oct/2016:00:21:38 -0200] "POST /juddiv3/services/inquiry HTTP/1.1" 200 3017
0:0:0:0:0:0:0:1 - - [19/Oct/2016:00:21:38 -0200] "GET /juddi-gui/ajax/tmodelsearch.jsp?keyword=%25&offset=0&maxrecords=10&lang=&chooser=undefined&_=1476843698472 HTTP/1.1" 200 2375
127.0.0.1 - - [19/Oct/2016:00:22:10 -0200] "POST /juddiv3/services/inquiry HTTP/1.1" 200 675
0:0:0:0:0:0:0:1 - - [19/Oct/2016:00:22:10 -0200] "POST /juddi-gui/ajax/search.jsp HTTP/1.1" 200 51
0:0:0:0:0:0:0:1 - - [19/Oct/2016:00:22:13 -0200] "GET /juddi-gui/serviceBrowse.jsp HTTP/1.1" 200 21132
0:0:0:0:0:0:0:1 - - [19/Oct/2016:00:22:13 -0200] "GET /juddi-gui/js/i18n.js.jsp HTTP/1.1" 200 3014
127.0.0.1 - - [19/Oct/2016:00:22:14 -0200] "POST /juddiv3/services/inquiry HTTP/1.1" 200 3425
0:0:0:0:0:0:0:1 - - [19/Oct/2016:00:22:14 -0200] "GET /juddi-gui/ajax/servicesearch.jsp?keyword=%25&offset=%5Bobject%20HTMLSpanElement%5D&maxrecords=20&lang=&_=1476843733891 HTTP/1.1" 200 5882
127.0.0.1 - - [19/Oct/2016:00:22:16 -0200] "POST /juddiv3/services/inquiry HTTP/1.1" 200 2937
0:0:0:0:0:0:0:1 - - [19/Oct/2016:00:22:16 -0200] "GET /juddi-gui/serviceEditor.jsp?id=uddi:das.ufsc.br:service_cepservicesoapservice HTTP/1.1" 200 45346
0:0:0:0:0:0:0:1 - - [19/Oct/2016:00:22:16 -0200] "GET /juddi-gui/js/i18n.js.jsp HTTP/1.1" 200 3014
127.0.0.1 - - [19/Oct/2016:00:22:16 -0200] "POST /juddiv3/services/inquiry HTTP/1.1" 200 926
0:0:0:0:0:0:0:1 - - [19/Oct/2016:00:22:16 -0200] "GET /juddi-gui/ajax/opInfo.jsp?id=uddi:das.ufsc.br:service_cepservicesoapservice HTTP/1.1" 200 425
127.0.0.1 - - [19/Oct/2016:00:22:16 -0200] "POST /juddiv3/services/inquiry HTTP/1.1" 200 3017
0:0:0:0:0:0:0:1 - - [19/Oct/2016:00:22:16 -0200] "GET /juddi-gui/ajax/tmodelsearch.jsp?keyword=%25&offset=0&maxrecords=10&lang=&chooser=undefined&_=1476843736513 HTTP/1.1" 200 2375
0:0:0:0:0:0:0:1 - - [19/Oct/2016:00:22:27 -0200] "GET /juddi-gui/search.jsp HTTP/1.1" 200 46722
0:0:0:0:0:0:0:1 - - [19/Oct/2016:00:22:27 -0200] "GET /juddi-gui/js/i18n.js.jsp HTTP/1.1" 200 3014
127.0.0.1 - - [19/Oct/2016:00:22:27 -0200] "POST /juddiv3/services/inquiry HTTP/1.1" 200 3017
0:0:0:0:0:0:0:1 - - [19/Oct/2016:00:22:27 -0200] "GET /juddi-gui/ajax/tmodelsearch.jsp?keyword=%25&offset=0&maxrecords=10&lang=&chooser=undefined&_=1476843747494 HTTP/1.1" 200 2375
127.0.0.1 - - [19/Oct/2016:00:22:35 -0200] "POST /juddiv3/services/inquiry HTTP/1.1" 200 677
0:0:0:0:0:0:0:1 - - [19/Oct/2016:00:22:35 -0200] "POST /juddi-gui/ajax/search.jsp HTTP/1.1" 200 51
127.0.0.1 - - [19/Oct/2016:00:22:47 -0200] "POST /juddiv3/services/inquiry HTTP/1.1" 200 905
0:0:0:0:0:0:0:1 - - [19/Oct/2016:00:22:47 -0200] "POST /juddi-gui/ajax/search.jsp HTTP/1.1" 200 180
127.0.0.1 - - [19/Oct/2016:00:22:59 -0200] "POST /juddiv3/services/inquiry HTTP/1.1" 200 2937
0:0:0:0:0:0:0:1 - - [19/Oct/2016:00:22:59 -0200] "GET /juddi-gui/serviceEditor.jsp?id=uddi:das.ufsc.br:service_cepservicesoapservice HTTP/1.1" 200 45346
0:0:0:0:0:0:0:1 - - [19/Oct/2016:00:22:59 -0200] "GET /juddi-gui/js/i18n.js.jsp HTTP/1.1" 200 3014
127.0.0.1 - - [19/Oct/2016:00:22:59 -0200] "POST /juddiv3/services/inquiry HTTP/1.1" 200 926
0:0:0:0:0:0:0:1 - - [19/Oct/2016:00:22:59 -0200] "GET /juddi-gui/ajax/opInfo.jsp?id=uddi:das.ufsc.br:service_cepservicesoapservice HTTP/1.1" 200 425
127.0.0.1 - - [19/Oct/2016:00:22:59 -0200] "POST /juddiv3/services/inquiry HTTP/1.1" 200 3017
0:0:0:0:0:0:0:1 - - [19/Oct/2016:00:22:59 -0200] "GET /juddi-gui/ajax/tmodelsearch.jsp?keyword=%25&offset=0&maxrecords=10&lang=&chooser=undefined&_=1476843779673 HTTP/1.1" 200 2375
0:0:0:0:0:0:0:1 - - [19/Oct/2016:00:23:02 -0200] "GET /juddi-gui/search.jsp HTTP/1.1" 200 46722
0:0:0:0:0:0:0:1 - - [19/Oct/2016:00:23:02 -0200] "GET /juddi-gui/js/i18n.js.jsp HTTP/1.1" 200 3014
127.0.0.1 - - [19/Oct/2016:00:23:02 -0200] "POST /juddiv3/services/inquiry HTTP/1.1" 200 3017
0:0:0:0:0:0:0:1 - - [19/Oct/2016:00:23:02 -0200] "GET /juddi-gui/ajax/tmodelsearch.jsp?keyword=%25&offset=0&maxrecords=10&lang=&chooser=undefined&_=1476843782893 HTTP/1.1" 200 2375
0:0:0:0:0:0:0:1 - - [19/Oct/2016:08:23:13 -0200] "GET /juddi-gui/tmodelEditor.jsp HTTP/1.1" 200 38292
0:0:0:0:0:0:0:1 - - [19/Oct/2016:08:23:13 -0200] "GET /juddi-gui/js/i18n.js.jsp HTTP/1.1" 200 3014
127.0.0.1 - - [19/Oct/2016:08:23:13 -0200] "POST /juddiv3/services/inquiry HTTP/1.1" 200 3017
0:0:0:0:0:0:0:1 - - [19/Oct/2016:08:23:13 -0200] "GET /juddi-gui/ajax/tmodelsearch.jsp?keyword=%25&offset=0&maxrecords=10&lang=&chooser=undefined&_=1476872593401 HTTP/1.1" 200 2375
127.0.0.1 - - [19/Oct/2016:08:23:35 -0200] "POST /juddiv3/services/inquiry HTTP/1.1" 200 675
0:0:0:0:0:0:0:1 - - [19/Oct/2016:08:23:35 -0200] "POST /juddi-gui/ajax/search.jsp HTTP/1.1" 200 51
0:0:0:0:0:0:0:1 - - [19/Oct/2016:08:24:03 -0200] "GET /juddi-gui/tmodelBrowse.jsp HTTP/1.1" 200 21280
0:0:0:0:0:0:0:1 - - [19/Oct/2016:08:24:03 -0200] "GET /juddi-gui/js/i18n.js.jsp HTTP/1.1" 200 3014
127.0.0.1 - - [19/Oct/2016:08:24:03 -0200] "POST /juddiv3/services/inquiry HTTP/1.1" 200 3017
0:0:0:0:0:0:0:1 - - [19/Oct/2016:08:24:03 -0200] "GET /juddi-gui/ajax/tmodelsearch.jsp?keyword=%25&offset=0&maxrecords=10&lang=&chooser=false&_=1476872643840 HTTP/1.1" 200 2375
127.0.0.1 - - [19/Oct/2016:08:24:03 -0200] "POST /juddiv3/services/inquiry HTTP/1.1" 200 3017
0:0:0:0:0:0:0:1 - - [19/Oct/2016:08:24:03 -0200] "GET /juddi-gui/ajax/tmodelsearch.jsp?keyword=%25&offset=0&maxrecords=10&lang=&chooser=undefined&_=1476872643839 HTTP/1.1" 200 2375
127.0.0.1 - - [19/Oct/2016:08:24:29 -0200] "POST /juddiv3/services/inquiry HTTP/1.1" 200 641
0:0:0:0:0:0:0:1 - - [19/Oct/2016:08:24:29 -0200] "GET /juddi-gui/tmodelEditor.jsp?id=uddi:das.ufsc.br:categoria_servico HTTP/1.1" 200 40735
0:0:0:0:0:0:0:1 - - [19/Oct/2016:08:24:29 -0200] "GET /juddi-gui/js/i18n.js.jsp HTTP/1.1" 200 3014
127.0.0.1 - - [19/Oct/2016:08:24:29 -0200] "POST /juddiv3/services/inquiry HTTP/1.1" 200 914
0:0:0:0:0:0:0:1 - - [19/Oct/2016:08:24:29 -0200] "GET /juddi-gui/ajax/opInfo.jsp?id=uddi:das.ufsc.br:categoria_servico HTTP/1.1" 200 413
127.0.0.1 - - [19/Oct/2016:08:24:29 -0200] "POST /juddiv3/services/inquiry HTTP/1.1" 200 3017
0:0:0:0:0:0:0:1 - - [19/Oct/2016:08:24:29 -0200] "GET /juddi-gui/ajax/tmodelsearch.jsp?keyword=%25&offset=0&maxrecords=10&lang=&chooser=undefined&_=1476872669210 HTTP/1.1" 200 2375
127.0.0.1 - - [19/Oct/2016:08:24:49 -0200] "POST /juddiv3/services/inquiry HTTP/1.1" 200 675
0:0:0:0:0:0:0:1 - - [19/Oct/2016:08:24:49 -0200] "POST /juddi-gui/ajax/search.jsp HTTP/1.1" 200 51
127.0.0.1 - - [19/Oct/2016:08:24:55 -0200] "POST /juddiv3/services/inquiry HTTP/1.1" 200 679
0:0:0:0:0:0:0:1 - - [19/Oct/2016:08:24:55 -0200] "POST /juddi-gui/ajax/search.jsp HTTP/1.1" 200 51
127.0.0.1 - - [19/Oct/2016:08:24:58 -0200] "POST /juddiv3/services/inquiry HTTP/1.1" 200 675
0:0:0:0:0:0:0:1 - - [19/Oct/2016:08:24:58 -0200] "POST /juddi-gui/ajax/search.jsp HTTP/1.1" 200 51
0:0:0:0:0:0:0:1 - - [19/Oct/2016:08:25:03 -0200] "GET /juddi-gui/serviceBrowse.jsp HTTP/1.1" 200 21330
0:0:0:0:0:0:0:1 - - [19/Oct/2016:08:25:03 -0200] "GET /juddi-gui/js/i18n.js.jsp HTTP/1.1" 200 3014
127.0.0.1 - - [19/Oct/2016:08:25:04 -0200] "POST /juddiv3/services/inquiry HTTP/1.1" 200 3425
0:0:0:0:0:0:0:1 - - [19/Oct/2016:08:25:04 -0200] "GET /juddi-gui/ajax/servicesearch.jsp?keyword=%25&offset=%5Bobject%20HTMLSpanElement%5D&maxrecords=20&lang=&_=1476872703990 HTTP/1.1" 200 5882
127.0.0.1 - - [19/Oct/2016:08:25:14 -0200] "POST /juddiv3/services/inquiry HTTP/1.1" 200 2937
0:0:0:0:0:0:0:1 - - [19/Oct/2016:08:25:14 -0200] "GET /juddi-gui/serviceEditor.jsp?id=uddi:das.ufsc.br:service_cepservicesoapservice HTTP/1.1" 200 45544
0:0:0:0:0:0:0:1 - - [19/Oct/2016:08:25:14 -0200] "GET /juddi-gui/js/i18n.js.jsp HTTP/1.1" 200 3014
127.0.0.1 - - [19/Oct/2016:08:25:14 -0200] "POST /juddiv3/services/inquiry HTTP/1.1" 200 926
0:0:0:0:0:0:0:1 - - [19/Oct/2016:08:25:14 -0200] "GET /juddi-gui/ajax/opInfo.jsp?id=uddi:das.ufsc.br:service_cepservicesoapservice HTTP/1.1" 200 425
127.0.0.1 - - [19/Oct/2016:08:25:14 -0200] "POST /juddiv3/services/inquiry HTTP/1.1" 200 3017
0:0:0:0:0:0:0:1 - - [19/Oct/2016:08:25:14 -0200] "GET /juddi-gui/ajax/tmodelsearch.jsp?keyword=%25&offset=0&maxrecords=10&lang=&chooser=undefined&_=1476872714113 HTTP/1.1" 200 2375
0:0:0:0:0:0:0:1 - - [19/Oct/2016:08:25:52 -0200] "GET /juddi-gui/tmodelBrowse.jsp HTTP/1.1" 200 21280
0:0:0:0:0:0:0:1 - - [19/Oct/2016:08:25:52 -0200] "GET /juddi-gui/js/i18n.js.jsp HTTP/1.1" 200 3014
127.0.0.1 - - [19/Oct/2016:08:25:52 -0200] "POST /juddiv3/services/inquiry HTTP/1.1" 200 3017
127.0.0.1 - - [19/Oct/2016:08:25:52 -0200] "POST /juddiv3/services/inquiry HTTP/1.1" 200 3017
0:0:0:0:0:0:0:1 - - [19/Oct/2016:08:25:52 -0200] "GET /juddi-gui/ajax/tmodelsearch.jsp?keyword=%25&offset=0&maxrecords=10&lang=&chooser=false&_=1476872752472 HTTP/1.1" 200 2375
0:0:0:0:0:0:0:1 - - [19/Oct/2016:08:25:52 -0200] "GET /juddi-gui/ajax/tmodelsearch.jsp?keyword=%25&offset=0&maxrecords=10&lang=&chooser=undefined&_=1476872752471 HTTP/1.1" 200 2375
127.0.0.1 - - [19/Oct/2016:08:25:57 -0200] "POST /juddiv3/services/inquiry HTTP/1.1" 200 641
0:0:0:0:0:0:0:1 - - [19/Oct/2016:08:25:57 -0200] "GET /juddi-gui/tmodelEditor.jsp?id=uddi:das.ufsc.br:categoria_servico HTTP/1.1" 200 40735
0:0:0:0:0:0:0:1 - - [19/Oct/2016:08:25:57 -0200] "GET /juddi-gui/js/i18n.js.jsp HTTP/1.1" 200 3014
127.0.0.1 - - [19/Oct/2016:08:25:57 -0200] "POST /juddiv3/services/inquiry HTTP/1.1" 200 914
0:0:0:0:0:0:0:1 - - [19/Oct/2016:08:25:57 -0200] "GET /juddi-gui/ajax/opInfo.jsp?id=uddi:das.ufsc.br:categoria_servico HTTP/1.1" 200 413
127.0.0.1 - - [19/Oct/2016:08:25:57 -0200] "POST /juddiv3/services/inquiry HTTP/1.1" 200 3017
0:0:0:0:0:0:0:1 - - [19/Oct/2016:08:25:57 -0200] "GET /juddi-gui/ajax/tmodelsearch.jsp?keyword=%25&offset=0&maxrecords=10&lang=&chooser=undefined&_=1476872757125 HTTP/1.1" 200 2375
127.0.0.1 - - [19/Oct/2016:08:26:10 -0200] "POST /juddiv3/services/inquiry HTTP/1.1" 200 675
0:0:0:0:0:0:0:1 - - [19/Oct/2016:08:26:10 -0200] "POST /juddi-gui/ajax/search.jsp HTTP/1.1" 200 51
127.0.0.1 - - [19/Oct/2016:08:26:13 -0200] "POST /juddiv3/services/inquiry HTTP/1.1" 200 679
0:0:0:0:0:0:0:1 - - [19/Oct/2016:08:26:13 -0200] "POST /juddi-gui/ajax/search.jsp HTTP/1.1" 200 51
127.0.0.1 - - [19/Oct/2016:08:26:15 -0200] "POST /juddiv3/services/inquiry HTTP/1.1" 200 677
0:0:0:0:0:0:0:1 - - [19/Oct/2016:08:26:15 -0200] "POST /juddi-gui/ajax/search.jsp HTTP/1.1" 200 51
0:0:0:0:0:0:0:1 - - [19/Oct/2016:08:26:43 -0200] "GET /juddi-gui/search.jsp HTTP/1.1" 200 46920
0:0:0:0:0:0:0:1 - - [19/Oct/2016:08:26:43 -0200] "GET /juddi-gui/js/i18n.js.jsp HTTP/1.1" 200 3014
127.0.0.1 - - [19/Oct/2016:08:26:43 -0200] "POST /juddiv3/services/inquiry HTTP/1.1" 200 3017
0:0:0:0:0:0:0:1 - - [19/Oct/2016:08:26:43 -0200] "GET /juddi-gui/ajax/tmodelsearch.jsp?keyword=%25&offset=0&maxrecords=10&lang=&chooser=undefined&_=1476872803795 HTTP/1.1" 200 2375
127.0.0.1 - - [19/Oct/2016:08:26:50 -0200] "POST /juddiv3/services/inquiry HTTP/1.1" 200 905
0:0:0:0:0:0:0:1 - - [19/Oct/2016:08:26:50 -0200] "POST /juddi-gui/ajax/search.jsp HTTP/1.1" 200 180
0:0:0:0:0:0:0:1 - - [19/Oct/2016:08:26:56 -0200] "GET /juddi-gui/serviceBrowse.jsp HTTP/1.1" 200 21330
0:0:0:0:0:0:0:1 - - [19/Oct/2016:08:26:56 -0200] "GET /juddi-gui/js/i18n.js.jsp HTTP/1.1" 200 3014
127.0.0.1 - - [19/Oct/2016:08:26:56 -0200] "POST /juddiv3/services/inquiry HTTP/1.1" 200 3425
0:0:0:0:0:0:0:1 - - [19/Oct/2016:08:26:56 -0200] "GET /juddi-gui/ajax/servicesearch.jsp?keyword=%25&offset=%5Bobject%20HTMLSpanElement%5D&maxrecords=20&lang=&_=1476872816180 HTTP/1.1" 200 5882
127.0.0.1 - - [19/Oct/2016:08:26:57 -0200] "POST /juddiv3/services/inquiry HTTP/1.1" 200 2937
0:0:0:0:0:0:0:1 - - [19/Oct/2016:08:26:57 -0200] "GET /juddi-gui/serviceEditor.jsp?id=uddi:das.ufsc.br:service_cepservicesoapservice HTTP/1.1" 200 45544
0:0:0:0:0:0:0:1 - - [19/Oct/2016:08:26:57 -0200] "GET /juddi-gui/js/i18n.js.jsp HTTP/1.1" 200 3014
127.0.0.1 - - [19/Oct/2016:08:26:57 -0200] "POST /juddiv3/services/inquiry HTTP/1.1" 200 926
0:0:0:0:0:0:0:1 - - [19/Oct/2016:08:26:57 -0200] "GET /juddi-gui/ajax/opInfo.jsp?id=uddi:das.ufsc.br:service_cepservicesoapservice HTTP/1.1" 200 425
127.0.0.1 - - [19/Oct/2016:08:26:57 -0200] "POST /juddiv3/services/inquiry HTTP/1.1" 200 3017
0:0:0:0:0:0:0:1 - - [19/Oct/2016:08:26:57 -0200] "GET /juddi-gui/ajax/tmodelsearch.jsp?keyword=%25&offset=0&maxrecords=10&lang=&chooser=undefined&_=1476872817783 HTTP/1.1" 200 2375
127.0.0.1 - - [19/Oct/2016:08:27:14 -0200] "POST /juddiv3/services/inquiry HTTP/1.1" 200 641
0:0:0:0:0:0:0:1 - - [19/Oct/2016:08:27:14 -0200] "GET /juddi-gui/tmodelEditor.jsp?id=uddi%3Adas.ufsc.br%3Acategoria_servico HTTP/1.1" 200 40735
0:0:0:0:0:0:0:1 - - [19/Oct/2016:08:27:14 -0200] "GET /juddi-gui/js/i18n.js.jsp HTTP/1.1" 200 3014
127.0.0.1 - - [19/Oct/2016:08:27:14 -0200] "POST /juddiv3/services/inquiry HTTP/1.1" 200 914
0:0:0:0:0:0:0:1 - - [19/Oct/2016:08:27:14 -0200] "GET /juddi-gui/ajax/opInfo.jsp?id=uddi:das.ufsc.br:categoria_servico HTTP/1.1" 200 413
127.0.0.1 - - [19/Oct/2016:08:27:14 -0200] "POST /juddiv3/services/inquiry HTTP/1.1" 200 3017
0:0:0:0:0:0:0:1 - - [19/Oct/2016:08:27:14 -0200] "GET /juddi-gui/ajax/tmodelsearch.jsp?keyword=%25&offset=0&maxrecords=10&lang=&chooser=undefined&_=1476872834705 HTTP/1.1" 200 2375
127.0.0.1 - - [19/Oct/2016:08:27:20 -0200] "POST /juddiv3/services/inquiry HTTP/1.1" 200 2937
0:0:0:0:0:0:0:1 - - [19/Oct/2016:08:27:20 -0200] "GET /juddi-gui/serviceEditor.jsp?id=uddi:das.ufsc.br:service_cepservicesoapservice HTTP/1.1" 200 45544
127.0.0.1 - - [19/Oct/2016:08:27:20 -0200] "POST /juddiv3/services/inquiry HTTP/1.1" 200 3017
0:0:0:0:0:0:0:1 - - [19/Oct/2016:08:27:20 -0200] "GET /juddi-gui/ajax/tmodelsearch.jsp?keyword=%25&offset=0&maxrecords=10&lang=&chooser=undefined&_=1476872840128 HTTP/1.1" 200 2375
127.0.0.1 - - [19/Oct/2016:08:27:35 -0200] "POST /juddiv3/services/inquiry HTTP/1.1" 200 2937
127.0.0.1 - - [19/Oct/2016:08:27:35 -0200] "POST /juddiv3/services/publish HTTP/1.1" 500 782
0:0:0:0:0:0:0:1 - - [19/Oct/2016:08:27:35 -0200] "POST /juddi-gui/ajax/saveservicedetails.jsp HTTP/1.1" 406 130
127.0.0.1 - - [19/Oct/2016:08:27:45 -0200] "POST /juddiv3/services/security HTTP/1.1" 200 581
0:0:0:0:0:0:0:1 - - [19/Oct/2016:08:27:45 -0200] "POST /juddi-gui/ajax/loginpost.jsp HTTP/1.1" 200 18
0:0:0:0:0:0:0:1 - - [19/Oct/2016:08:27:45 -0200] "GET /juddi-gui/login.jsp HTTP/1.1" 200 931
127.0.0.1 - - [19/Oct/2016:08:27:51 -0200] "POST /juddiv3/services/inquiry HTTP/1.1" 200 2937
127.0.0.1 - - [19/Oct/2016:08:27:51 -0200] "POST /juddiv3/services/publish HTTP/1.1" 200 2818
0:0:0:0:0:0:0:1 - - [19/Oct/2016:08:27:51 -0200] "POST /juddi-gui/ajax/saveservicedetails.jsp HTTP/1.1" 200 152
0:0:0:0:0:0:0:1 - - [19/Oct/2016:08:27:59 -0200] "GET /juddi-gui/tmodelBrowse.jsp HTTP/1.1" 200 21082
0:0:0:0:0:0:0:1 - - [19/Oct/2016:08:27:59 -0200] "GET /juddi-gui/js/i18n.js.jsp HTTP/1.1" 200 3014
127.0.0.1 - - [19/Oct/2016:08:27:59 -0200] "POST /juddiv3/services/inquiry HTTP/1.1" 200 3017
127.0.0.1 - - [19/Oct/2016:08:27:59 -0200] "POST /juddiv3/services/inquiry HTTP/1.1" 200 3017
0:0:0:0:0:0:0:1 - - [19/Oct/2016:08:27:59 -0200] "GET /juddi-gui/ajax/tmodelsearch.jsp?keyword=%25&offset=0&maxrecords=10&lang=&chooser=false&_=1476872879526 HTTP/1.1" 200 2375
0:0:0:0:0:0:0:1 - - [19/Oct/2016:08:27:59 -0200] "GET /juddi-gui/ajax/tmodelsearch.jsp?keyword=%25&offset=0&maxrecords=10&lang=&chooser=undefined&_=1476872879525 HTTP/1.1" 200 2375
127.0.0.1 - - [19/Oct/2016:08:28:04 -0200] "POST /juddiv3/services/inquiry HTTP/1.1" 200 641
0:0:0:0:0:0:0:1 - - [19/Oct/2016:08:28:04 -0200] "GET /juddi-gui/tmodelEditor.jsp?id=uddi:das.ufsc.br:categoria_servico HTTP/1.1" 200 40537
0:0:0:0:0:0:0:1 - - [19/Oct/2016:08:28:04 -0200] "GET /juddi-gui/js/i18n.js.jsp HTTP/1.1" 200 3014
127.0.0.1 - - [19/Oct/2016:08:28:04 -0200] "POST /juddiv3/services/inquiry HTTP/1.1" 200 914
0:0:0:0:0:0:0:1 - - [19/Oct/2016:08:28:04 -0200] "GET /juddi-gui/ajax/opInfo.jsp?id=uddi:das.ufsc.br:categoria_servico HTTP/1.1" 200 413
127.0.0.1 - - [19/Oct/2016:08:28:04 -0200] "POST /juddiv3/services/inquiry HTTP/1.1" 200 3017
0:0:0:0:0:0:0:1 - - [19/Oct/2016:08:28:04 -0200] "GET /juddi-gui/ajax/tmodelsearch.jsp?keyword=%25&offset=0&maxrecords=10&lang=&chooser=undefined&_=1476872884385 HTTP/1.1" 200 2375
127.0.0.1 - - [19/Oct/2016:08:28:21 -0200] "POST /juddiv3/services/publish HTTP/1.1" 200 98
0:0:0:0:0:0:0:1 - - [19/Oct/2016:08:28:21 -0200] "POST /juddi-gui/ajax/deletetmodel.jsp?id=uddi:das.ufsc.br:categoria_servico HTTP/1.1" 200 40
0:0:0:0:0:0:0:1 - - [19/Oct/2016:08:28:38 -0200] "GET /juddi-gui/tmodelBrowse.jsp HTTP/1.1" 200 21082
0:0:0:0:0:0:0:1 - - [19/Oct/2016:08:28:38 -0200] "GET /juddi-gui/js/i18n.js.jsp HTTP/1.1" 200 3014
127.0.0.1 - - [19/Oct/2016:08:28:38 -0200] "POST /juddiv3/services/inquiry HTTP/1.1" 200 3155
0:0:0:0:0:0:0:1 - - [19/Oct/2016:08:28:38 -0200] "GET /juddi-gui/ajax/tmodelsearch.jsp?keyword=%25&offset=0&maxrecords=10&lang=&chooser=false&_=1476872918507 HTTP/1.1" 200 2474
127.0.0.1 - - [19/Oct/2016:08:28:38 -0200] "POST /juddiv3/services/inquiry HTTP/1.1" 200 3155
0:0:0:0:0:0:0:1 - - [19/Oct/2016:08:28:38 -0200] "GET /juddi-gui/ajax/tmodelsearch.jsp?keyword=%25&offset=0&maxrecords=10&lang=&chooser=undefined&_=1476872918506 HTTP/1.1" 200 2474
